NexButton.c:12:6:NexButton_create	32	static
NexButton.c:18:10:NexButton_getText	48	dynamic
NexButton.c:28:6:NexButton_setText	40	dynamic
NexButton.c:37:10:NexButton_Get_background_color_bco	40	dynamic
NexButton.c:46:6:NexButton_Set_background_color_bco	48	dynamic
NexButton.c:62:10:NexButton_Get_press_background_color_bco2	40	dynamic
NexButton.c:71:6:NexButton_Set_press_background_color_bco2	48	dynamic
NexButton.c:88:10:NexButton_Get_font_color_pco	40	dynamic
NexButton.c:97:6:NexButton_Set_font_color_pco	48	dynamic
NexButton.c:114:10:NexButton_Get_press_font_color_pco2	40	dynamic
NexButton.c:123:6:NexButton_Set_press_font_color_pco2	48	dynamic
NexButton.c:139:10:NexButton_Get_place_xcen	32	dynamic
NexButton.c:147:6:NexButton_Set_place_xcen	48	dynamic
NexButton.c:163:10:NexButton_Get_place_ycen	32	dynamic
NexButton.c:171:6:NexButton_Set_place_ycen	48	dynamic
NexButton.c:187:10:NexButton_getFont	32	dynamic
NexButton.c:195:6:NexButton_setFont	48	dynamic
NexButton.c:211:10:NexButton_Get_background_cropi_picc	32	dynamic
NexButton.c:219:6:NexButton_Set_background_crop_picc	48	dynamic
NexButton.c:235:10:NexButton_Get_press_background_crop_picc2	32	dynamic
NexButton.c:243:6:NexButton_Set_press_background_crop_picc2	48	dynamic
NexButton.c:259:10:NexButton_Get_background_image_pic	32	dynamic
NexButton.c:267:6:NexButton_Set_background_image_pic	48	dynamic
NexButton.c:283:10:NexButton_Get_press_background_image_pic2	32	dynamic
NexButton.c:292:6:NexButton_Set_press_background_image_pic2	48	dynamic
