Archive member included to satisfy reference by file (symbol)

c:/st/stm32cubeide_1.6.1/stm32cubeide/plugins/com.st.stm32cube.ide.mcu.externaltools.gnu-tools-for-stm32.9-2020-q2-update.win32_1.5.0.202011040924/tools/bin/../lib/gcc/arm-none-eabi/9.3.1/../../../../arm-none-eabi/lib/thumb/v7e-m+fp/hard\libc_nano.a(lib_a-errno.o)
                              Core/Src/syscalls.o (__errno)
c:/st/stm32cubeide_1.6.1/stm32cubeide/plugins/com.st.stm32cube.ide.mcu.externaltools.gnu-tools-for-stm32.9-2020-q2-update.win32_1.5.0.202011040924/tools/bin/../lib/gcc/arm-none-eabi/9.3.1/../../../../arm-none-eabi/lib/thumb/v7e-m+fp/hard\libc_nano.a(lib_a-exit.o)
                              c:/st/stm32cubeide_1.6.1/stm32cubeide/plugins/com.st.stm32cube.ide.mcu.externaltools.gnu-tools-for-stm32.9-2020-q2-update.win32_1.5.0.202011040924/tools/bin/../lib/gcc/arm-none-eabi/9.3.1/../../../../arm-none-eabi/lib/thumb/v7e-m+fp/hard/crt0.o (exit)
c:/st/stm32cubeide_1.6.1/stm32cubeide/plugins/com.st.stm32cube.ide.mcu.externaltools.gnu-tools-for-stm32.9-2020-q2-update.win32_1.5.0.202011040924/tools/bin/../lib/gcc/arm-none-eabi/9.3.1/../../../../arm-none-eabi/lib/thumb/v7e-m+fp/hard\libc_nano.a(lib_a-impure.o)
                              c:/st/stm32cubeide_1.6.1/stm32cubeide/plugins/com.st.stm32cube.ide.mcu.externaltools.gnu-tools-for-stm32.9-2020-q2-update.win32_1.5.0.202011040924/tools/bin/../lib/gcc/arm-none-eabi/9.3.1/../../../../arm-none-eabi/lib/thumb/v7e-m+fp/hard\libc_nano.a(lib_a-exit.o) (_global_impure_ptr)
c:/st/stm32cubeide_1.6.1/stm32cubeide/plugins/com.st.stm32cube.ide.mcu.externaltools.gnu-tools-for-stm32.9-2020-q2-update.win32_1.5.0.202011040924/tools/bin/../lib/gcc/arm-none-eabi/9.3.1/../../../../arm-none-eabi/lib/thumb/v7e-m+fp/hard\libc_nano.a(lib_a-init.o)
                              c:/st/stm32cubeide_1.6.1/stm32cubeide/plugins/com.st.stm32cube.ide.mcu.externaltools.gnu-tools-for-stm32.9-2020-q2-update.win32_1.5.0.202011040924/tools/bin/../lib/gcc/arm-none-eabi/9.3.1/../../../../arm-none-eabi/lib/thumb/v7e-m+fp/hard/crt0.o (__libc_init_array)
c:/st/stm32cubeide_1.6.1/stm32cubeide/plugins/com.st.stm32cube.ide.mcu.externaltools.gnu-tools-for-stm32.9-2020-q2-update.win32_1.5.0.202011040924/tools/bin/../lib/gcc/arm-none-eabi/9.3.1/../../../../arm-none-eabi/lib/thumb/v7e-m+fp/hard\libc_nano.a(lib_a-malloc.o)
                              Drivers/AHT10/AHT10.o (malloc)
c:/st/stm32cubeide_1.6.1/stm32cubeide/plugins/com.st.stm32cube.ide.mcu.externaltools.gnu-tools-for-stm32.9-2020-q2-update.win32_1.5.0.202011040924/tools/bin/../lib/gcc/arm-none-eabi/9.3.1/../../../../arm-none-eabi/lib/thumb/v7e-m+fp/hard\libc_nano.a(lib_a-memcpy-stub.o)
                              Drivers/SERIAL/USBSerial/cdc_queue.o (memcpy)
c:/st/stm32cubeide_1.6.1/stm32cubeide/plugins/com.st.stm32cube.ide.mcu.externaltools.gnu-tools-for-stm32.9-2020-q2-update.win32_1.5.0.202011040924/tools/bin/../lib/gcc/arm-none-eabi/9.3.1/../../../../arm-none-eabi/lib/thumb/v7e-m+fp/hard\libc_nano.a(lib_a-memset.o)
                              c:/st/stm32cubeide_1.6.1/stm32cubeide/plugins/com.st.stm32cube.ide.mcu.externaltools.gnu-tools-for-stm32.9-2020-q2-update.win32_1.5.0.202011040924/tools/bin/../lib/gcc/arm-none-eabi/9.3.1/../../../../arm-none-eabi/lib/thumb/v7e-m+fp/hard/crt0.o (memset)
c:/st/stm32cubeide_1.6.1/stm32cubeide/plugins/com.st.stm32cube.ide.mcu.externaltools.gnu-tools-for-stm32.9-2020-q2-update.win32_1.5.0.202011040924/tools/bin/../lib/gcc/arm-none-eabi/9.3.1/../../../../arm-none-eabi/lib/thumb/v7e-m+fp/hard\libc_nano.a(lib_a-nano-freer.o)
                              c:/st/stm32cubeide_1.6.1/stm32cubeide/plugins/com.st.stm32cube.ide.mcu.externaltools.gnu-tools-for-stm32.9-2020-q2-update.win32_1.5.0.202011040924/tools/bin/../lib/gcc/arm-none-eabi/9.3.1/../../../../arm-none-eabi/lib/thumb/v7e-m+fp/hard\libc_nano.a(lib_a-malloc.o) (_free_r)
c:/st/stm32cubeide_1.6.1/stm32cubeide/plugins/com.st.stm32cube.ide.mcu.externaltools.gnu-tools-for-stm32.9-2020-q2-update.win32_1.5.0.202011040924/tools/bin/../lib/gcc/arm-none-eabi/9.3.1/../../../../arm-none-eabi/lib/thumb/v7e-m+fp/hard\libc_nano.a(lib_a-nano-mallocr.o)
                              c:/st/stm32cubeide_1.6.1/stm32cubeide/plugins/com.st.stm32cube.ide.mcu.externaltools.gnu-tools-for-stm32.9-2020-q2-update.win32_1.5.0.202011040924/tools/bin/../lib/gcc/arm-none-eabi/9.3.1/../../../../arm-none-eabi/lib/thumb/v7e-m+fp/hard\libc_nano.a(lib_a-malloc.o) (_malloc_r)
c:/st/stm32cubeide_1.6.1/stm32cubeide/plugins/com.st.stm32cube.ide.mcu.externaltools.gnu-tools-for-stm32.9-2020-q2-update.win32_1.5.0.202011040924/tools/bin/../lib/gcc/arm-none-eabi/9.3.1/../../../../arm-none-eabi/lib/thumb/v7e-m+fp/hard\libc_nano.a(lib_a-sbrkr.o)
[...]
Memory Configuration

Name             Origin             Length             Attributes
RAM              0x0000000020000000 0x0000000000020000 xrw
FLASH            0x0000000008000000 0x0000000000080000 xr
*default*        0x0000000000000000 0xffffffffffffffff

Linker script and memory map

LOAD c:/st/stm32cubeide_1.6.1/stm32cubeide/plugins/com.st.stm32cube.ide.mcu.externaltools.gnu-tools-for-stm32.9-2020-q2-update.win32_1.5.0.202011040924/tools/bin/../lib/gcc/arm-none-eabi/9.3.1/thumb/v7e-m+fp/hard/crti.o
LOAD c:/st/stm32cubeide_1.6.1/stm32cubeide/plugins/com.st.stm32cube.ide.mcu.externaltools.gnu-tools-for-stm32.9-2020-q2-update.win32_1.5.0.202011040924/tools/bin/../lib/gcc/arm-none-eabi/9.3.1/thumb/v7e-m+fp/hard/crtbegin.o
LOAD c:/st/stm32cubeide_1.6.1/stm32cubeide/plugins/com.st.stm32cube.ide.mcu.externaltools.gnu-tools-for-stm32.9-2020-q2-update.win32_1.5.0.202011040924/tools/bin/../lib/gcc/arm-none-eabi/9.3.1/../../../../arm-none-eabi/lib/thumb/v7e-m+fp/hard/crt0.o
LOAD Core/Src/main.o
LOAD Core/Src/stm32f4xx_hal_msp.o
LOAD Core/Src/stm32f4xx_it.o
LOAD Core/Src/syscalls.o
LOAD Core/Src/sysmem.o
LOAD Core/Src/system_stm32f4xx.o
LOAD Core/Startup/startup_stm32f411ceux.o
LOAD Drivers/AHT10/AHT10.o
LOAD Drivers/BASIC_IO/micro_delay.o
LOAD Drivers/E32_915T30D/E32_915T30.o
LOAD Drivers/HX710B/HX710B.o
LOAD Drivers/SERIAL/HALSerial.o
LOAD Drivers/SERIAL/Print.o
LOAD Drivers/SERIAL/Stream.o
LOAD Drivers/SERIAL/USBSerial/SerialUSB.o
LOAD Drivers/SERIAL/USBSerial/cdc_queue.o
LOAD Drivers/STM32F4xx_HAL_Driver/Src/stm32f4xx_hal.o
LOAD Drivers/STM32F4xx_HAL_Driver/Src/stm32f4xx_hal_cortex.o
LOAD Drivers/STM32F4xx_HAL_Driver/Src/stm32f4xx_hal_dma.o
LOAD Drivers/STM32F4xx_HAL_Driver/Src/stm32f4xx_hal_dma_ex.o
LOAD Drivers/STM32F4xx_HAL_Driver/Src/stm32f4xx_hal_exti.o
LOAD Drivers/STM32F4xx_HAL_Driver/Src/stm32f4xx_hal_flash.o
LOAD Drivers/STM32F4xx_HAL_Driver/Src/stm32f4xx_hal_flash_ex.o
LOAD Drivers/STM32F4xx_HAL_Driver/Src/stm32f4xx_hal_flash_ramfunc.o
LOAD Drivers/STM32F4xx_HAL_Driver/Src/stm32f4xx_hal_gpio.o
LOAD Drivers/STM32F4xx_HAL_Driver/Src/stm32f4xx_hal_i2c.o
LOAD Drivers/STM32F4xx_HAL_Driver/Src/stm32f4xx_hal_i2c_ex.o
LOAD Drivers/STM32F4xx_HAL_Driver/Src/stm32f4xx_hal_pcd.o
LOAD Drivers/STM32F4xx_HAL_Driver/Src/stm32f4xx_hal_pcd_ex.o
LOAD Drivers/STM32F4xx_HAL_Driver/Src/stm32f4xx_hal_pwr.o
LOAD Drivers/STM32F4xx_HAL_Driver/Src/stm32f4xx_hal_pwr_ex.o
LOAD Drivers/STM32F4xx_HAL_Driver/Src/stm32f4xx_hal_rcc.o
LOAD Drivers/STM32F4xx_HAL_Driver/Src/stm32f4xx_hal_rcc_ex.o
LOAD Drivers/STM32F4xx_HAL_Driver/Src/stm32f4xx_hal_rtc.o
LOAD Drivers/STM32F4xx_HAL_Driver/Src/stm32f4xx_hal_rtc_ex.o
LOAD Drivers/STM32F4xx_HAL_Driver/Src/stm32f4xx_hal_tim.o
LOAD Drivers/STM32F4xx_HAL_Driver/Src/stm32f4xx_hal_tim_ex.o
LOAD Drivers/STM32F4xx_HAL_Driver/Src/stm32f4xx_hal_uart.o
LOAD Drivers/STM32F4xx_HAL_Driver/Src/stm32f4xx_ll_usb.o
LOAD Drivers/Soft_I2C/soft_i2c.o
LOAD Middlewares/ST/STM32_USB_Device_Library/Class/CDC/Src/usbd_cdc.o
LOAD Middlewares/ST/STM32_USB_Device_Library/Core/Src/usbd_core.o
LOAD Middlewares/ST/STM32_USB_Device_Library/Core/Src/usbd_ctlreq.o
LOAD Middlewares/ST/STM32_USB_Device_Library/Core/Src/usbd_ioreq.o
LOAD USB_DEVICE/App/usb_device.o
LOAD USB_DEVICE/App/usbd_cdc_if.o
LOAD USB_DEVICE/App/usbd_desc.o
LOAD USB_DEVICE/Target/usbd_conf.o
START GROUP
LOAD c:/st/stm32cubeide_1.6.1/stm32cubeide/plugins/com.st.stm32cube.ide.mcu.externaltools.gnu-tools-for-stm32.9-2020-q2-update.win32_1.5.0.202011040924/tools/bin/../lib/gcc/arm-none-eabi/9.3.1/../../../../arm-none-eabi/lib/thumb/v7e-m+fp/hard\libc_nano.a
LOAD c:/st/stm32cubeide_1.6.1/stm32cubeide/plugins/com.st.stm32cube.ide.mcu.externaltools.gnu-tools-for-stm32.9-2020-q2-update.win32_1.5.0.202011040924/tools/bin/../lib/gcc/arm-none-eabi/9.3.1/../../../../arm-none-eabi/lib/thumb/v7e-m+fp/hard\libm.a
END GROUP
START GROUP
LOAD c:/st/stm32cubeide_1.6.1/stm32cubeide/plugins/com.st.stm32cube.ide.mcu.externaltools.gnu-tools-for-stm32.9-2020-q2-update.win32_1.5.0.202011040924/tools/bin/../lib/gcc/arm-none-eabi/9.3.1/thumb/v7e-m+fp/hard\libgcc.a
LOAD c:/st/stm32cubeide_1.6.1/stm32cubeide/plugins/com.st.stm32cube.ide.mcu.externaltools.gnu-tools-for-stm32.9-2020-q2-update.win32_1.5.0.202011040924/tools/bin/../lib/gcc/arm-none-eabi/9.3.1/../../../../arm-none-eabi/lib/thumb/v7e-m+fp/hard\libc_nano.a
END GROUP
START GROUP
LOAD c:/st/stm32cubeide_1.6.1/stm32cubeide/plugins/com.st.stm32cube.ide.mcu.externaltools.gnu-tools-for-stm32.9-2020-q2-update.win32_1.5.0.202011040924/tools/bin/../lib/gcc/arm-none-eabi/9.3.1/thumb/v7e-m+fp/hard\libgcc.a
LOAD c:/st/stm32cubeide_1.6.1/stm32cubeide/plugins/com.st.stm32cube.ide.mcu.externaltools.gnu-tools-for-stm32.9-2020-q2-update.win32_1.5.0.202011040924/tools/bin/../lib/gcc/arm-none-eabi/9.3.1/../../../../arm-none-eabi/lib/thumb/v7e-m+fp/hard\libc_nano.a
LOAD c:/st/stm32cubeide_1.6.1/stm32cubeide/plugins/com.st.stm32cube.ide.mcu.externaltools.gnu-tools-for-stm32.9-2020-q2-update.win32_1.5.0.202011040924/tools/bin/../lib/gcc/arm-none-eabi/9.3.1/../../../../arm-none-eabi/lib/thumb/v7e-m+fp/hard\libnosys.a
END GROUP
START GROUP
LOAD c:/st/stm32cubeide_1.6.1/stm32cubeide/plugins/com.st.stm32cube.ide.mcu.externaltools.gnu-tools-for-stm32.9-2020-q2-update.win32_1.5.0.202011040924/tools/bin/../lib/gcc/arm-none-eabi/9.3.1/thumb/v7e-m+fp/hard\libgcc.a
LOAD c:/st/stm32cubeide_1.6.1/stm32cubeide/plugins/com.st.stm32cube.ide.mcu.externaltools.gnu-tools-for-stm32.9-2020-q2-update.win32_1.5.0.202011040924/tools/bin/../lib/gcc/arm-none-eabi/9.3.1/../../../../arm-none-eabi/lib/thumb/v7e-m+fp/hard\libc_nano.a
LOAD c:/st/stm32cubeide_1.6.1/stm32cubeide/plugins/com.st.stm32cube.ide.mcu.externaltools.gnu-tools-for-stm32.9-2020-q2-update.win32_1.5.0.202011040924/tools/bin/../lib/gcc/arm-none-eabi/9.3.1/../../../../arm-none-eabi/lib/thumb/v7e-m+fp/hard\libnosys.a
END GROUP
LOAD c:/st/stm32cubeide_1.6.1/stm32cubeide/plugins/com.st.stm32cube.ide.mcu.externaltools.gnu-tools-for-stm32.9-2020-q2-update.win32_1.5.0.202011040924/tools/bin/../lib/gcc/arm-none-eabi/9.3.1/thumb/v7e-m+fp/hard/crtend.o
LOAD c:/st/stm32cubeide_1.6.1/stm32cubeide/plugins/com.st.stm32cube.ide.mcu.externaltools.gnu-tools-for-stm32.9-2020-q2-update.win32_1.5.0.202011040924/tools/bin/../lib/gcc/arm-none-eabi/9.3.1/thumb/v7e-m+fp/hard/crtn.o
                0x0000000020020000                _estack = (ORIGIN (RAM) + LENGTH (RAM))
                0x0000000000000200                _Min_Heap_Size = 0x200
                0x0000000000000400                _Min_Stack_Size = 0x400

.isr_vector     0x0000000008000000      0x198
                0x0000000008000000                . = ALIGN (0x4)
 *(.isr_vector)
 .isr_vector    0x0000000008000000      0x198 Core/Startup/startup_stm32f411ceux.o
                0x0000000008000000                g_pfnVectors
                0x0000000008000198                . = ALIGN (0x4)

.text           0x00000000080001a0     0xb878
                0x00000000080001a0                . = ALIGN (0x4)
 *(.text)
 .text          0x00000000080001a0       0x40 c:/st/stm32cubeide_1.6.1/stm32cubeide/plugins/com.st.stm32cube.ide.mcu.externaltools.gnu-tools-for-stm32.9-2020-q2-update.win32_1.5.0.202011040924/tools/bin/../lib/gcc/arm-none-eabi/9.3.1/thumb/v7e-m+fp/hard/crtbegin.o
 .text          0x00000000080001e0       0x10 c:/st/stm32cubeide_1.6.1/stm32cubeide/plugins/com.st.stm32cube.ide.mcu.externaltools.gnu-tools-for-stm32.9-2020-q2-update.win32_1.5.0.202011040924/tools/bin/../lib/gcc/arm-none-eabi/9.3.1/../../../../arm-none-eabi/lib/thumb/v7e-m+fp/hard\libc_nano.a(lib_a-strlen.o)
                0x00000000080001e0                strlen
 .text          0x00000000080001f0       0xa0 c:/st/stm32cubeide_1.6.1/stm32cubeide/plugins/com.st.stm32cube.ide.mcu.externaltools.gnu-tools-for-stm32.9-2020-q2-update.win32_1.5.0.202011040924/tools/bin/../lib/gcc/arm-none-eabi/9.3.1/../../../../arm-none-eabi/lib/thumb/v7e-m+fp/hard\libc_nano.a(lib_a-memchr.o)
                0x00000000080001f0                memchr
 .text          0x0000000008000290       0x30 c:/st/stm32cubeide_1.6.1/stm32cubeide/plugins/com.st.stm32cube.ide.mcu.externaltools.gnu-tools-for-stm32.9-2020-q2-update.win32_1.5.0.202011040924/tools/bin/../lib/gcc/arm-none-eabi/9.3.1/thumb/v7e-m+fp/hard\libgcc.a(_aeabi_uldivmod.o)
                0x0000000008000290                __aeabi_uldivmod
 .text          0x00000000080002c0      0x2c4 c:/st/stm32cubeide_1.6.1/stm32cubeide/plugins/com.st.stm32cube.ide.mcu.externaltools.gnu-tools-for-stm32.9-2020-q2-update.win32_1.5.0.202011040924/tools/bin/../lib/gcc/arm-none-eabi/9.3.1/thumb/v7e-m+fp/hard\libgcc.a(_udivmoddi4.o)
                0x00000000080002c0                __udivmoddi4
 .text          0x0000000008000584        0x4 c:/st/stm32cubeide_1.6.1/stm32cubeide/plugins/com.st.stm32cube.ide.mcu.externaltools.gnu-tools-for-stm32.9-2020-q2-update.win32_1.5.0.202011040924/tools/bin/../lib/gcc/arm-none-eabi/9.3.1/thumb/v7e-m+fp/hard\libgcc.a(_dvmd_tls.o)
                0x0000000008000584                __aeabi_idiv0
                0x0000000008000584                __aeabi_ldiv0
 *(.text*)
 .text.digitalToggle
                0x0000000008000588       0x20 Core/Src/main.o
 .text.ftoa     0x00000000080005a8      0x1f8 Core/Src/main.o
                0x00000000080005a8                ftoa
 .text.main     0x00000000080007a0      0x280 Core/Src/main.o
                0x00000000080007a0                main
 .text.SystemClock_Config
                0x0000000008000a20      0x104 Core/Src/main.o
                0x0000000008000a20                SystemClock_Config
 .text.MX_I2C1_Init
                0x0000000008000b24       0x5c Core/Src/main.o
 .text.MX_RTC_Init
                0x0000000008000b80       0x4c Core/Src/main.o
 .text.MX_TIM1_Init
                0x0000000008000bcc       0xa0 Core/Src/main.o
 .text.MX_USART1_UART_Init
                0x0000000008000c6c       0x54 Core/Src/main.o
 .text.MX_GPIO_Init
                0x0000000008000cc0      0x108 Core/Src/main.o
 .text.Error_Handler
                0x0000000008000dc8        0xa Core/Src/main.o
                0x0000000008000dc8                Error_Handler
 *fill*         0x0000000008000dd2        0x2 
 .text.HAL_MspInit
                0x0000000008000dd4       0x50 Core/Src/stm32f4xx_hal_msp.o
                0x0000000008000dd4                HAL_MspInit
 .text.HAL_I2C_MspInit
                0x0000000008000e24       0x90 Core/Src/stm32f4xx_hal_msp.o
                0x0000000008000e24                HAL_I2C_MspInit
 .text.HAL_RTC_MspInit
                0x0000000008000eb4       0x2c Core/Src/stm32f4xx_hal_msp.o
                0x0000000008000eb4                HAL_RTC_MspInit
 .text.HAL_TIM_Base_MspInit
                0x0000000008000ee0       0x44 Core/Src/stm32f4xx_hal_msp.o
                0x0000000008000ee0                HAL_TIM_Base_MspInit
 .text.HAL_UART_MspInit
                0x0000000008000f24       0xa0 Core/Src/stm32f4xx_hal_msp.o
                0x0000000008000f24                HAL_UART_MspInit
 .text.HAL_UART_MspDeInit
                0x0000000008000fc4       0x44 Core/Src/stm32f4xx_hal_msp.o
                0x0000000008000fc4                HAL_UART_MspDeInit
 .text.NMI_Handler
                0x0000000008001008        0x6 Core/Src/stm32f4xx_it.o
                0x0000000008001008                NMI_Handler
 .text.HardFault_Handler
                0x000000000800100e        0x6 Core/Src/stm32f4xx_it.o
                0x000000000800100e                HardFault_Handler
 .text.MemManage_Handler
                0x0000000008001014        0x6 Core/Src/stm32f4xx_it.o
                0x0000000008001014                MemManage_Handler
 .text.BusFault_Handler
                0x000000000800101a        0x6 Core/Src/stm32f4xx_it.o
                0x000000000800101a                BusFault_Handler
 .text.UsageFault_Handler
                0x0000000008001020        0x6 Core/Src/stm32f4xx_it.o
                0x0000000008001020                UsageFault_Handler
 .text.SVC_Handler
                0x0000000008001026        0xe Core/Src/stm32f4xx_it.o
                0x0000000008001026                SVC_Handler
 .text.DebugMon_Handler
                0x0000000008001034        0xe Core/Src/stm32f4xx_it.o
                0x0000000008001034                DebugMon_Handler
 .text.PendSV_Handler
                0x0000000008001042        0xe Core/Src/stm32f4xx_it.o
                0x0000000008001042                PendSV_Handler
 .text.SysTick_Handler
                0x0000000008001050        0xc Core/Src/stm32f4xx_it.o
                0x0000000008001050                SysTick_Handler
 .text.USART1_IRQHandler
                0x000000000800105c       0x14 Core/Src/stm32f4xx_it.o
                0x000000000800105c                USART1_IRQHandler
 .text.OTG_FS_IRQHandler
                0x0000000008001070       0x14 Core/Src/stm32f4xx_it.o
                0x0000000008001070                OTG_FS_IRQHandler
 .text._sbrk    0x0000000008001084       0x6c Core/Src/sysmem.o
                0x0000000008001084                _sbrk
 .text.SystemInit
                0x00000000080010f0       0x24 Core/Src/system_stm32f4xx.o
                0x00000000080010f0                SystemInit
 .text.Reset_Handler
                0x0000000008001114       0x50 Core/Startup/startup_stm32f411ceux.o
                0x0000000008001114                Reset_Handler
 .text.Default_Handler
                0x0000000008001164        0x2 Core/Startup/startup_stm32f411ceux.o
                0x0000000008001164                RTC_Alarm_IRQHandler
                0x0000000008001164                EXTI2_IRQHandler
                0x0000000008001164                SPI4_IRQHandler
                0x0000000008001164                TIM1_CC_IRQHandler
                0x0000000008001164                DMA2_Stream5_IRQHandler
                0x0000000008001164                DMA1_Stream5_IRQHandler
                0x0000000008001164                PVD_IRQHandler
                0x0000000008001164                SDIO_IRQHandler
                0x0000000008001164                TAMP_STAMP_IRQHandler
                0x0000000008001164                EXTI3_IRQHandler
                0x0000000008001164                TIM1_UP_TIM10_IRQHandler
                0x0000000008001164                I2C3_ER_IRQHandler
                0x0000000008001164                EXTI0_IRQHandler
                0x0000000008001164                I2C2_EV_IRQHandler
                0x0000000008001164                DMA1_Stream2_IRQHandler
                0x0000000008001164                FPU_IRQHandler
                0x0000000008001164                DMA2_Stream2_IRQHandler
                0x0000000008001164                SPI1_IRQHandler
                0x0000000008001164                TIM1_BRK_TIM9_IRQHandler
                0x0000000008001164                DMA2_Stream3_IRQHandler
                0x0000000008001164                USART6_IRQHandler
                0x0000000008001164                DMA2_Stream0_IRQHandler
                0x0000000008001164                TIM4_IRQHandler
                0x0000000008001164                I2C1_EV_IRQHandler
                0x0000000008001164                DMA1_Stream6_IRQHandler
                0x0000000008001164                DMA1_Stream1_IRQHandler
                0x0000000008001164                TIM3_IRQHandler
                0x0000000008001164                RCC_IRQHandler
                0x0000000008001164                Default_Handler
                0x0000000008001164                EXTI15_10_IRQHandler
                0x0000000008001164                ADC_IRQHandler
                0x0000000008001164                DMA1_Stream7_IRQHandler
                0x0000000008001164                SPI5_IRQHandler
                0x0000000008001164                TIM5_IRQHandler
                0x0000000008001164                DMA2_Stream7_IRQHandler
                0x0000000008001164                I2C3_EV_IRQHandler
                0x0000000008001164                EXTI9_5_IRQHandler
                0x0000000008001164                RTC_WKUP_IRQHandler
                0x0000000008001164                SPI2_IRQHandler
                0x0000000008001164                DMA1_Stream0_IRQHandler
                0x0000000008001164                EXTI4_IRQHandler
                0x0000000008001164                WWDG_IRQHandler
                0x0000000008001164                TIM2_IRQHandler
                0x0000000008001164                OTG_FS_WKUP_IRQHandler
                0x0000000008001164                TIM1_TRG_COM_TIM11_IRQHandler
                0x0000000008001164                EXTI1_IRQHandler
                0x0000000008001164                USART2_IRQHandler
                0x0000000008001164                I2C2_ER_IRQHandler
                0x0000000008001164                DMA2_Stream1_IRQHandler
                0x0000000008001164                FLASH_IRQHandler
                0x0000000008001164                DMA2_Stream4_IRQHandler
                0x0000000008001164                SPI3_IRQHandler
                0x0000000008001164                DMA1_Stream4_IRQHandler
                0x0000000008001164                I2C1_ER_IRQHandler
                0x0000000008001164                DMA2_Stream6_IRQHandler
                0x0000000008001164                DMA1_Stream3_IRQHandler
 *fill*         0x0000000008001166        0x2 
 .text.AHT10_delay
                0x0000000008001168       0x2c Drivers/AHT10/AHT10.o
 .text.AHT10_getTick
                0x0000000008001194       0x24 Drivers/AHT10/AHT10.o
 .text.AHT10_read
                0x00000000080011b8       0x3c Drivers/AHT10/AHT10.o
 .text.AHT10_write
                0x00000000080011f4       0x3c Drivers/AHT10/AHT10.o
 .text.AHT10_detect
                0x0000000008001230       0x34 Drivers/AHT10/AHT10.o
 .text.AHT10_begin
                0x0000000008001264      0x112 Drivers/AHT10/AHT10.o
 *fill*         0x0000000008001376        0x2 
 .text.AHT10_getEvent
                0x0000000008001378      0x228 Drivers/AHT10/AHT10.o
 .text.AHT10_getStatus
                0x00000000080015a0       0x2c Drivers/AHT10/AHT10.o
 .text.AHT10_getTemperature
                0x00000000080015cc       0x1e Drivers/AHT10/AHT10.o
 .text.AHT10_getHumidity
                0x00000000080015ea       0x1e Drivers/AHT10/AHT10.o
 .text.delay_microsInit
                0x0000000008001608       0x54 Drivers/BASIC_IO/micro_delay.o
                0x0000000008001608                delay_microsInit
 .text.delay_microSeconds
                0x000000000800165c       0x68 Drivers/BASIC_IO/micro_delay.o
                0x000000000800165c                delay_microSeconds
 .text.digitalWrite
                0x00000000080016c4       0x26 Drivers/HX710B/HX710B.o
 .text.digitalRead
                0x00000000080016ea       0x22 Drivers/HX710B/HX710B.o
 .text.HX710BIsReady
                0x000000000800170c       0x90 Drivers/HX710B/HX710B.o
 .text.HX710BRead
                0x000000000800179c      0x118 Drivers/HX710B/HX710B.o
 .text.HX710BSetMode
                0x00000000080018b4       0x26 Drivers/HX710B/HX710B.o
 .text.HX710BInit
                0x00000000080018da       0x56 Drivers/HX710B/HX710B.o
 .text.Serial1_begin
                0x0000000008001930       0x74 Drivers/SERIAL/HALSerial.o
 .text.Serial1_setTimeout
                0x00000000080019a4       0x20 Drivers/SERIAL/HALSerial.o
 .text.Serial1_end
                0x00000000080019c4       0x14 Drivers/SERIAL/HALSerial.o
 .text.Serial1_available
                0x00000000080019d8       0x14 Drivers/SERIAL/HALSerial.o
 .text.Serial1_peek
                0x00000000080019ec       0x14 Drivers/SERIAL/HALSerial.o
 .text.Serial1_availableForWrite
                0x0000000008001a00       0x14 Drivers/SERIAL/HALSerial.o
 .text.Serial1_flush
                0x0000000008001a14       0x14 Drivers/SERIAL/HALSerial.o
 .text.Serial1_write
                0x0000000008001a28       0x24 Drivers/SERIAL/HALSerial.o
 .text.Serial1_puts
                0x0000000008001a4c       0x24 Drivers/SERIAL/HALSerial.o
 .text.Serial1_read
                0x0000000008001a70       0x14 Drivers/SERIAL/HALSerial.o
 .text.Serial1_readUntil
                0x0000000008001a84       0x28 Drivers/SERIAL/HALSerial.o
 .text.Serial1_readTimeout
                0x0000000008001aac       0x14 Drivers/SERIAL/HALSerial.o
 .text.Serial1_gets
                0x0000000008001ac0       0x24 Drivers/SERIAL/HALSerial.o
 .text.Serial1_print
                0x0000000008001ae4       0x44 Drivers/SERIAL/HALSerial.o
 .text.HAL_UART_RxCpltCallback
                0x0000000008001b28       0x44 Drivers/SERIAL/HALSerial.o
                0x0000000008001b28                HAL_UART_RxCpltCallback
 .text.HAL_UART_TxCpltCallback
                0x0000000008001b6c       0x30 Drivers/SERIAL/HALSerial.o
                0x0000000008001b6c                HAL_UART_TxCpltCallback
 .text.HALSerial__construct
                0x0000000008001b9c       0x38 Drivers/SERIAL/HALSerial.o
                0x0000000008001b9c                HALSerial__construct
 .text.HALSerial__rx_complete_irq
                0x0000000008001bd4       0x56 Drivers/SERIAL/HALSerial.o
 .text.HALSerial__tx_complete_irq
                0x0000000008001c2a       0x84 Drivers/SERIAL/HALSerial.o
 .text.HALSerial_begin
                0x0000000008001cae       0x42 Drivers/SERIAL/HALSerial.o
                0x0000000008001cae                HALSerial_begin
 .text.HALSerial_end
                0x0000000008001cf0       0x20 Drivers/SERIAL/HALSerial.o
                0x0000000008001cf0                HALSerial_end
 .text.HALSerial_available
                0x0000000008001d10       0x28 Drivers/SERIAL/HALSerial.o
                0x0000000008001d10                HALSerial_available
 .text.HALSerial_peek
                0x0000000008001d38       0x3a Drivers/SERIAL/HALSerial.o
                0x0000000008001d38                HALSerial_peek
 .text.HALSerial_read
                0x0000000008001d72       0x4c Drivers/SERIAL/HALSerial.o
                0x0000000008001d72                HALSerial_read
 .text.HALSerial_availableForWrite
                0x0000000008001dbe       0x3c Drivers/SERIAL/HALSerial.o
                0x0000000008001dbe                HALSerial_availableForWrite
 .text.HALSerial_flush
                0x0000000008001dfa       0x4e Drivers/SERIAL/HALSerial.o
                0x0000000008001dfa                HALSerial_flush
 .text.HALSerial_writeByte
                0x0000000008001e48       0x98 Drivers/SERIAL/HALSerial.o
                0x0000000008001e48                HALSerial_writeByte
 .text.HALSerial_write
                0x0000000008001ee0       0x50 Drivers/SERIAL/HALSerial.o
                0x0000000008001ee0                HALSerial_write
 .text.HALSerial_millis
                0x0000000008001f30       0x18 Drivers/SERIAL/HALSerial.o
                0x0000000008001f30                HALSerial_millis
 .text.HALSerial_delay
                0x0000000008001f48       0x1c Drivers/SERIAL/HALSerial.o
                0x0000000008001f48                HALSerial_delay
 .text.HALSerial_timedRead
                0x0000000008001f64       0x50 Drivers/SERIAL/HALSerial.o
                0x0000000008001f64                HALSerial_timedRead
 .text.HALSerial_readBytes
                0x0000000008001fb4       0x48 Drivers/SERIAL/HALSerial.o
                0x0000000008001fb4                HALSerial_readBytes
 .text.HALSerial_readBytesUntil
                0x0000000008001ffc       0x50 Drivers/SERIAL/HALSerial.o
                0x0000000008001ffc                HALSerial_readBytesUntil
 .text.Print___construct
                0x000000000800204c       0x1a Drivers/SERIAL/Print.o
                0x000000000800204c                Print___construct
 .text.Stream___construct
                0x0000000008002066       0x1e Drivers/SERIAL/Stream.o
                0x0000000008002066                Stream___construct
 .text.SerialUSB_begin
                0x0000000008002084        0xc Drivers/SERIAL/USBSerial/SerialUSB.o
 .text.SerialUSB_end
                0x0000000008002090        0xc Drivers/SERIAL/USBSerial/SerialUSB.o
 .text.SerialUSB_availableForWrite
                0x000000000800209c       0x14 Drivers/SERIAL/USBSerial/SerialUSB.o
 .text.SerialUSB_write
                0x00000000080020b0       0x1e Drivers/SERIAL/USBSerial/SerialUSB.o
 *fill*         0x00000000080020ce        0x2 
 .text.SerialUSB_puts
                0x00000000080020d0       0x6c Drivers/SERIAL/USBSerial/SerialUSB.o
 .text.SerialUSB_available
                0x000000000800213c       0x14 Drivers/SERIAL/USBSerial/SerialUSB.o
 .text.SerialUSB_read
                0x0000000008002150       0x20 Drivers/SERIAL/USBSerial/SerialUSB.o
 .text.SerialUSB_readbytes
                0x0000000008002170       0x68 Drivers/SERIAL/USBSerial/SerialUSB.o
 .text.SerialUSB_readBytesUntil
                0x00000000080021d8       0x84 Drivers/SERIAL/USBSerial/SerialUSB.o
 .text.SerialUSB_peek
                0x000000000800225c       0x14 Drivers/SERIAL/USBSerial/SerialUSB.o
 .text.SerialUSB_flush
                0x0000000008002270       0x1c Drivers/SERIAL/USBSerial/SerialUSB.o
 .text.CDC_TransmitQueue_Init
                0x000000000800228c       0x24 Drivers/SERIAL/USBSerial/cdc_queue.o
                0x000000000800228c                CDC_TransmitQueue_Init
 .text.CDC_TransmitQueue_WriteSize
                0x00000000080022b0       0x38 Drivers/SERIAL/USBSerial/cdc_queue.o
                0x00000000080022b0                CDC_TransmitQueue_WriteSize
 .text.CDC_TransmitQueue_ReadSize
                0x00000000080022e8       0x36 Drivers/SERIAL/USBSerial/cdc_queue.o
                0x00000000080022e8                CDC_TransmitQueue_ReadSize
 .text.CDC_TransmitQueue_Enqueue
                0x000000000800231e       0x8c Drivers/SERIAL/USBSerial/cdc_queue.o
                0x000000000800231e                CDC_TransmitQueue_Enqueue
 .text.CDC_TransmitQueue_ReadBlock
                0x00000000080023aa       0x6e Drivers/SERIAL/USBSerial/cdc_queue.o
                0x00000000080023aa                CDC_TransmitQueue_ReadBlock
 .text.CDC_TransmitQueue_CommitRead
                0x0000000008002418       0x34 Drivers/SERIAL/USBSerial/cdc_queue.o
                0x0000000008002418                CDC_TransmitQueue_CommitRead
 .text.CDC_ReceiveQueue_Init
                0x000000000800244c       0x2c Drivers/SERIAL/USBSerial/cdc_queue.o
                0x000000000800244c                CDC_ReceiveQueue_Init
 .text.CDC_ReceiveQueue_ReserveBlock
                0x0000000008002478       0xaa Drivers/SERIAL/USBSerial/cdc_queue.o
                0x0000000008002478                CDC_ReceiveQueue_ReserveBlock
 .text.CDC_ReceiveQueue_CommitBlock
                0x0000000008002522       0x5c Drivers/SERIAL/USBSerial/cdc_queue.o
                0x0000000008002522                CDC_ReceiveQueue_CommitBlock
 .text.CDC_ReceiveQueue_ReadSize
                0x000000000800257e       0x60 Drivers/SERIAL/USBSerial/cdc_queue.o
                0x000000000800257e                CDC_ReceiveQueue_ReadSize
 .text.CDC_ReceiveQueue_Dequeue
                0x00000000080025de       0x8a Drivers/SERIAL/USBSerial/cdc_queue.o
                0x00000000080025de                CDC_ReceiveQueue_Dequeue
 .text.CDC_ReceiveQueue_Peek
                0x0000000008002668       0x64 Drivers/SERIAL/USBSerial/cdc_queue.o
                0x0000000008002668                CDC_ReceiveQueue_Peek
 .text.CDC_ReceiveQueue_Read
                0x00000000080026cc       0xc6 Drivers/SERIAL/USBSerial/cdc_queue.o
                0x00000000080026cc                CDC_ReceiveQueue_Read
 .text.CDC_ReceiveQueue_ReadUntil
                0x0000000008002792      0x138 Drivers/SERIAL/USBSerial/cdc_queue.o
                0x0000000008002792                CDC_ReceiveQueue_ReadUntil
 *fill*         0x00000000080028ca        0x2 
 .text.HAL_Init
                0x00000000080028cc       0x44 Drivers/STM32F4xx_HAL_Driver/Src/stm32f4xx_hal.o
                0x00000000080028cc                HAL_Init
 .text.HAL_InitTick
                0x0000000008002910       0x60 Drivers/STM32F4xx_HAL_Driver/Src/stm32f4xx_hal.o
                0x0000000008002910                HAL_InitTick
 .text.HAL_IncTick
                0x0000000008002970       0x28 Drivers/STM32F4xx_HAL_Driver/Src/stm32f4xx_hal.o
                0x0000000008002970                HAL_IncTick
 .text.HAL_GetTick
                0x0000000008002998       0x18 Drivers/STM32F4xx_HAL_Driver/Src/stm32f4xx_hal.o
                0x0000000008002998                HAL_GetTick
 .text.HAL_Delay
                0x00000000080029b0       0x48 Drivers/STM32F4xx_HAL_Driver/Src/stm32f4xx_hal.o
                0x00000000080029b0                HAL_Delay
 .text.__NVIC_SetPriorityGrouping
                0x00000000080029f8       0x48 Drivers/STM32F4xx_HAL_Driver/Src/stm32f4xx_hal_cortex.o
 .text.__NVIC_GetPriorityGrouping
                0x0000000008002a40       0x1c Drivers/STM32F4xx_HAL_Driver/Src/stm32f4xx_hal_cortex.o
 .text.__NVIC_EnableIRQ
                0x0000000008002a5c       0x3c Drivers/STM32F4xx_HAL_Driver/Src/stm32f4xx_hal_cortex.o
 .text.__NVIC_DisableIRQ
                0x0000000008002a98       0x48 Drivers/STM32F4xx_HAL_Driver/Src/stm32f4xx_hal_cortex.o
 .text.__NVIC_SetPriority
                0x0000000008002ae0       0x54 Drivers/STM32F4xx_HAL_Driver/Src/stm32f4xx_hal_cortex.o
 .text.NVIC_EncodePriority
                0x0000000008002b34       0x66 Drivers/STM32F4xx_HAL_Driver/Src/stm32f4xx_hal_cortex.o
 *fill*         0x0000000008002b9a        0x2 
 .text.SysTick_Config
                0x0000000008002b9c       0x44 Drivers/STM32F4xx_HAL_Driver/Src/stm32f4xx_hal_cortex.o
 .text.HAL_NVIC_SetPriorityGrouping
                0x0000000008002be0       0x16 Drivers/STM32F4xx_HAL_Driver/Src/stm32f4xx_hal_cortex.o
                0x0000000008002be0                HAL_NVIC_SetPriorityGrouping
 .text.HAL_NVIC_SetPriority
                0x0000000008002bf6       0x38 Drivers/STM32F4xx_HAL_Driver/Src/stm32f4xx_hal_cortex.o
                0x0000000008002bf6                HAL_NVIC_SetPriority
 .text.HAL_NVIC_EnableIRQ
                0x0000000008002c2e       0x1c Drivers/STM32F4xx_HAL_Driver/Src/stm32f4xx_hal_cortex.o
                0x0000000008002c2e                HAL_NVIC_EnableIRQ
 .text.HAL_NVIC_DisableIRQ
                0x0000000008002c4a       0x1c Drivers/STM32F4xx_HAL_Driver/Src/stm32f4xx_hal_cortex.o
                0x0000000008002c4a                HAL_NVIC_DisableIRQ
 .text.HAL_SYSTICK_Config
                0x0000000008002c66       0x18 Drivers/STM32F4xx_HAL_Driver/Src/stm32f4xx_hal_cortex.o
                0x0000000008002c66                HAL_SYSTICK_Config
 .text.HAL_DMA_Abort
                0x0000000008002c7e       0xe0 Drivers/STM32F4xx_HAL_Driver/Src/stm32f4xx_hal_dma.o
                0x0000000008002c7e                HAL_DMA_Abort
 .text.HAL_DMA_Abort_IT
                0x0000000008002d5e       0x44 Drivers/STM32F4xx_HAL_Driver/Src/stm32f4xx_hal_dma.o
                0x0000000008002d5e                HAL_DMA_Abort_IT
 *fill*         0x0000000008002da2        0x2 
 .text.HAL_GPIO_Init
                0x0000000008002da4      0x308 Drivers/STM32F4xx_HAL_Driver/Src/stm32f4xx_hal_gpio.o
                0x0000000008002da4                HAL_GPIO_Init
 .text.HAL_GPIO_DeInit
                0x00000000080030ac      0x1c8 Drivers/STM32F4xx_HAL_Driver/Src/stm32f4xx_hal_gpio.o
                0x00000000080030ac                HAL_GPIO_DeInit
 .text.HAL_GPIO_ReadPin
                0x0000000008003274       0x30 Drivers/STM32F4xx_HAL_Driver/Src/stm32f4xx_hal_gpio.o
                0x0000000008003274                HAL_GPIO_ReadPin
 .text.HAL_GPIO_WritePin
                0x00000000080032a4       0x32 Drivers/STM32F4xx_HAL_Driver/Src/stm32f4xx_hal_gpio.o
                0x00000000080032a4                HAL_GPIO_WritePin
 .text.HAL_GPIO_TogglePin
                0x00000000080032d6       0x34 Drivers/STM32F4xx_HAL_Driver/Src/stm32f4xx_hal_gpio.o
                0x00000000080032d6                HAL_GPIO_TogglePin
 *fill*         0x000000000800330a        0x2 
 .text.HAL_I2C_Init
                0x000000000800330c      0x288 Drivers/STM32F4xx_HAL_Driver/Src/stm32f4xx_hal_i2c.o
                0x000000000800330c                HAL_I2C_Init
 .text.HAL_I2C_Master_Transmit
                0x0000000008003594      0x1fc Drivers/STM32F4xx_HAL_Driver/Src/stm32f4xx_hal_i2c.o
                0x0000000008003594                HAL_I2C_Master_Transmit
 .text.HAL_I2C_Master_Receive
                0x0000000008003790      0x44c Drivers/STM32F4xx_HAL_Driver/Src/stm32f4xx_hal_i2c.o
                0x0000000008003790                HAL_I2C_Master_Receive
 .text.HAL_I2C_IsDeviceReady
                0x0000000008003bdc      0x25c Drivers/STM32F4xx_HAL_Driver/Src/stm32f4xx_hal_i2c.o
                0x0000000008003bdc                HAL_I2C_IsDeviceReady
 .text.I2C_MasterRequestWrite
                0x0000000008003e38      0x104 Drivers/STM32F4xx_HAL_Driver/Src/stm32f4xx_hal_i2c.o
 .text.I2C_MasterRequestRead
                0x0000000008003f3c      0x19c Drivers/STM32F4xx_HAL_Driver/Src/stm32f4xx_hal_i2c.o
 .text.I2C_WaitOnFlagUntilTimeout
                0x00000000080040d8       0xae Drivers/STM32F4xx_HAL_Driver/Src/stm32f4xx_hal_i2c.o
 .text.I2C_WaitOnMasterAddressFlagUntilTimeout
                0x0000000008004186       0xfe Drivers/STM32F4xx_HAL_Driver/Src/stm32f4xx_hal_i2c.o
 .text.I2C_WaitOnTXEFlagUntilTimeout
                0x0000000008004284       0x82 Drivers/STM32F4xx_HAL_Driver/Src/stm32f4xx_hal_i2c.o
 .text.I2C_WaitOnBTFFlagUntilTimeout
                0x0000000008004306       0x82 Drivers/STM32F4xx_HAL_Driver/Src/stm32f4xx_hal_i2c.o
 .text.I2C_WaitOnRXNEFlagUntilTimeout
                0x0000000008004388       0xac Drivers/STM32F4xx_HAL_Driver/Src/stm32f4xx_hal_i2c.o
 .text.I2C_IsAcknowledgeFailed
                0x0000000008004434       0x5e Drivers/STM32F4xx_HAL_Driver/Src/stm32f4xx_hal_i2c.o
 .text.HAL_PCD_Init
                0x0000000008004492      0x23a Drivers/STM32F4xx_HAL_Driver/Src/stm32f4xx_hal_pcd.o
                0x0000000008004492                HAL_PCD_Init
 .text.HAL_PCD_Start
                0x00000000080046cc       0x66 Drivers/STM32F4xx_HAL_Driver/Src/stm32f4xx_hal_pcd.o
                0x00000000080046cc                HAL_PCD_Start
 .text.HAL_PCD_IRQHandler
                0x0000000008004732      0x764 Drivers/STM32F4xx_HAL_Driver/Src/stm32f4xx_hal_pcd.o
                0x0000000008004732                HAL_PCD_IRQHandler
 .text.HAL_PCD_SetAddress
                0x0000000008004e96       0x4a Drivers/STM32F4xx_HAL_Driver/Src/stm32f4xx_hal_pcd.o
                0x0000000008004e96                HAL_PCD_SetAddress
 .text.HAL_PCD_EP_Open
                0x0000000008004ee0       0xd0 Drivers/STM32F4xx_HAL_Driver/Src/stm32f4xx_hal_pcd.o
                0x0000000008004ee0                HAL_PCD_EP_Open
 .text.HAL_PCD_EP_Close
                0x0000000008004fb0       0x94 Drivers/STM32F4xx_HAL_Driver/Src/stm32f4xx_hal_pcd.o
                0x0000000008004fb0                HAL_PCD_EP_Close
 .text.HAL_PCD_EP_Receive
                0x0000000008005044       0x96 Drivers/STM32F4xx_HAL_Driver/Src/stm32f4xx_hal_pcd.o
                0x0000000008005044                HAL_PCD_EP_Receive
 .text.HAL_PCD_EP_GetRxCount
                0x00000000080050da       0x30 Drivers/STM32F4xx_HAL_Driver/Src/stm32f4xx_hal_pcd.o
                0x00000000080050da                HAL_PCD_EP_GetRxCount
 .text.HAL_PCD_EP_Transmit
                0x000000000800510a       0x94 Drivers/STM32F4xx_HAL_Driver/Src/stm32f4xx_hal_pcd.o
                0x000000000800510a                HAL_PCD_EP_Transmit
 .text.HAL_PCD_EP_SetStall
                0x000000000800519e       0xc8 Drivers/STM32F4xx_HAL_Driver/Src/stm32f4xx_hal_pcd.o
                0x000000000800519e                HAL_PCD_EP_SetStall
 .text.HAL_PCD_EP_ClrStall
                0x0000000008005266       0xac Drivers/STM32F4xx_HAL_Driver/Src/stm32f4xx_hal_pcd.o
                0x0000000008005266                HAL_PCD_EP_ClrStall
 .text.PCD_WriteEmptyTxFifo
                0x0000000008005312      0x11a Drivers/STM32F4xx_HAL_Driver/Src/stm32f4xx_hal_pcd.o
 .text.PCD_EP_OutXfrComplete_int
                0x000000000800542c      0x218 Drivers/STM32F4xx_HAL_Driver/Src/stm32f4xx_hal_pcd.o
 .text.PCD_EP_OutSetupPacket_int
                0x0000000008005644       0x8c Drivers/STM32F4xx_HAL_Driver/Src/stm32f4xx_hal_pcd.o
 .text.HAL_PCDEx_SetTxFiFo
                0x00000000080056d0       0x8e Drivers/STM32F4xx_HAL_Driver/Src/stm32f4xx_hal_pcd_ex.o
                0x00000000080056d0                HAL_PCDEx_SetTxFiFo
 .text.HAL_PCDEx_SetRxFiFo
                0x000000000800575e       0x22 Drivers/STM32F4xx_HAL_Driver/Src/stm32f4xx_hal_pcd_ex.o
                0x000000000800575e                HAL_PCDEx_SetRxFiFo
 .text.HAL_PCDEx_LPM_Callback
                0x0000000008005780       0x18 Drivers/STM32F4xx_HAL_Driver/Src/stm32f4xx_hal_pcd_ex.o
                0x0000000008005780                HAL_PCDEx_LPM_Callback
 .text.HAL_RCC_OscConfig
                0x0000000008005798      0x4f0 Drivers/STM32F4xx_HAL_Driver/Src/stm32f4xx_hal_rcc.o
                0x0000000008005798                HAL_RCC_OscConfig
 .text.HAL_RCC_ClockConfig
                0x0000000008005c88      0x1cc Drivers/STM32F4xx_HAL_Driver/Src/stm32f4xx_hal_rcc.o
                0x0000000008005c88                HAL_RCC_ClockConfig
 .text.HAL_RCC_GetSysClockFreq
                0x0000000008005e54      0x16c Drivers/STM32F4xx_HAL_Driver/Src/stm32f4xx_hal_rcc.o
                0x0000000008005e54                HAL_RCC_GetSysClockFreq
 .text.HAL_RCC_GetHCLKFreq
                0x0000000008005fc0       0x18 Drivers/STM32F4xx_HAL_Driver/Src/stm32f4xx_hal_rcc.o
                0x0000000008005fc0                HAL_RCC_GetHCLKFreq
 .text.HAL_RCC_GetPCLK1Freq
                0x0000000008005fd8       0x28 Drivers/STM32F4xx_HAL_Driver/Src/stm32f4xx_hal_rcc.o
                0x0000000008005fd8                HAL_RCC_GetPCLK1Freq
 .text.HAL_RCC_GetPCLK2Freq
                0x0000000008006000       0x28 Drivers/STM32F4xx_HAL_Driver/Src/stm32f4xx_hal_rcc.o
                0x0000000008006000                HAL_RCC_GetPCLK2Freq
 .text.HAL_RCCEx_PeriphCLKConfig
                0x0000000008006028      0x1e0 Drivers/STM32F4xx_HAL_Driver/Src/stm32f4xx_hal_rcc_ex.o
                0x0000000008006028                HAL_RCCEx_PeriphCLKConfig
 .text.HAL_RTC_Init
                0x0000000008006208      0x122 Drivers/STM32F4xx_HAL_Driver/Src/stm32f4xx_hal_rtc.o
                0x0000000008006208                HAL_RTC_Init
 .text.HAL_RTC_WaitForSynchro
                0x000000000800632a       0x50 Drivers/STM32F4xx_HAL_Driver/Src/stm32f4xx_hal_rtc.o
                0x000000000800632a                HAL_RTC_WaitForSynchro
 .text.RTC_EnterInitMode
                0x000000000800637a       0x58 Drivers/STM32F4xx_HAL_Driver/Src/stm32f4xx_hal_rtc.o
                0x000000000800637a                RTC_EnterInitMode
 .text.HAL_TIM_Base_Init
                0x00000000080063d2       0x9e Drivers/STM32F4xx_HAL_Driver/Src/stm32f4xx_hal_tim.o
                0x00000000080063d2                HAL_TIM_Base_Init
 .text.HAL_TIM_ConfigClockSource
                0x0000000008006470      0x188 Drivers/STM32F4xx_HAL_Driver/Src/stm32f4xx_hal_tim.o
                0x0000000008006470                HAL_TIM_ConfigClockSource
 .text.TIM_Base_SetConfig
                0x00000000080065f8      0x100 Drivers/STM32F4xx_HAL_Driver/Src/stm32f4xx_hal_tim.o
                0x00000000080065f8                TIM_Base_SetConfig
 .text.TIM_TI1_ConfigInputStage
                0x00000000080066f8       0x5e Drivers/STM32F4xx_HAL_Driver/Src/stm32f4xx_hal_tim.o
 .text.TIM_TI2_ConfigInputStage
                0x0000000008006756       0x60 Drivers/STM32F4xx_HAL_Driver/Src/stm32f4xx_hal_tim.o
 .text.TIM_ITRx_SetConfig
                0x00000000080067b6       0x36 Drivers/STM32F4xx_HAL_Driver/Src/stm32f4xx_hal_tim.o
 .text.TIM_ETR_SetConfig
                0x00000000080067ec       0x40 Drivers/STM32F4xx_HAL_Driver/Src/stm32f4xx_hal_tim.o
                0x00000000080067ec                TIM_ETR_SetConfig
 .text.HAL_TIMEx_MasterConfigSynchronization
                0x000000000800682c       0xdc Drivers/STM32F4xx_HAL_Driver/Src/stm32f4xx_hal_tim_ex.o
                0x000000000800682c                HAL_TIMEx_MasterConfigSynchronization
 .text.HAL_UART_Init
                0x0000000008006908       0x9a Drivers/STM32F4xx_HAL_Driver/Src/stm32f4xx_hal_uart.o
                0x0000000008006908                HAL_UART_Init
 .text.HAL_UART_DeInit
                0x00000000080069a2       0x5e Drivers/STM32F4xx_HAL_Driver/Src/stm32f4xx_hal_uart.o
                0x00000000080069a2                HAL_UART_DeInit
 .text.HAL_UART_Transmit_IT
                0x0000000008006a00       0x8a Drivers/STM32F4xx_HAL_Driver/Src/stm32f4xx_hal_uart.o
                0x0000000008006a00                HAL_UART_Transmit_IT
 .text.HAL_UART_Receive_IT
                0x0000000008006a8a       0x60 Drivers/STM32F4xx_HAL_Driver/Src/stm32f4xx_hal_uart.o
                0x0000000008006a8a                HAL_UART_Receive_IT
 *fill*         0x0000000008006aea        0x2 
 .text.HAL_UART_IRQHandler
                0x0000000008006aec      0x358 Drivers/STM32F4xx_HAL_Driver/Src/stm32f4xx_hal_uart.o
                0x0000000008006aec                HAL_UART_IRQHandler
 .text.HAL_UART_ErrorCallback
                0x0000000008006e44       0x14 Drivers/STM32F4xx_HAL_Driver/Src/stm32f4xx_hal_uart.o
                0x0000000008006e44                HAL_UART_ErrorCallback
 .text.HAL_UARTEx_RxEventCallback
                0x0000000008006e58       0x18 Drivers/STM32F4xx_HAL_Driver/Src/stm32f4xx_hal_uart.o
                0x0000000008006e58                HAL_UARTEx_RxEventCallback
 .text.UART_Start_Receive_IT
                0x0000000008006e70       0x74 Drivers/STM32F4xx_HAL_Driver/Src/stm32f4xx_hal_uart.o
                0x0000000008006e70                UART_Start_Receive_IT
 .text.UART_EndRxTransfer
                0x0000000008006ee4       0x5a Drivers/STM32F4xx_HAL_Driver/Src/stm32f4xx_hal_uart.o
 .text.UART_DMAAbortOnError
                0x0000000008006f3e       0x28 Drivers/STM32F4xx_HAL_Driver/Src/stm32f4xx_hal_uart.o
 .text.UART_Transmit_IT
                0x0000000008006f66       0xa0 Drivers/STM32F4xx_HAL_Driver/Src/stm32f4xx_hal_uart.o
 .text.UART_EndTransmit_IT
                0x0000000008007006       0x30 Drivers/STM32F4xx_HAL_Driver/Src/stm32f4xx_hal_uart.o
 .text.UART_Receive_IT
                0x0000000008007036      0x12e Drivers/STM32F4xx_HAL_Driver/Src/stm32f4xx_hal_uart.o
 .text.UART_SetConfig
                0x0000000008007164      0x390 Drivers/STM32F4xx_HAL_Driver/Src/stm32f4xx_hal_uart.o
 .text.USB_CoreInit
                0x00000000080074f4       0xc2 Drivers/STM32F4xx_HAL_Driver/Src/stm32f4xx_ll_usb.o
                0x00000000080074f4                USB_CoreInit
 *fill*         0x00000000080075b6        0x2 
 .text.USB_SetTurnaroundTime
                0x00000000080075b8      0x144 Drivers/STM32F4xx_HAL_Driver/Src/stm32f4xx_ll_usb.o
                0x00000000080075b8                USB_SetTurnaroundTime
 .text.USB_EnableGlobalInt
                0x00000000080076fc       0x22 Drivers/STM32F4xx_HAL_Driver/Src/stm32f4xx_ll_usb.o
                0x00000000080076fc                USB_EnableGlobalInt
 .text.USB_DisableGlobalInt
                0x000000000800771e       0x22 Drivers/STM32F4xx_HAL_Driver/Src/stm32f4xx_ll_usb.o
                0x000000000800771e                USB_DisableGlobalInt
 .text.USB_SetCurrentMode
                0x0000000008007740       0x54 Drivers/STM32F4xx_HAL_Driver/Src/stm32f4xx_ll_usb.o
                0x0000000008007740                USB_SetCurrentMode
 .text.USB_DevInit
                0x0000000008007794      0x2c8 Drivers/STM32F4xx_HAL_Driver/Src/stm32f4xx_ll_usb.o
                0x0000000008007794                USB_DevInit
 .text.USB_FlushTxFifo
                0x0000000008007a5c       0x4c Drivers/STM32F4xx_HAL_Driver/Src/stm32f4xx_ll_usb.o
                0x0000000008007a5c                USB_FlushTxFifo
 .text.USB_FlushRxFifo
                0x0000000008007aa8       0x44 Drivers/STM32F4xx_HAL_Driver/Src/stm32f4xx_ll_usb.o
                0x0000000008007aa8                USB_FlushRxFifo
 .text.USB_SetDevSpeed
                0x0000000008007aec       0x32 Drivers/STM32F4xx_HAL_Driver/Src/stm32f4xx_ll_usb.o
                0x0000000008007aec                USB_SetDevSpeed
 .text.USB_GetDevSpeed
                0x0000000008007b1e       0x4a Drivers/STM32F4xx_HAL_Driver/Src/stm32f4xx_ll_usb.o
                0x0000000008007b1e                USB_GetDevSpeed
 .text.USB_ActivateEndpoint
                0x0000000008007b68      0x10e Drivers/STM32F4xx_HAL_Driver/Src/stm32f4xx_ll_usb.o
                0x0000000008007b68                USB_ActivateEndpoint
 *fill*         0x0000000008007c76        0x2 
 .text.USB_DeactivateEndpoint
                0x0000000008007c78      0x1b8 Drivers/STM32F4xx_HAL_Driver/Src/stm32f4xx_ll_usb.o
                0x0000000008007c78                USB_DeactivateEndpoint
 .text.USB_EPStartXfer
                0x0000000008007e30      0x488 Drivers/STM32F4xx_HAL_Driver/Src/stm32f4xx_ll_usb.o
                0x0000000008007e30                USB_EPStartXfer
 .text.USB_EP0StartXfer
                0x00000000080082b8      0x2a6 Drivers/STM32F4xx_HAL_Driver/Src/stm32f4xx_ll_usb.o
                0x00000000080082b8                USB_EP0StartXfer
 .text.USB_WritePacket
                0x000000000800855e       0x6a Drivers/STM32F4xx_HAL_Driver/Src/stm32f4xx_ll_usb.o
                0x000000000800855e                USB_WritePacket
 .text.USB_ReadPacket
                0x00000000080085c8       0x52 Drivers/STM32F4xx_HAL_Driver/Src/stm32f4xx_ll_usb.o
                0x00000000080085c8                USB_ReadPacket
 .text.USB_EPSetStall
                0x000000000800861a       0xdc Drivers/STM32F4xx_HAL_Driver/Src/stm32f4xx_ll_usb.o
                0x000000000800861a                USB_EPSetStall
 .text.USB_EPClearStall
                0x00000000080086f6       0xcc Drivers/STM32F4xx_HAL_Driver/Src/stm32f4xx_ll_usb.o
                0x00000000080086f6                USB_EPClearStall
 .text.USB_SetDevAddress
                0x00000000080087c2       0x4c Drivers/STM32F4xx_HAL_Driver/Src/stm32f4xx_ll_usb.o
                0x00000000080087c2                USB_SetDevAddress
 .text.USB_DevConnect
                0x000000000800880e       0x42 Drivers/STM32F4xx_HAL_Driver/Src/stm32f4xx_ll_usb.o
                0x000000000800880e                USB_DevConnect
 .text.USB_DevDisconnect
                0x0000000008008850       0x42 Drivers/STM32F4xx_HAL_Driver/Src/stm32f4xx_ll_usb.o
                0x0000000008008850                USB_DevDisconnect
 .text.USB_ReadInterrupts
                0x0000000008008892       0x26 Drivers/STM32F4xx_HAL_Driver/Src/stm32f4xx_ll_usb.o
                0x0000000008008892                USB_ReadInterrupts
 .text.USB_ReadDevAllOutEpInterrupt
                0x00000000080088b8       0x34 Drivers/STM32F4xx_HAL_Driver/Src/stm32f4xx_ll_usb.o
                0x00000000080088b8                USB_ReadDevAllOutEpInterrupt
 .text.USB_ReadDevAllInEpInterrupt
                0x00000000080088ec       0x34 Drivers/STM32F4xx_HAL_Driver/Src/stm32f4xx_ll_usb.o
                0x00000000080088ec                USB_ReadDevAllInEpInterrupt
 .text.USB_ReadDevOutEPInterrupt
                0x0000000008008920       0x3c Drivers/STM32F4xx_HAL_Driver/Src/stm32f4xx_ll_usb.o
                0x0000000008008920                USB_ReadDevOutEPInterrupt
 .text.USB_ReadDevInEPInterrupt
                0x000000000800895c       0x5c Drivers/STM32F4xx_HAL_Driver/Src/stm32f4xx_ll_usb.o
                0x000000000800895c                USB_ReadDevInEPInterrupt
 .text.USB_GetMode
                0x00000000080089b8       0x1c Drivers/STM32F4xx_HAL_Driver/Src/stm32f4xx_ll_usb.o
                0x00000000080089b8                USB_GetMode
 .text.USB_ActivateSetup
                0x00000000080089d4       0x46 Drivers/STM32F4xx_HAL_Driver/Src/stm32f4xx_ll_usb.o
                0x00000000080089d4                USB_ActivateSetup
 *fill*         0x0000000008008a1a        0x2 
 .text.USB_EP0_OutStart
                0x0000000008008a1c       0xbc Drivers/STM32F4xx_HAL_Driver/Src/stm32f4xx_ll_usb.o
                0x0000000008008a1c                USB_EP0_OutStart
 .text.USB_CoreReset
                0x0000000008008ad8       0x68 Drivers/STM32F4xx_HAL_Driver/Src/stm32f4xx_ll_usb.o
 .text.USBD_CDC_Init
                0x0000000008008b40       0xfe Middlewares/ST/STM32_USB_Device_Library/Class/CDC/Src/usbd_cdc.o
 .text.USBD_CDC_DeInit
                0x0000000008008c3e       0x74 Middlewares/ST/STM32_USB_Device_Library/Class/CDC/Src/usbd_cdc.o
 *fill*         0x0000000008008cb2        0x2 
 .text.USBD_CDC_Setup
                0x0000000008008cb4      0x190 Middlewares/ST/STM32_USB_Device_Library/Class/CDC/Src/usbd_cdc.o
 .text.USBD_CDC_DataIn
                0x0000000008008e44       0xca Middlewares/ST/STM32_USB_Device_Library/Class/CDC/Src/usbd_cdc.o
 .text.USBD_CDC_DataOut
                0x0000000008008f0e       0x56 Middlewares/ST/STM32_USB_Device_Library/Class/CDC/Src/usbd_cdc.o
 .text.USBD_CDC_EP0_RxReady
                0x0000000008008f64       0x5a Middlewares/ST/STM32_USB_Device_Library/Class/CDC/Src/usbd_cdc.o
 *fill*         0x0000000008008fbe        0x2 
 .text.USBD_CDC_GetFSCfgDesc
                0x0000000008008fc0       0x20 Middlewares/ST/STM32_USB_Device_Library/Class/CDC/Src/usbd_cdc.o
 .text.USBD_CDC_GetHSCfgDesc
                0x0000000008008fe0       0x20 Middlewares/ST/STM32_USB_Device_Library/Class/CDC/Src/usbd_cdc.o
 .text.USBD_CDC_GetOtherSpeedCfgDesc
                0x0000000008009000       0x20 Middlewares/ST/STM32_USB_Device_Library/Class/CDC/Src/usbd_cdc.o
 .text.USBD_CDC_GetDeviceQualifierDescriptor
                0x0000000008009020       0x20 Middlewares/ST/STM32_USB_Device_Library/Class/CDC/Src/usbd_cdc.o
                0x0000000008009020                USBD_CDC_GetDeviceQualifierDescriptor
 .text.USBD_CDC_RegisterInterface
                0x0000000008009040       0x2a Middlewares/ST/STM32_USB_Device_Library/Class/CDC/Src/usbd_cdc.o
                0x0000000008009040                USBD_CDC_RegisterInterface
 .text.USBD_CDC_SetTxBuffer
                0x000000000800906a       0x3c Middlewares/ST/STM32_USB_Device_Library/Class/CDC/Src/usbd_cdc.o
                0x000000000800906a                USBD_CDC_SetTxBuffer
 .text.USBD_CDC_SetRxBuffer
                0x00000000080090a6       0x32 Middlewares/ST/STM32_USB_Device_Library/Class/CDC/Src/usbd_cdc.o
                0x00000000080090a6                USBD_CDC_SetRxBuffer
 .text.USBD_CDC_TransmitPacket
                0x00000000080090d8       0x60 Middlewares/ST/STM32_USB_Device_Library/Class/CDC/Src/usbd_cdc.o
                0x00000000080090d8                USBD_CDC_TransmitPacket
 .text.USBD_CDC_ReceivePacket
                0x0000000008009138       0x54 Middlewares/ST/STM32_USB_Device_Library/Class/CDC/Src/usbd_cdc.o
                0x0000000008009138                USBD_CDC_ReceivePacket
 .text.USBD_Init
                0x000000000800918c       0x60 Middlewares/ST/STM32_USB_Device_Library/Core/Src/usbd_core.o
                0x000000000800918c                USBD_Init
 .text.USBD_RegisterClass
                0x00000000080091ec       0x4e Middlewares/ST/STM32_USB_Device_Library/Core/Src/usbd_core.o
                0x00000000080091ec                USBD_RegisterClass
 .text.USBD_Start
                0x000000000800923a       0x18 Middlewares/ST/STM32_USB_Device_Library/Core/Src/usbd_core.o
                0x000000000800923a                USBD_Start
 .text.USBD_RunTestMode
                0x0000000008009252       0x16 Middlewares/ST/STM32_USB_Device_Library/Core/Src/usbd_core.o
                0x0000000008009252                USBD_RunTestMode
 .text.USBD_SetClassConfig
                0x0000000008009268       0x38 Middlewares/ST/STM32_USB_Device_Library/Core/Src/usbd_core.o
                0x0000000008009268                USBD_SetClassConfig
 .text.USBD_ClrClassConfig
                0x00000000080092a0       0x30 Middlewares/ST/STM32_USB_Device_Library/Core/Src/usbd_core.o
                0x00000000080092a0                USBD_ClrClassConfig
 .text.USBD_LL_SetupStage
                0x00000000080092d0       0xaa Middlewares/ST/STM32_USB_Device_Library/Core/Src/usbd_core.o
                0x00000000080092d0                USBD_LL_SetupStage
 .text.USBD_LL_DataOutStage
                0x000000000800937a       0xc6 Middlewares/ST/STM32_USB_Device_Library/Core/Src/usbd_core.o
                0x000000000800937a                USBD_LL_DataOutStage
 .text.USBD_LL_DataInStage
                0x0000000008009440      0x12c Middlewares/ST/STM32_USB_Device_Library/Core/Src/usbd_core.o
                0x0000000008009440                USBD_LL_DataInStage
 .text.USBD_LL_Reset
                0x000000000800956c       0x9c Middlewares/ST/STM32_USB_Device_Library/Core/Src/usbd_core.o
                0x000000000800956c                USBD_LL_Reset
 .text.USBD_LL_SetSpeed
                0x0000000008009608       0x20 Middlewares/ST/STM32_USB_Device_Library/Core/Src/usbd_core.o
                0x0000000008009608                USBD_LL_SetSpeed
 .text.USBD_LL_Suspend
                0x0000000008009628       0x2c Middlewares/ST/STM32_USB_Device_Library/Core/Src/usbd_core.o
                0x0000000008009628                USBD_LL_Suspend
 .text.USBD_LL_Resume
                0x0000000008009654       0x30 Middlewares/ST/STM32_USB_Device_Library/Core/Src/usbd_core.o
                0x0000000008009654                USBD_LL_Resume
 .text.USBD_LL_SOF
                0x0000000008009684       0x44 Middlewares/ST/STM32_USB_Device_Library/Core/Src/usbd_core.o
                0x0000000008009684                USBD_LL_SOF
 .text.USBD_LL_IsoINIncomplete
                0x00000000080096c8       0x4c Middlewares/ST/STM32_USB_Device_Library/Core/Src/usbd_core.o
                0x00000000080096c8                USBD_LL_IsoINIncomplete
 .text.USBD_LL_IsoOUTIncomplete
                0x0000000008009714       0x4c Middlewares/ST/STM32_USB_Device_Library/Core/Src/usbd_core.o
                0x0000000008009714                USBD_LL_IsoOUTIncomplete
 .text.USBD_LL_DevConnected
                0x0000000008009760       0x16 Middlewares/ST/STM32_USB_Device_Library/Core/Src/usbd_core.o
                0x0000000008009760                USBD_LL_DevConnected
 .text.USBD_LL_DevDisconnected
                0x0000000008009776       0x38 Middlewares/ST/STM32_USB_Device_Library/Core/Src/usbd_core.o
                0x0000000008009776                USBD_LL_DevDisconnected
 .text.SWAPBYTE
                0x00000000080097ae       0x3c Middlewares/ST/STM32_USB_Device_Library/Core/Src/usbd_ctlreq.o
 *fill*         0x00000000080097ea        0x2 
 .text.USBD_StdDevReq
                0x00000000080097ec       0xdc Middlewares/ST/STM32_USB_Device_Library/Core/Src/usbd_ctlreq.o
                0x00000000080097ec                USBD_StdDevReq
 .text.USBD_StdItfReq
                0x00000000080098c8       0x92 Middlewares/ST/STM32_USB_Device_Library/Core/Src/usbd_ctlreq.o
                0x00000000080098c8                USBD_StdItfReq
 .text.USBD_StdEPReq
                0x000000000800995a      0x2c4 Middlewares/ST/STM32_USB_Device_Library/Core/Src/usbd_ctlreq.o
                0x000000000800995a                USBD_StdEPReq
 *fill*         0x0000000008009c1e        0x2 
 .text.USBD_GetDescriptor
                0x0000000008009c20      0x2d4 Middlewares/ST/STM32_USB_Device_Library/Core/Src/usbd_ctlreq.o
 .text.USBD_SetAddress
                0x0000000008009ef4       0x88 Middlewares/ST/STM32_USB_Device_Library/Core/Src/usbd_ctlreq.o
 .text.USBD_SetConfig
                0x0000000008009f7c      0x14c Middlewares/ST/STM32_USB_Device_Library/Core/Src/usbd_ctlreq.o
 .text.USBD_GetConfig
                0x000000000800a0c8       0x6c Middlewares/ST/STM32_USB_Device_Library/Core/Src/usbd_ctlreq.o
 .text.USBD_GetStatus
                0x000000000800a134       0x68 Middlewares/ST/STM32_USB_Device_Library/Core/Src/usbd_ctlreq.o
 .text.USBD_SetFeature
                0x000000000800a19c       0x28 Middlewares/ST/STM32_USB_Device_Library/Core/Src/usbd_ctlreq.o
 .text.USBD_ClrFeature
                0x000000000800a1c4       0x44 Middlewares/ST/STM32_USB_Device_Library/Core/Src/usbd_ctlreq.o
 .text.USBD_ParseSetupRequest
                0x000000000800a208       0x74 Middlewares/ST/STM32_USB_Device_Library/Core/Src/usbd_ctlreq.o
                0x000000000800a208                USBD_ParseSetupRequest
 .text.USBD_CtlError
                0x000000000800a27c       0x22 Middlewares/ST/STM32_USB_Device_Library/Core/Src/usbd_ctlreq.o
                0x000000000800a27c                USBD_CtlError
 .text.USBD_GetString
                0x000000000800a29e       0x8c Middlewares/ST/STM32_USB_Device_Library/Core/Src/usbd_ctlreq.o
                0x000000000800a29e                USBD_GetString
 .text.USBD_GetLen
                0x000000000800a32a       0x34 Middlewares/ST/STM32_USB_Device_Library/Core/Src/usbd_ctlreq.o
 .text.USBD_CtlSendData
                0x000000000800a35e       0x36 Middlewares/ST/STM32_USB_Device_Library/Core/Src/usbd_ioreq.o
                0x000000000800a35e                USBD_CtlSendData
 .text.USBD_CtlContinueSendData
                0x000000000800a394       0x22 Middlewares/ST/STM32_USB_Device_Library/Core/Src/usbd_ioreq.o
                0x000000000800a394                USBD_CtlContinueSendData
 .text.USBD_CtlPrepareRx
                0x000000000800a3b6       0x3a Middlewares/ST/STM32_USB_Device_Library/Core/Src/usbd_ioreq.o
                0x000000000800a3b6                USBD_CtlPrepareRx
 .text.USBD_CtlContinueRx
                0x000000000800a3f0       0x22 Middlewares/ST/STM32_USB_Device_Library/Core/Src/usbd_ioreq.o
                0x000000000800a3f0                USBD_CtlContinueRx
 .text.USBD_CtlSendStatus
                0x000000000800a412       0x26 Middlewares/ST/STM32_USB_Device_Library/Core/Src/usbd_ioreq.o
                0x000000000800a412                USBD_CtlSendStatus
 .text.USBD_CtlReceiveStatus
                0x000000000800a438       0x26 Middlewares/ST/STM32_USB_Device_Library/Core/Src/usbd_ioreq.o
                0x000000000800a438                USBD_CtlReceiveStatus
 *fill*         0x000000000800a45e        0x2 
 .text.MX_USB_DEVICE_Init
                0x000000000800a460       0x60 USB_DEVICE/App/usb_device.o
                0x000000000800a460                MX_USB_DEVICE_Init
 .text.USBD_CDC_ClearBuffer
                0x000000000800a4c0       0x2c USB_DEVICE/App/usbd_cdc_if.o
                0x000000000800a4c0                USBD_CDC_ClearBuffer
 .text.CDC_Init_FS
                0x000000000800a4ec       0x58 USB_DEVICE/App/usbd_cdc_if.o
 .text.CDC_DeInit_FS
                0x000000000800a544       0x10 USB_DEVICE/App/usbd_cdc_if.o
 .text.CDC_Control_FS
                0x000000000800a554      0x190 USB_DEVICE/App/usbd_cdc_if.o
 .text.CDC_Receive_FS
                0x000000000800a6e4       0x4c USB_DEVICE/App/usbd_cdc_if.o
 .text.CDC_connected
                0x000000000800a730       0x58 USB_DEVICE/App/usbd_cdc_if.o
                0x000000000800a730                CDC_connected
 .text.CDC_continue_transmit
                0x000000000800a788       0x5c USB_DEVICE/App/usbd_cdc_if.o
                0x000000000800a788                CDC_continue_transmit
 .text.CDC_resume_receive
                0x000000000800a7e4       0x54 USB_DEVICE/App/usbd_cdc_if.o
                0x000000000800a7e4                CDC_resume_receive
 .text.CDC_init
                0x000000000800a838        0xe USB_DEVICE/App/usbd_cdc_if.o
                0x000000000800a838                CDC_init
 .text.CDC_DeInit
                0x000000000800a846        0xe USB_DEVICE/App/usbd_cdc_if.o
                0x000000000800a846                CDC_DeInit
 .text.USBD_CDC_Transferred
                0x000000000800a854       0x24 USB_DEVICE/App/usbd_cdc_if.o
                0x000000000800a854                USBD_CDC_Transferred
 .text.USBD_FS_DeviceDescriptor
                0x000000000800a878       0x24 USB_DEVICE/App/usbd_desc.o
                0x000000000800a878                USBD_FS_DeviceDescriptor
 .text.USBD_FS_LangIDStrDescriptor
                0x000000000800a89c       0x24 USB_DEVICE/App/usbd_desc.o
                0x000000000800a89c                USBD_FS_LangIDStrDescriptor
 .text.USBD_FS_ProductStrDescriptor
                0x000000000800a8c0       0x3c USB_DEVICE/App/usbd_desc.o
                0x000000000800a8c0                USBD_FS_ProductStrDescriptor
 .text.USBD_FS_ManufacturerStrDescriptor
                0x000000000800a8fc       0x28 USB_DEVICE/App/usbd_desc.o
                0x000000000800a8fc                USBD_FS_ManufacturerStrDescriptor
 .text.USBD_FS_SerialStrDescriptor
                0x000000000800a924       0x24 USB_DEVICE/App/usbd_desc.o
                0x000000000800a924                USBD_FS_SerialStrDescriptor
 .text.USBD_FS_ConfigStrDescriptor
                0x000000000800a948       0x3c USB_DEVICE/App/usbd_desc.o
                0x000000000800a948                USBD_FS_ConfigStrDescriptor
 .text.USBD_FS_InterfaceStrDescriptor
                0x000000000800a984       0x3c USB_DEVICE/App/usbd_desc.o
                0x000000000800a984                USBD_FS_InterfaceStrDescriptor
 .text.Get_SerialNum
                0x000000000800a9c0       0x58 USB_DEVICE/App/usbd_desc.o
 .text.IntToUnicode
                0x000000000800aa18       0x7e USB_DEVICE/App/usbd_desc.o
 *fill*         0x000000000800aa96        0x2 
 .text.HAL_PCD_MspInit
                0x000000000800aa98       0xa8 USB_DEVICE/Target/usbd_conf.o
                0x000000000800aa98                HAL_PCD_MspInit
 .text.HAL_PCD_SetupStageCallback
                0x000000000800ab40       0x24 USB_DEVICE/Target/usbd_conf.o
                0x000000000800ab40                HAL_PCD_SetupStageCallback
 .text.HAL_PCD_DataOutStageCallback
                0x000000000800ab64       0x36 USB_DEVICE/Target/usbd_conf.o
                0x000000000800ab64                HAL_PCD_DataOutStageCallback
 .text.HAL_PCD_DataInStageCallback
                0x000000000800ab9a       0x34 USB_DEVICE/Target/usbd_conf.o
                0x000000000800ab9a                HAL_PCD_DataInStageCallback
 .text.HAL_PCD_SOFCallback
                0x000000000800abce       0x1c USB_DEVICE/Target/usbd_conf.o
                0x000000000800abce                HAL_PCD_SOFCallback
 .text.HAL_PCD_ResetCallback
                0x000000000800abea       0x3c USB_DEVICE/Target/usbd_conf.o
                0x000000000800abea                HAL_PCD_ResetCallback
 *fill*         0x000000000800ac26        0x2 
 .text.HAL_PCD_SuspendCallback
                0x000000000800ac28       0x4c USB_DEVICE/Target/usbd_conf.o
                0x000000000800ac28                HAL_PCD_SuspendCallback
 .text.HAL_PCD_ResumeCallback
                0x000000000800ac74       0x1c USB_DEVICE/Target/usbd_conf.o
                0x000000000800ac74                HAL_PCD_ResumeCallback
 .text.HAL_PCD_ISOOUTIncompleteCallback
                0x000000000800ac90       0x24 USB_DEVICE/Target/usbd_conf.o
                0x000000000800ac90                HAL_PCD_ISOOUTIncompleteCallback
 .text.HAL_PCD_ISOINIncompleteCallback
                0x000000000800acb4       0x24 USB_DEVICE/Target/usbd_conf.o
                0x000000000800acb4                HAL_PCD_ISOINIncompleteCallback
 .text.HAL_PCD_ConnectCallback
                0x000000000800acd8       0x1c USB_DEVICE/Target/usbd_conf.o
                0x000000000800acd8                HAL_PCD_ConnectCallback
 .text.HAL_PCD_DisconnectCallback
                0x000000000800acf4       0x1c USB_DEVICE/Target/usbd_conf.o
                0x000000000800acf4                HAL_PCD_DisconnectCallback
 .text.USBD_LL_Init
                0x000000000800ad10       0x98 USB_DEVICE/Target/usbd_conf.o
                0x000000000800ad10                USBD_LL_Init
 .text.USBD_LL_Start
                0x000000000800ada8       0x36 USB_DEVICE/Target/usbd_conf.o
                0x000000000800ada8                USBD_LL_Start
 .text.USBD_LL_OpenEP
                0x000000000800adde       0x4c USB_DEVICE/Target/usbd_conf.o
                0x000000000800adde                USBD_LL_OpenEP
 .text.USBD_LL_CloseEP
                0x000000000800ae2a       0x3e USB_DEVICE/Target/usbd_conf.o
                0x000000000800ae2a                USBD_LL_CloseEP
 .text.USBD_LL_StallEP
                0x000000000800ae68       0x3e USB_DEVICE/Target/usbd_conf.o
                0x000000000800ae68                USBD_LL_StallEP
 .text.USBD_LL_ClearStallEP
                0x000000000800aea6       0x3e USB_DEVICE/Target/usbd_conf.o
                0x000000000800aea6                USBD_LL_ClearStallEP
 .text.USBD_LL_IsStallEP
                0x000000000800aee4       0x58 USB_DEVICE/Target/usbd_conf.o
                0x000000000800aee4                USBD_LL_IsStallEP
 .text.USBD_LL_SetUSBAddress
                0x000000000800af3c       0x3e USB_DEVICE/Target/usbd_conf.o
                0x000000000800af3c                USBD_LL_SetUSBAddress
 .text.USBD_LL_Transmit
                0x000000000800af7a       0x42 USB_DEVICE/Target/usbd_conf.o
                0x000000000800af7a                USBD_LL_Transmit
 .text.USBD_LL_PrepareReceive
                0x000000000800afbc       0x42 USB_DEVICE/Target/usbd_conf.o
                0x000000000800afbc                USBD_LL_PrepareReceive
 .text.USBD_LL_GetRxDataSize
                0x000000000800affe       0x26 USB_DEVICE/Target/usbd_conf.o
                0x000000000800affe                USBD_LL_GetRxDataSize
 .text.USBD_static_malloc
                0x000000000800b024       0x1c USB_DEVICE/Target/usbd_conf.o
                0x000000000800b024                USBD_static_malloc
 .text.USBD_static_free
                0x000000000800b040       0x14 USB_DEVICE/Target/usbd_conf.o
                0x000000000800b040                USBD_static_free
 .text.USBD_Get_USB_Status
                0x000000000800b054       0x58 USB_DEVICE/Target/usbd_conf.o
                0x000000000800b054                USBD_Get_USB_Status
 .text.__errno  0x000000000800b0ac        0xc c:/st/stm32cubeide_1.6.1/stm32cubeide/plugins/com.st.stm32cube.ide.mcu.externaltools.gnu-tools-for-stm32.9-2020-q2-update.win32_1.5.0.202011040924/tools/bin/../lib/gcc/arm-none-eabi/9.3.1/../../../../arm-none-eabi/lib/thumb/v7e-m+fp/hard\libc_nano.a(lib_a-errno.o)
                0x000000000800b0ac                __errno
 .text.__libc_init_array
                0x000000000800b0b8       0x48 c:/st/stm32cubeide_1.6.1/stm32cubeide/plugins/com.st.stm32cube.ide.mcu.externaltools.gnu-tools-for-stm32.9-2020-q2-update.win32_1.5.0.202011040924/tools/bin/../lib/gcc/arm-none-eabi/9.3.1/../../../../arm-none-eabi/lib/thumb/v7e-m+fp/hard\libc_nano.a(lib_a-init.o)
                0x000000000800b0b8                __libc_init_array
 .text.malloc   0x000000000800b100       0x10 c:/st/stm32cubeide_1.6.1/stm32cubeide/plugins/com.st.stm32cube.ide.mcu.externaltools.gnu-tools-for-stm32.9-2020-q2-update.win32_1.5.0.202011040924/tools/bin/../lib/gcc/arm-none-eabi/9.3.1/../../../../arm-none-eabi/lib/thumb/v7e-m+fp/hard\libc_nano.a(lib_a-malloc.o)
                0x000000000800b100                malloc
 .text.free     0x000000000800b110       0x10 c:/st/stm32cubeide_1.6.1/stm32cubeide/plugins/com.st.stm32cube.ide.mcu.externaltools.gnu-tools-for-stm32.9-2020-q2-update.win32_1.5.0.202011040924/tools/bin/../lib/gcc/arm-none-eabi/9.3.1/../../../../arm-none-eabi/lib/thumb/v7e-m+fp/hard\libc_nano.a(lib_a-malloc.o)
                0x000000000800b110                free
 .text.memcpy   0x000000000800b120       0x1c c:/st/stm32cubeide_1.6.1/stm32cubeide/plugins/com.st.stm32cube.ide.mcu.externaltools.gnu-tools-for-stm32.9-2020-q2-update.win32_1.5.0.202011040924/tools/bin/../lib/gcc/arm-none-eabi/9.3.1/../../../../arm-none-eabi/lib/thumb/v7e-m+fp/hard\libc_nano.a(lib_a-memcpy-stub.o)
                0x000000000800b120                memcpy
 .text.memset   0x000000000800b13c       0x10 c:/st/stm32cubeide_1.6.1/stm32cubeide/plugins/com.st.stm32cube.ide.mcu.externaltools.gnu-tools-for-stm32.9-2020-q2-update.win32_1.5.0.202011040924/tools/bin/../lib/gcc/arm-none-eabi/9.3.1/../../../../arm-none-eabi/lib/thumb/v7e-m+fp/hard\libc_nano.a(lib_a-memset.o)
                0x000000000800b13c                memset
 .text._free_r  0x000000000800b14c       0xa0 c:/st/stm32cubeide_1.6.1/stm32cubeide/plugins/com.st.stm32cube.ide.mcu.externaltools.gnu-tools-for-stm32.9-2020-q2-update.win32_1.5.0.202011040924/tools/bin/../lib/gcc/arm-none-eabi/9.3.1/../../../../arm-none-eabi/lib/thumb/v7e-m+fp/hard\libc_nano.a(lib_a-nano-freer.o)
                0x000000000800b14c                _free_r
 .text._malloc_r
                0x000000000800b1ec       0xb4 c:/st/stm32cubeide_1.6.1/stm32cubeide/plugins/com.st.stm32cube.ide.mcu.externaltools.gnu-tools-for-stm32.9-2020-q2-update.win32_1.5.0.202011040924/tools/bin/../lib/gcc/arm-none-eabi/9.3.1/../../../../arm-none-eabi/lib/thumb/v7e-m+fp/hard\libc_nano.a(lib_a-nano-mallocr.o)
                0x000000000800b1ec                _malloc_r
 .text._sbrk_r  0x000000000800b2a0       0x20 c:/st/stm32cubeide_1.6.1/stm32cubeide/plugins/com.st.stm32cube.ide.mcu.externaltools.gnu-tools-for-stm32.9-2020-q2-update.win32_1.5.0.202011040924/tools/bin/../lib/gcc/arm-none-eabi/9.3.1/../../../../arm-none-eabi/lib/thumb/v7e-m+fp/hard\libc_nano.a(lib_a-sbrkr.o)
                0x000000000800b2a0                _sbrk_r
 .text.sprintf  0x000000000800b2c0       0x40 c:/st/stm32cubeide_1.6.1/stm32cubeide/plugins/com.st.stm32cube.ide.mcu.externaltools.gnu-tools-for-stm32.9-2020-q2-update.win32_1.5.0.202011040924/tools/bin/../lib/gcc/arm-none-eabi/9.3.1/../../../../arm-none-eabi/lib/thumb/v7e-m+fp/hard\libc_nano.a(lib_a-sprintf.o)
                0x000000000800b2c0                siprintf
                0x000000000800b2c0                sprintf
 .text._vsnprintf_r
                0x000000000800b300       0x58 c:/st/stm32cubeide_1.6.1/stm32cubeide/plugins/com.st.stm32cube.ide.mcu.externaltools.gnu-tools-for-stm32.9-2020-q2-update.win32_1.5.0.202011040924/tools/bin/../lib/gcc/arm-none-eabi/9.3.1/../../../../arm-none-eabi/lib/thumb/v7e-m+fp/hard\libc_nano.a(lib_a-vsnprintf.o)
                0x000000000800b300                _vsniprintf_r
                0x000000000800b300                _vsnprintf_r
 .text.vsnprintf
                0x000000000800b358       0x1c c:/st/stm32cubeide_1.6.1/stm32cubeide/plugins/com.st.stm32cube.ide.mcu.externaltools.gnu-tools-for-stm32.9-2020-q2-update.win32_1.5.0.202011040924/tools/bin/../lib/gcc/arm-none-eabi/9.3.1/../../../../arm-none-eabi/lib/thumb/v7e-m+fp/hard\libc_nano.a(lib_a-vsnprintf.o)
                0x000000000800b358                vsniprintf
                0x000000000800b358                vsnprintf
 .text.__malloc_lock
                0x000000000800b374        0xc c:/st/stm32cubeide_1.6.1/stm32cubeide/plugins/com.st.stm32cube.ide.mcu.externaltools.gnu-tools-for-stm32.9-2020-q2-update.win32_1.5.0.202011040924/tools/bin/../lib/gcc/arm-none-eabi/9.3.1/../../../../arm-none-eabi/lib/thumb/v7e-m+fp/hard\libc_nano.a(lib_a-mlock.o)
                0x000000000800b374                __malloc_lock
 .text.__malloc_unlock
                0x000000000800b380        0xc c:/st/stm32cubeide_1.6.1/stm32cubeide/plugins/com.st.stm32cube.ide.mcu.externaltools.gnu-tools-for-stm32.9-2020-q2-update.win32_1.5.0.202011040924/tools/bin/../lib/gcc/arm-none-eabi/9.3.1/../../../../arm-none-eabi/lib/thumb/v7e-m+fp/hard\libc_nano.a(lib_a-mlock.o)
                0x000000000800b380                __malloc_unlock
 .text.__ssputs_r
                0x000000000800b38c       0xb6 c:/st/stm32cubeide_1.6.1/stm32cubeide/plugins/com.st.stm32cube.ide.mcu.externaltools.gnu-tools-for-stm32.9-2020-q2-update.win32_1.5.0.202011040924/tools/bin/../lib/gcc/arm-none-eabi/9.3.1/../../../../arm-none-eabi/lib/thumb/v7e-m+fp/hard\libc_nano.a(lib_a-nano-svfprintf.o)
                0x000000000800b38c                __ssputs_r
 *fill*         0x000000000800b442        0x2 
 .text._svfprintf_r
                0x000000000800b444      0x200 c:/st/stm32cubeide_1.6.1/stm32cubeide/plugins/com.st.stm32cube.ide.mcu.externaltools.gnu-tools-for-stm32.9-2020-q2-update.win32_1.5.0.202011040924/tools/bin/../lib/gcc/arm-none-eabi/9.3.1/../../../../arm-none-eabi/lib/thumb/v7e-m+fp/hard\libc_nano.a(lib_a-nano-svfprintf.o)
                0x000000000800b444                _svfiprintf_r
                0x000000000800b444                _svfprintf_r
 .text._printf_common
                0x000000000800b644       0xda c:/st/stm32cubeide_1.6.1/stm32cubeide/plugins/com.st.stm32cube.ide.mcu.externaltools.gnu-tools-for-stm32.9-2020-q2-update.win32_1.5.0.202011040924/tools/bin/../lib/gcc/arm-none-eabi/9.3.1/../../../../arm-none-eabi/lib/thumb/v7e-m+fp/hard\libc_nano.a(lib_a-nano-vfprintf_i.o)
                0x000000000800b644                _printf_common
 *fill*         0x000000000800b71e        0x2 
 .text._printf_i
                0x000000000800b720      0x24c c:/st/stm32cubeide_1.6.1/stm32cubeide/plugins/com.st.stm32cube.ide.mcu.externaltools.gnu-tools-for-stm32.9-2020-q2-update.win32_1.5.0.202011040924/tools/bin/../lib/gcc/arm-none-eabi/9.3.1/../../../../arm-none-eabi/lib/thumb/v7e-m+fp/hard\libc_nano.a(lib_a-nano-vfprintf_i.o)
                0x000000000800b720                _printf_i
 .text.__retarget_lock_acquire_recursive
                0x000000000800b96c        0x2 c:/st/stm32cubeide_1.6.1/stm32cubeide/plugins/com.st.stm32cube.ide.mcu.externaltools.gnu-tools-for-stm32.9-2020-q2-update.win32_1.5.0.202011040924/tools/bin/../lib/gcc/arm-none-eabi/9.3.1/../../../../arm-none-eabi/lib/thumb/v7e-m+fp/hard\libc_nano.a(lib_a-lock.o)
                0x000000000800b96c                __retarget_lock_acquire_recursive
 .text.__retarget_lock_release_recursive
                0x000000000800b96e        0x2 c:/st/stm32cubeide_1.6.1/stm32cubeide/plugins/com.st.stm32cube.ide.mcu.externaltools.gnu-tools-for-stm32.9-2020-q2-update.win32_1.5.0.202011040924/tools/bin/../lib/gcc/arm-none-eabi/9.3.1/../../../../arm-none-eabi/lib/thumb/v7e-m+fp/hard\libc_nano.a(lib_a-lock.o)
                0x000000000800b96e                __retarget_lock_release_recursive
 .text.memmove  0x000000000800b970       0x34 c:/st/stm32cubeide_1.6.1/stm32cubeide/plugins/com.st.stm32cube.ide.mcu.externaltools.gnu-tools-for-stm32.9-2020-q2-update.win32_1.5.0.202011040924/tools/bin/../lib/gcc/arm-none-eabi/9.3.1/../../../../arm-none-eabi/lib/thumb/v7e-m+fp/hard\libc_nano.a(lib_a-memmove.o)
                0x000000000800b970                memmove
 .text._realloc_r
                0x000000000800b9a4       0x4c c:/st/stm32cubeide_1.6.1/stm32cubeide/plugins/com.st.stm32cube.ide.mcu.externaltools.gnu-tools-for-stm32.9-2020-q2-update.win32_1.5.0.202011040924/tools/bin/../lib/gcc/arm-none-eabi/9.3.1/../../../../arm-none-eabi/lib/thumb/v7e-m+fp/hard\libc_nano.a(lib_a-nano-reallocr.o)
                0x000000000800b9a4                _realloc_r
 .text._malloc_usable_size_r
                0x000000000800b9f0       0x10 c:/st/stm32cubeide_1.6.1/stm32cubeide/plugins/com.st.stm32cube.ide.mcu.externaltools.gnu-tools-for-stm32.9-2020-q2-update.win32_1.5.0.202011040924/tools/bin/../lib/gcc/arm-none-eabi/9.3.1/../../../../arm-none-eabi/lib/thumb/v7e-m+fp/hard\libc_nano.a(lib_a-nano-msizer.o)
                0x000000000800b9f0                _malloc_usable_size_r
 *(.glue_7)
 .glue_7        0x000000000800ba00        0x0 linker stubs
 *(.glue_7t)
 .glue_7t       0x000000000800ba00        0x0 linker stubs
 *(.eh_frame)
 .eh_frame      0x000000000800ba00        0x0 c:/st/stm32cubeide_1.6.1/stm32cubeide/plugins/com.st.stm32cube.ide.mcu.externaltools.gnu-tools-for-stm32.9-2020-q2-update.win32_1.5.0.202011040924/tools/bin/../lib/gcc/arm-none-eabi/9.3.1/thumb/v7e-m+fp/hard/crtbegin.o
 *(.init)
 .init          0x000000000800ba00        0x4 c:/st/stm32cubeide_1.6.1/stm32cubeide/plugins/com.st.stm32cube.ide.mcu.externaltools.gnu-tools-for-stm32.9-2020-q2-update.win32_1.5.0.202011040924/tools/bin/../lib/gcc/arm-none-eabi/9.3.1/thumb/v7e-m+fp/hard/crti.o
                0x000000000800ba00                _init
 .init          0x000000000800ba04        0x8 c:/st/stm32cubeide_1.6.1/stm32cubeide/plugins/com.st.stm32cube.ide.mcu.externaltools.gnu-tools-for-stm32.9-2020-q2-update.win32_1.5.0.202011040924/tools/bin/../lib/gcc/arm-none-eabi/9.3.1/thumb/v7e-m+fp/hard/crtn.o
 *(.fini)
 .fini          0x000000000800ba0c        0x4 c:/st/stm32cubeide_1.6.1/stm32cubeide/plugins/com.st.stm32cube.ide.mcu.externaltools.gnu-tools-for-stm32.9-2020-q2-update.win32_1.5.0.202011040924/tools/bin/../lib/gcc/arm-none-eabi/9.3.1/thumb/v7e-m+fp/hard/crti.o
                0x000000000800ba0c                _fini
 .fini          0x000000000800ba10        0x8 c:/st/stm32cubeide_1.6.1/stm32cubeide/plugins/com.st.stm32cube.ide.mcu.externaltools.gnu-tools-for-stm32.9-2020-q2-update.win32_1.5.0.202011040924/tools/bin/../lib/gcc/arm-none-eabi/9.3.1/thumb/v7e-m+fp/hard/crtn.o
                0x000000000800ba18                . = ALIGN (0x4)
                0x000000000800ba18                _etext = .

.vfp11_veneer   0x000000000800ba18        0x0
 .vfp11_veneer  0x000000000800ba18        0x0 linker stubs

.v4_bx          0x000000000800ba18        0x0
 .v4_bx         0x000000000800ba18        0x0 linker stubs

.iplt           0x000000000800ba18        0x0
 .iplt          0x000000000800ba18        0x0 c:/st/stm32cubeide_1.6.1/stm32cubeide/plugins/com.st.stm32cube.ide.mcu.externaltools.gnu-tools-for-stm32.9-2020-q2-update.win32_1.5.0.202011040924/tools/bin/../lib/gcc/arm-none-eabi/9.3.1/thumb/v7e-m+fp/hard/crtbegin.o

.rodata         0x000000000800ba18      0x120
                0x000000000800ba18                . = ALIGN (0x4)
 *(.rodata)
 .rodata        0x000000000800ba18       0x7c Core/Src/main.o
 .rodata        0x000000000800ba94        0x3 Drivers/AHT10/AHT10.o
 *fill*         0x000000000800ba97        0x1 
 .rodata        0x000000000800ba98       0x3e USB_DEVICE/App/usbd_desc.o
 *(.rodata*)
 *fill*         0x000000000800bad6        0x2 
 .rodata.rounders
                0x000000000800bad8       0x14 Core/Src/main.o
 .rodata.AHBPrescTable
                0x000000000800baec       0x10 Core/Src/system_stm32f4xx.o
                0x000000000800baec                AHBPrescTable
 .rodata.APBPrescTable
                0x000000000800bafc        0x8 Core/Src/system_stm32f4xx.o
                0x000000000800bafc                APBPrescTable
 .rodata._svfprintf_r.str1.1
                0x000000000800bb04       0x11 c:/st/stm32cubeide_1.6.1/stm32cubeide/plugins/com.st.stm32cube.ide.mcu.externaltools.gnu-tools-for-stm32.9-2020-q2-update.win32_1.5.0.202011040924/tools/bin/../lib/gcc/arm-none-eabi/9.3.1/../../../../arm-none-eabi/lib/thumb/v7e-m+fp/hard\libc_nano.a(lib_a-nano-svfprintf.o)
 .rodata._printf_i.str1.1
                0x000000000800bb15       0x22 c:/st/stm32cubeide_1.6.1/stm32cubeide/plugins/com.st.stm32cube.ide.mcu.externaltools.gnu-tools-for-stm32.9-2020-q2-update.win32_1.5.0.202011040924/tools/bin/../lib/gcc/arm-none-eabi/9.3.1/../../../../arm-none-eabi/lib/thumb/v7e-m+fp/hard\libc_nano.a(lib_a-nano-vfprintf_i.o)
                0x000000000800bb38                . = ALIGN (0x4)
 *fill*         0x000000000800bb37        0x1 

.ARM.extab      0x000000000800bb38        0x0
                0x000000000800bb38                . = ALIGN (0x4)
 *(.ARM.extab* .gnu.linkonce.armextab.*)
                0x000000000800bb38                . = ALIGN (0x4)

.ARM            0x000000000800bb38        0x8
                0x000000000800bb38                . = ALIGN (0x4)
                0x000000000800bb38                __exidx_start = .
 *(.ARM.exidx*)
 .ARM.exidx     0x000000000800bb38        0x8 c:/st/stm32cubeide_1.6.1/stm32cubeide/plugins/com.st.stm32cube.ide.mcu.externaltools.gnu-tools-for-stm32.9-2020-q2-update.win32_1.5.0.202011040924/tools/bin/../lib/gcc/arm-none-eabi/9.3.1/thumb/v7e-m+fp/hard\libgcc.a(_udivmoddi4.o)
                0x000000000800bb40                __exidx_end = .
                0x000000000800bb40                . = ALIGN (0x4)

.rel.dyn        0x000000000800bb40        0x0
 .rel.iplt      0x000000000800bb40        0x0 c:/st/stm32cubeide_1.6.1/stm32cubeide/plugins/com.st.stm32cube.ide.mcu.externaltools.gnu-tools-for-stm32.9-2020-q2-update.win32_1.5.0.202011040924/tools/bin/../lib/gcc/arm-none-eabi/9.3.1/thumb/v7e-m+fp/hard/crtbegin.o

.preinit_array  0x000000000800bb40        0x0
                0x000000000800bb40                . = ALIGN (0x4)
                0x000000000800bb40                PROVIDE (__preinit_array_start = .)
 *(.preinit_array*)
                0x000000000800bb40                PROVIDE (__preinit_array_end = .)
                0x000000000800bb40                . = ALIGN (0x4)

.init_array     0x000000000800bb40        0x4
                0x000000000800bb40                . = ALIGN (0x4)
                0x000000000800bb40                PROVIDE (__init_array_start = .)
 *(SORT_BY_NAME(.init_array.*))
 *(.init_array*)
 .init_array    0x000000000800bb40        0x4 c:/st/stm32cubeide_1.6.1/stm32cubeide/plugins/com.st.stm32cube.ide.mcu.externaltools.gnu-tools-for-stm32.9-2020-q2-update.win32_1.5.0.202011040924/tools/bin/../lib/gcc/arm-none-eabi/9.3.1/thumb/v7e-m+fp/hard/crtbegin.o
                0x000000000800bb44                PROVIDE (__init_array_end = .)
                0x000000000800bb44                . = ALIGN (0x4)

.fini_array     0x000000000800bb44        0x4
                0x000000000800bb44                . = ALIGN (0x4)
                [!provide]                        PROVIDE (__fini_array_start = .)
 *(SORT_BY_NAME(.fini_array.*))
 *(.fini_array*)
 .fini_array    0x000000000800bb44        0x4 c:/st/stm32cubeide_1.6.1/stm32cubeide/plugins/com.st.stm32cube.ide.mcu.externaltools.gnu-tools-for-stm32.9-2020-q2-update.win32_1.5.0.202011040924/tools/bin/../lib/gcc/arm-none-eabi/9.3.1/thumb/v7e-m+fp/hard/crtbegin.o
                [!provide]                        PROVIDE (__fini_array_end = .)
                0x000000000800bb48                . = ALIGN (0x4)
                0x000000000800bb48                _sidata = LOADADDR (.data)

.data           0x0000000020000000      0x4a0 load address 0x000000000800bb48
                0x0000000020000000                . = ALIGN (0x4)
                0x0000000020000000                _sdata = .
 *(.data)
 *(.data*)
 .data.SystemCoreClock
                0x0000000020000000        0x4 Core/Src/system_stm32f4xx.o
                0x0000000020000000                SystemCoreClock
 .data.AHT10    0x0000000020000004       0x1c Drivers/AHT10/AHT10.o
                0x0000000020000004                AHT10
 .data.HX710B   0x0000000020000020       0x14 Drivers/HX710B/HX710B.o
                0x0000000020000020                HX710B
 .data.Serial1  0x0000000020000034      0x258 Drivers/SERIAL/HALSerial.o
                0x0000000020000034                Serial1
 .data.USBSerial
                0x000000002000028c       0x2c Drivers/SERIAL/USBSerial/SerialUSB.o
                0x000000002000028c                USBSerial
 .data.uwTickPrio
                0x00000000200002b8        0x4 Drivers/STM32F4xx_HAL_Driver/Src/stm32f4xx_hal.o
                0x00000000200002b8                uwTickPrio
 .data.uwTickFreq
                0x00000000200002bc        0x1 Drivers/STM32F4xx_HAL_Driver/Src/stm32f4xx_hal.o
                0x00000000200002bc                uwTickFreq
 *fill*         0x00000000200002bd        0x3 
 .data.USBD_CDC_DeviceQualifierDesc
                0x00000000200002c0        0xa Middlewares/ST/STM32_USB_Device_Library/Class/CDC/Src/usbd_cdc.o
 *fill*         0x00000000200002ca        0x2 
 .data.USBD_CDC
                0x00000000200002cc       0x38 Middlewares/ST/STM32_USB_Device_Library/Class/CDC/Src/usbd_cdc.o
                0x00000000200002cc                USBD_CDC
 .data.USBD_CDC_CfgHSDesc
                0x0000000020000304       0x43 Middlewares/ST/STM32_USB_Device_Library/Class/CDC/Src/usbd_cdc.o
 *fill*         0x0000000020000347        0x1 
 .data.USBD_CDC_CfgFSDesc
                0x0000000020000348       0x43 Middlewares/ST/STM32_USB_Device_Library/Class/CDC/Src/usbd_cdc.o
 *fill*         0x000000002000038b        0x1 
 .data.USBD_CDC_OtherSpeedCfgDesc
                0x000000002000038c       0x43 Middlewares/ST/STM32_USB_Device_Library/Class/CDC/Src/usbd_cdc.o
 .data.receivePended
                0x00000000200003cf        0x1 USB_DEVICE/App/usbd_cdc_if.o
                0x00000000200003cf                receivePended
 .data.linecoding
                0x00000000200003d0        0x8 USB_DEVICE/App/usbd_cdc_if.o
                0x00000000200003d0                linecoding
 .data.USBD_Interface_fops_FS
                0x00000000200003d8       0x14 USB_DEVICE/App/usbd_cdc_if.o
                0x00000000200003d8                USBD_Interface_fops_FS
 .data.FS_Desc  0x00000000200003ec       0x1c USB_DEVICE/App/usbd_desc.o
                0x00000000200003ec                FS_Desc
 .data.USBD_FS_DeviceDesc
                0x0000000020000408       0x12 USB_DEVICE/App/usbd_desc.o
                0x0000000020000408                USBD_FS_DeviceDesc
 *fill*         0x000000002000041a        0x2 
 .data.USBD_LangIDDesc
                0x000000002000041c        0x4 USB_DEVICE/App/usbd_desc.o
                0x000000002000041c                USBD_LangIDDesc
 .data.USBD_StringSerial
                0x0000000020000420       0x1a USB_DEVICE/App/usbd_desc.o
                0x0000000020000420                USBD_StringSerial
 *fill*         0x000000002000043a        0x2 
 .data._impure_ptr
                0x000000002000043c        0x4 c:/st/stm32cubeide_1.6.1/stm32cubeide/plugins/com.st.stm32cube.ide.mcu.externaltools.gnu-tools-for-stm32.9-2020-q2-update.win32_1.5.0.202011040924/tools/bin/../lib/gcc/arm-none-eabi/9.3.1/../../../../arm-none-eabi/lib/thumb/v7e-m+fp/hard\libc_nano.a(lib_a-impure.o)
                0x000000002000043c                _impure_ptr
 .data.impure_data
                0x0000000020000440       0x60 c:/st/stm32cubeide_1.6.1/stm32cubeide/plugins/com.st.stm32cube.ide.mcu.externaltools.gnu-tools-for-stm32.9-2020-q2-update.win32_1.5.0.202011040924/tools/bin/../lib/gcc/arm-none-eabi/9.3.1/../../../../arm-none-eabi/lib/thumb/v7e-m+fp/hard\libc_nano.a(lib_a-impure.o)
 *(.RamFunc)
 *(.RamFunc*)
                0x00000000200004a0                . = ALIGN (0x4)
                0x00000000200004a0                _edata = .

.igot.plt       0x00000000200004a0        0x0 load address 0x000000000800bfe8
 .igot.plt      0x00000000200004a0        0x0 c:/st/stm32cubeide_1.6.1/stm32cubeide/plugins/com.st.stm32cube.ide.mcu.externaltools.gnu-tools-for-stm32.9-2020-q2-update.win32_1.5.0.202011040924/tools/bin/../lib/gcc/arm-none-eabi/9.3.1/thumb/v7e-m+fp/hard/crtbegin.o
                0x00000000200004a0                . = ALIGN (0x4)

.bss            0x00000000200004a0     0x1e90 load address 0x000000000800bfe8
                0x00000000200004a0                _sbss = .
                0x00000000200004a0                __bss_start__ = _sbss
 *(.bss)
 .bss           0x00000000200004a0       0x1c c:/st/stm32cubeide_1.6.1/stm32cubeide/plugins/com.st.stm32cube.ide.mcu.externaltools.gnu-tools-for-stm32.9-2020-q2-update.win32_1.5.0.202011040924/tools/bin/../lib/gcc/arm-none-eabi/9.3.1/thumb/v7e-m+fp/hard/crtbegin.o
 *(.bss*)
 .bss.__sbrk_heap_end
                0x00000000200004bc        0x4 Core/Src/sysmem.o
 .bss.cfgidx.10910
                0x00000000200004c0        0x1 Middlewares/ST/STM32_USB_Device_Library/Core/Src/usbd_ctlreq.o
 *fill*         0x00000000200004c1        0x3 
 .bss.lineState
                0x00000000200004c4        0x4 USB_DEVICE/App/usbd_cdc_if.o
                0x00000000200004c4                lineState
 .bss.transmitStart
                0x00000000200004c8        0x4 USB_DEVICE/App/usbd_cdc_if.o
 .bss.mem.10979
                0x00000000200004cc      0x220 USB_DEVICE/Target/usbd_conf.o
 .bss.__malloc_free_list
                0x00000000200006ec        0x4 c:/st/stm32cubeide_1.6.1/stm32cubeide/plugins/com.st.stm32cube.ide.mcu.externaltools.gnu-tools-for-stm32.9-2020-q2-update.win32_1.5.0.202011040924/tools/bin/../lib/gcc/arm-none-eabi/9.3.1/../../../../arm-none-eabi/lib/thumb/v7e-m+fp/hard\libc_nano.a(lib_a-nano-mallocr.o)
                0x00000000200006ec                __malloc_free_list
 .bss.__malloc_sbrk_start
                0x00000000200006f0        0x4 c:/st/stm32cubeide_1.6.1/stm32cubeide/plugins/com.st.stm32cube.ide.mcu.externaltools.gnu-tools-for-stm32.9-2020-q2-update.win32_1.5.0.202011040924/tools/bin/../lib/gcc/arm-none-eabi/9.3.1/../../../../arm-none-eabi/lib/thumb/v7e-m+fp/hard\libc_nano.a(lib_a-nano-mallocr.o)
                0x00000000200006f0                __malloc_sbrk_start
 *(COMMON)
 COMMON         0x00000000200006f4      0x100 Core/Src/main.o
                0x00000000200006f4                hi2c1
                0x0000000020000748                huart1
                0x000000002000078c                hrtc
                0x00000000200007ac                htim1
 COMMON         0x00000000200007f4      0x100 Drivers/SERIAL/HALSerial.o
                0x00000000200007f4                serial_buffer_print
 COMMON         0x00000000200008f4        0x4 Drivers/STM32F4xx_HAL_Driver/Src/stm32f4xx_hal.o
                0x00000000200008f4                uwTick
 COMMON         0x00000000200008f8      0x2d0 USB_DEVICE/App/usb_device.o
                0x00000000200008f8                hUsbDeviceFS
 COMMON         0x0000000020000bc8     0x114e USB_DEVICE/App/usbd_cdc_if.o
                0x0000000020000bc8                TransmitQueue
                0x0000000020000c50                UserRxBufferFS
                0x0000000020001450                UserTxBufferFS
                0x0000000020001c50                ReceiveQueue
 *fill*         0x0000000020001d16        0x2 
 COMMON         0x0000000020001d18      0x200 USB_DEVICE/App/usbd_desc.o
                0x0000000020001d18                USBD_StrDesc
 COMMON         0x0000000020001f18      0x408 USB_DEVICE/Target/usbd_conf.o
                0x0000000020001f18                hpcd_USB_OTG_FS
 COMMON         0x0000000020002320        0x4 c:/st/stm32cubeide_1.6.1/stm32cubeide/plugins/com.st.stm32cube.ide.mcu.externaltools.gnu-tools-for-stm32.9-2020-q2-update.win32_1.5.0.202011040924/tools/bin/../lib/gcc/arm-none-eabi/9.3.1/../../../../arm-none-eabi/lib/thumb/v7e-m+fp/hard\libc_nano.a(lib_a-reent.o)
                0x0000000020002320                errno
 COMMON         0x0000000020002324        0x9 c:/st/stm32cubeide_1.6.1/stm32cubeide/plugins/com.st.stm32cube.ide.mcu.externaltools.gnu-tools-for-stm32.9-2020-q2-update.win32_1.5.0.202011040924/tools/bin/../lib/gcc/arm-none-eabi/9.3.1/../../../../arm-none-eabi/lib/thumb/v7e-m+fp/hard\libc_nano.a(lib_a-lock.o)
                0x0000000020002324                __lock___atexit_recursive_mutex
                0x0000000020002325                __lock___arc4random_mutex
                0x0000000020002326                __lock___env_recursive_mutex
                0x0000000020002327                __lock___sinit_recursive_mutex
                0x0000000020002328                __lock___malloc_recursive_mutex
                0x0000000020002329                __lock___at_quick_exit_mutex
                0x000000002000232a                __lock___dd_hash_mutex
                0x000000002000232b                __lock___tz_mutex
                0x000000002000232c                __lock___sfp_recursive_mutex
                0x0000000020002330                . = ALIGN (0x4)
 *fill*         0x000000002000232d        0x3 
                0x0000000020002330                _ebss = .
                0x0000000020002330                __bss_end__ = _ebss

._user_heap_stack
                0x0000000020002330      0x600 load address 0x000000000800bfe8
                0x0000000020002330                . = ALIGN (0x8)
                [!provide]                        PROVIDE (end = .)
                0x0000000020002330                PROVIDE (_end = .)
                0x0000000020002530                . = (. + _Min_Heap_Size)
 *fill*         0x0000000020002330      0x200 
                0x0000000020002930                . = (. + _Min_Stack_Size)
 *fill*         0x0000000020002530      0x400 
                0x0000000020002930                . = ALIGN (0x8)

/DISCARD/
 libc.a(*)
 libm.a(*)
 libgcc.a(*)

.ARM.attributes
                0x0000000000000000       0x30
 *(.ARM.attributes)
 .ARM.attributes
                0x0000000000000000       0x1e c:/st/stm32cubeide_1.6.1/stm32cubeide/plugins/com.st.stm32cube.ide.mcu.externaltools.gnu-tools-for-stm32.9-2020-q2-update.win32_1.5.0.202011040924/tools/bin/../lib/gcc/arm-none-eabi/9.3.1/thumb/v7e-m+fp/hard/crti.o
 .ARM.attributes
                0x000000000000001e       0x34 c:/st/stm32cubeide_1.6.1/stm32cubeide/plugins/com.st.stm32cube.ide.mcu.externaltools.gnu-tools-for-stm32.9-2020-q2-update.win32_1.5.0.202011040924/tools/bin/../lib/gcc/arm-none-eabi/9.3.1/thumb/v7e-m+fp/hard/crtbegin.o
 .ARM.attributes
                0x0000000000000052       0x34 Core/Src/main.o
 .ARM.attributes
                0x0000000000000086       0x34 Core/Src/stm32f4xx_hal_msp.o
 .ARM.attributes
                0x00000000000000ba       0x34 Core/Src/stm32f4xx_it.o
 .ARM.attributes
                0x00000000000000ee       0x34 Core/Src/sysmem.o
 .ARM.attributes
                0x0000000000000122       0x34 Core/Src/system_stm32f4xx.o
 .ARM.attributes
                0x0000000000000156       0x21 Core/Startup/startup_stm32f411ceux.o
 .ARM.attributes
                0x0000000000000177       0x34 Drivers/AHT10/AHT10.o
 .ARM.attributes
                0x00000000000001ab       0x34 Drivers/BASIC_IO/micro_delay.o
 .ARM.attributes
                0x00000000000001df       0x34 Drivers/HX710B/HX710B.o
 .ARM.attributes
                0x0000000000000213       0x34 Drivers/SERIAL/HALSerial.o
 .ARM.attributes
                0x0000000000000247       0x34 Drivers/SERIAL/Print.o
 .ARM.attributes
                0x000000000000027b       0x34 Drivers/SERIAL/Stream.o
 .ARM.attributes
                0x00000000000002af       0x34 Drivers/SERIAL/USBSerial/SerialUSB.o
 .ARM.attributes
                0x00000000000002e3       0x34 Drivers/SERIAL/USBSerial/cdc_queue.o