Archive member included to satisfy reference by file (symbol)

c:/st/stm32cubeide_1.6.1/stm32cubeide/plugins/com.st.stm32cube.ide.mcu.externaltools.gnu-tools-for-stm32.9-2020-q2-update.win32_1.5.0.202011040924/tools/bin/../lib/gcc/arm-none-eabi/9.3.1/../../../../arm-none-eabi/lib/thumb/v7e-m+fp/hard\libc_nano.a(lib_a-atoi.o)
                              Core/Src/main.o (atoi)
c:/st/stm32cubeide_1.6.1/stm32cubeide/plugins/com.st.stm32cube.ide.mcu.externaltools.gnu-tools-for-stm32.9-2020-q2-update.win32_1.5.0.202011040924/tools/bin/../lib/gcc/arm-none-eabi/9.3.1/../../../../arm-none-eabi/lib/thumb/v7e-m+fp/hard\libc_nano.a(lib_a-errno.o)
                              Core/Src/syscalls.o (__errno)
c:/st/stm32cubeide_1.6.1/stm32cubeide/plugins/com.st.stm32cube.ide.mcu.externaltools.gnu-tools-for-stm32.9-2020-q2-update.win32_1.5.0.202011040924/tools/bin/../lib/gcc/arm-none-eabi/9.3.1/../../../../arm-none-eabi/lib/thumb/v7e-m+fp/hard\libc_nano.a(lib_a-exit.o)
                              c:/st/stm32cubeide_1.6.1/stm32cubeide/plugins/com.st.stm32cube.ide.mcu.externaltools.gnu-tools-for-stm32.9-2020-q2-update.win32_1.5.0.202011040924/tools/bin/../lib/gcc/arm-none-eabi/9.3.1/../../../../arm-none-eabi/lib/thumb/v7e-m+fp/hard/crt0.o (exit)
c:/st/stm32cubeide_1.6.1/stm32cubeide/plugins/com.st.stm32cube.ide.mcu.externaltools.gnu-tools-for-stm32.9-2020-q2-update.win32_1.5.0.202011040924/tools/bin/../lib/gcc/arm-none-eabi/9.3.1/../../../../arm-none-eabi/lib/thumb/v7e-m+fp/hard\libc_nano.a(lib_a-impure.o)
                              c:/st/stm32cubeide_1.6.1/stm32cubeide/plugins/com.st.stm32cube.ide.mcu.externaltools.gnu-tools-for-stm32.9-2020-q2-update.win32_1.5.0.202011040924/tools/bin/../lib/gcc/arm-none-eabi/9.3.1/../../../../arm-none-eabi/lib/thumb/v7e-m+fp/hard\libc_nano.a(lib_a-exit.o) (_global_impure_ptr)
c:/st/stm32cubeide_1.6.1/stm32cubeide/plugins/com.st.stm32cube.ide.mcu.externaltools.gnu-tools-for-stm32.9-2020-q2-update.win32_1.5.0.202011040924/tools/bin/../lib/gcc/arm-none-eabi/9.3.1/../../../../arm-none-eabi/lib/thumb/v7e-m+fp/hard\libc_nano.a(lib_a-init.o)
                              c:/st/stm32cubeide_1.6.1/stm32cubeide/plugins/com.st.stm32cube.ide.mcu.externaltools.gnu-tools-for-stm32.9-2020-q2-update.win32_1.5.0.202011040924/tools/bin/../lib/gcc/arm-none-eabi/9.3.1/../../../../arm-none-eabi/lib/thumb/v7e-m+fp/hard/crt0.o (__libc_init_array)
c:/st/stm32cubeide_1.6.1/stm32cubeide/plugins/com.st.stm32cube.ide.mcu.externaltools.gnu-tools-for-stm32.9-2020-q2-update.win32_1.5.0.202011040924/tools/bin/../lib/gcc/arm-none-eabi/9.3.1/../../../../arm-none-eabi/lib/thumb/v7e-m+fp/hard\libc_nano.a(lib_a-itoa.o)
                              Core/Src/main.o (itoa)
c:/st/stm32cubeide_1.6.1/stm32cubeide/plugins/com.st.stm32cube.ide.mcu.externaltools.gnu-tools-for-stm32.9-2020-q2-update.win32_1.5.0.202011040924/tools/bin/../lib/gcc/arm-none-eabi/9.3.1/../../../../arm-none-eabi/lib/thumb/v7e-m+fp/hard\libc_nano.a(lib_a-malloc.o)
                              Drivers/AHT10/AHT10.o (malloc)
c:/st/stm32cubeide_1.6.1/stm32cubeide/plugins/com.st.stm32cube.ide.mcu.externaltools.gnu-tools-for-stm32.9-2020-q2-update.win32_1.5.0.202011040924/tools/bin/../lib/gcc/arm-none-eabi/9.3.1/../../../../arm-none-eabi/lib/thumb/v7e-m+fp/hard\libc_nano.a(lib_a-memcpy-stub.o)
                              Drivers/SERIAL/USBSerial/cdc_queue.o (memcpy)
c:/st/stm32cubeide_1.6.1/stm32cubeide/plugins/com.st.stm32cube.ide.mcu.externaltools.gnu-tools-for-stm32.9-2020-q2-update.win32_1.5.0.202011040924/tools/bin/../lib/gcc/arm-none-eabi/9.3.1/../../../../arm-none-eabi/lib/thumb/v7e-m+fp/hard\libc_nano.a(lib_a-memset.o)
                              c:/st/stm32cubeide_1.6.1/stm32cubeide/plugins/com.st.stm32cube.ide.mcu.externaltools.gnu-tools-for-stm32.9-2020-q2-update.win32_1.5.0.202011040924/tools/bin/../lib/gcc/arm-none-eabi/9.3.1/../../../../arm-none-eabi/lib/thumb/v7e-m+fp/hard/crt0.o (memset)
c:/st/stm32cubeide_1.6.1/stm32cubeide/plugins/com.st.stm32cube.ide.mcu.externaltools.gnu-tools-for-stm32.9-2020-q2-update.win32_1.5.0.202011040924/tools/bin/../lib/gcc/arm-none-eabi/9.3.1/../../../../arm-none-eabi/lib/thumb/v7e-m+fp/hard\libc_nano.a(lib_a-nano-freer.o)
                              c:/st/stm32cubeide_1.6.1/stm32cubeide/plugins/com.st.stm32cube.ide.mcu.externaltools.gnu-tools-for-stm32.9-2020-q2-update.win32_1.5.0.202011040924/tools/bin/../lib/gcc/arm-none-eabi/9.3.1/../../../../arm-none-eabi/lib/thumb/v7e-m+fp/hard\libc_nano.a(lib_a-malloc.o) (_free_r)
c:/st/stm32cubeide_1.6.1/stm32cubeide/plugins/com.st.stm32cube.ide.mcu.externaltools.gnu-tools-for-stm32.9-2020-q2-update.win32_1.5.0.202011040924/tools/bin/../lib/gcc/arm-none-eabi/9.3.1/../../../../arm-none-eabi/lib/thumb/v7e-m+fp/hard\libc_nano.a(lib_a-nano-mallocr.o)
[...]
Memory Configuration

Name             Origin             Length             Attributes
RAM              0x0000000020000000 0x0000000000020000 xrw
FLASH            0x0000000008000000 0x0000000000080000 xr
*default*        0x0000000000000000 0xffffffffffffffff

Linker script and memory map

LOAD c:/st/stm32cubeide_1.6.1/stm32cubeide/plugins/com.st.stm32cube.ide.mcu.externaltools.gnu-tools-for-stm32.9-2020-q2-update.win32_1.5.0.202011040924/tools/bin/../lib/gcc/arm-none-eabi/9.3.1/thumb/v7e-m+fp/hard/crti.o
LOAD c:/st/stm32cubeide_1.6.1/stm32cubeide/plugins/com.st.stm32cube.ide.mcu.externaltools.gnu-tools-for-stm32.9-2020-q2-update.win32_1.5.0.202011040924/tools/bin/../lib/gcc/arm-none-eabi/9.3.1/thumb/v7e-m+fp/hard/crtbegin.o
LOAD c:/st/stm32cubeide_1.6.1/stm32cubeide/plugins/com.st.stm32cube.ide.mcu.externaltools.gnu-tools-for-stm32.9-2020-q2-update.win32_1.5.0.202011040924/tools/bin/../lib/gcc/arm-none-eabi/9.3.1/../../../../arm-none-eabi/lib/thumb/v7e-m+fp/hard/crt0.o
LOAD Core/Src/main.o
LOAD Core/Src/stm32f4xx_hal_msp.o
LOAD Core/Src/stm32f4xx_it.o
LOAD Core/Src/syscalls.o
LOAD Core/Src/sysmem.o
LOAD Core/Src/system_stm32f4xx.o
LOAD Core/Startup/startup_stm32f411ceux.o
LOAD Drivers/AHT10/AHT10.o
LOAD Drivers/BASIC_IO/micro_delay.o
LOAD Drivers/E32_915T30D/E32_915T30.o
LOAD Drivers/HX710B/HX710B.o
LOAD Drivers/Nextion/NexButton.o
LOAD Drivers/Nextion/NexHardware.o
LOAD Drivers/Nextion/NexObject.o
LOAD Drivers/Nextion/NexPicture.o
LOAD Drivers/Nextion/NexProgressBar.o
LOAD Drivers/Nextion/NexRtc.o
LOAD Drivers/Nextion/NexSlider.o
LOAD Drivers/Nextion/NexText.o
LOAD Drivers/SERIAL/HALSerial.o
LOAD Drivers/SERIAL/Print.o
LOAD Drivers/SERIAL/Stream.o
LOAD Drivers/SERIAL/USBSerial/SerialUSB.o
LOAD Drivers/SERIAL/USBSerial/cdc_queue.o
LOAD Drivers/STM32F4xx_HAL_Driver/Src/stm32f4xx_hal.o
LOAD Drivers/STM32F4xx_HAL_Driver/Src/stm32f4xx_hal_cortex.o
LOAD Drivers/STM32F4xx_HAL_Driver/Src/stm32f4xx_hal_dma.o
LOAD Drivers/STM32F4xx_HAL_Driver/Src/stm32f4xx_hal_dma_ex.o
LOAD Drivers/STM32F4xx_HAL_Driver/Src/stm32f4xx_hal_exti.o
LOAD Drivers/STM32F4xx_HAL_Driver/Src/stm32f4xx_hal_flash.o
LOAD Drivers/STM32F4xx_HAL_Driver/Src/stm32f4xx_hal_flash_ex.o
LOAD Drivers/STM32F4xx_HAL_Driver/Src/stm32f4xx_hal_flash_ramfunc.o
LOAD Drivers/STM32F4xx_HAL_Driver/Src/stm32f4xx_hal_gpio.o
LOAD Drivers/STM32F4xx_HAL_Driver/Src/stm32f4xx_hal_i2c.o
LOAD Drivers/STM32F4xx_HAL_Driver/Src/stm32f4xx_hal_i2c_ex.o
LOAD Drivers/STM32F4xx_HAL_Driver/Src/stm32f4xx_hal_pcd.o
LOAD Drivers/STM32F4xx_HAL_Driver/Src/stm32f4xx_hal_pcd_ex.o
LOAD Drivers/STM32F4xx_HAL_Driver/Src/stm32f4xx_hal_pwr.o
LOAD Drivers/STM32F4xx_HAL_Driver/Src/stm32f4xx_hal_pwr_ex.o
LOAD Drivers/STM32F4xx_HAL_Driver/Src/stm32f4xx_hal_rcc.o
LOAD Drivers/STM32F4xx_HAL_Driver/Src/stm32f4xx_hal_rcc_ex.o
LOAD Drivers/STM32F4xx_HAL_Driver/Src/stm32f4xx_hal_rtc.o
LOAD Drivers/STM32F4xx_HAL_Driver/Src/stm32f4xx_hal_rtc_ex.o
LOAD Drivers/STM32F4xx_HAL_Driver/Src/stm32f4xx_hal_tim.o
LOAD Drivers/STM32F4xx_HAL_Driver/Src/stm32f4xx_hal_tim_ex.o
LOAD Drivers/STM32F4xx_HAL_Driver/Src/stm32f4xx_hal_uart.o
LOAD Drivers/STM32F4xx_HAL_Driver/Src/stm32f4xx_ll_usb.o
LOAD Drivers/Soft_I2C/soft_i2c.o
LOAD Drivers/VOC_sensor/SGP40.o
LOAD Drivers/VOC_sensor/sensirion_voc_algorithm.o
LOAD Middlewares/ST/STM32_USB_Device_Library/Class/CDC/Src/usbd_cdc.o
LOAD Middlewares/ST/STM32_USB_Device_Library/Core/Src/usbd_core.o
LOAD Middlewares/ST/STM32_USB_Device_Library/Core/Src/usbd_ctlreq.o
LOAD Middlewares/ST/STM32_USB_Device_Library/Core/Src/usbd_ioreq.o
LOAD USB_DEVICE/App/usb_device.o
LOAD USB_DEVICE/App/usbd_cdc_if.o
LOAD USB_DEVICE/App/usbd_desc.o
LOAD USB_DEVICE/Target/usbd_conf.o
START GROUP
LOAD c:/st/stm32cubeide_1.6.1/stm32cubeide/plugins/com.st.stm32cube.ide.mcu.externaltools.gnu-tools-for-stm32.9-2020-q2-update.win32_1.5.0.202011040924/tools/bin/../lib/gcc/arm-none-eabi/9.3.1/../../../../arm-none-eabi/lib/thumb/v7e-m+fp/hard\libc_nano.a
LOAD c:/st/stm32cubeide_1.6.1/stm32cubeide/plugins/com.st.stm32cube.ide.mcu.externaltools.gnu-tools-for-stm32.9-2020-q2-update.win32_1.5.0.202011040924/tools/bin/../lib/gcc/arm-none-eabi/9.3.1/../../../../arm-none-eabi/lib/thumb/v7e-m+fp/hard\libm.a
END GROUP
START GROUP
LOAD c:/st/stm32cubeide_1.6.1/stm32cubeide/plugins/com.st.stm32cube.ide.mcu.externaltools.gnu-tools-for-stm32.9-2020-q2-update.win32_1.5.0.202011040924/tools/bin/../lib/gcc/arm-none-eabi/9.3.1/thumb/v7e-m+fp/hard\libgcc.a
LOAD c:/st/stm32cubeide_1.6.1/stm32cubeide/plugins/com.st.stm32cube.ide.mcu.externaltools.gnu-tools-for-stm32.9-2020-q2-update.win32_1.5.0.202011040924/tools/bin/../lib/gcc/arm-none-eabi/9.3.1/../../../../arm-none-eabi/lib/thumb/v7e-m+fp/hard\libc_nano.a
END GROUP
START GROUP
LOAD c:/st/stm32cubeide_1.6.1/stm32cubeide/plugins/com.st.stm32cube.ide.mcu.externaltools.gnu-tools-for-stm32.9-2020-q2-update.win32_1.5.0.202011040924/tools/bin/../lib/gcc/arm-none-eabi/9.3.1/thumb/v7e-m+fp/hard\libgcc.a
LOAD c:/st/stm32cubeide_1.6.1/stm32cubeide/plugins/com.st.stm32cube.ide.mcu.externaltools.gnu-tools-for-stm32.9-2020-q2-update.win32_1.5.0.202011040924/tools/bin/../lib/gcc/arm-none-eabi/9.3.1/../../../../arm-none-eabi/lib/thumb/v7e-m+fp/hard\libc_nano.a
LOAD c:/st/stm32cubeide_1.6.1/stm32cubeide/plugins/com.st.stm32cube.ide.mcu.externaltools.gnu-tools-for-stm32.9-2020-q2-update.win32_1.5.0.202011040924/tools/bin/../lib/gcc/arm-none-eabi/9.3.1/../../../../arm-none-eabi/lib/thumb/v7e-m+fp/hard\libnosys.a
END GROUP
START GROUP
LOAD c:/st/stm32cubeide_1.6.1/stm32cubeide/plugins/com.st.stm32cube.ide.mcu.externaltools.gnu-tools-for-stm32.9-2020-q2-update.win32_1.5.0.202011040924/tools/bin/../lib/gcc/arm-none-eabi/9.3.1/thumb/v7e-m+fp/hard\libgcc.a
LOAD c:/st/stm32cubeide_1.6.1/stm32cubeide/plugins/com.st.stm32cube.ide.mcu.externaltools.gnu-tools-for-stm32.9-2020-q2-update.win32_1.5.0.202011040924/tools/bin/../lib/gcc/arm-none-eabi/9.3.1/../../../../arm-none-eabi/lib/thumb/v7e-m+fp/hard\libc_nano.a
LOAD c:/st/stm32cubeide_1.6.1/stm32cubeide/plugins/com.st.stm32cube.ide.mcu.externaltools.gnu-tools-for-stm32.9-2020-q2-update.win32_1.5.0.202011040924/tools/bin/../lib/gcc/arm-none-eabi/9.3.1/../../../../arm-none-eabi/lib/thumb/v7e-m+fp/hard\libnosys.a
END GROUP
LOAD c:/st/stm32cubeide_1.6.1/stm32cubeide/plugins/com.st.stm32cube.ide.mcu.externaltools.gnu-tools-for-stm32.9-2020-q2-update.win32_1.5.0.202011040924/tools/bin/../lib/gcc/arm-none-eabi/9.3.1/thumb/v7e-m+fp/hard/crtend.o
LOAD c:/st/stm32cubeide_1.6.1/stm32cubeide/plugins/com.st.stm32cube.ide.mcu.externaltools.gnu-tools-for-stm32.9-2020-q2-update.win32_1.5.0.202011040924/tools/bin/../lib/gcc/arm-none-eabi/9.3.1/thumb/v7e-m+fp/hard/crtn.o
                0x0000000020020000                _estack = (ORIGIN (RAM) + LENGTH (RAM))
                0x0000000000000200                _Min_Heap_Size = 0x200
                0x0000000000000400                _Min_Stack_Size = 0x400

.isr_vector     0x0000000008000000      0x198
                0x0000000008000000                . = ALIGN (0x4)
 *(.isr_vector)
 .isr_vector    0x0000000008000000      0x198 Core/Startup/startup_stm32f411ceux.o
                0x0000000008000000                g_pfnVectors
                0x0000000008000198                . = ALIGN (0x4)

.text           0x00000000080001a0     0xe680
                0x00000000080001a0                . = ALIGN (0x4)
 *(.text)
 .text          0x00000000080001a0       0x40 c:/st/stm32cubeide_1.6.1/stm32cubeide/plugins/com.st.stm32cube.ide.mcu.externaltools.gnu-tools-for-stm32.9-2020-q2-update.win32_1.5.0.202011040924/tools/bin/../lib/gcc/arm-none-eabi/9.3.1/thumb/v7e-m+fp/hard/crtbegin.o
 .text          0x00000000080001e0       0x10 c:/st/stm32cubeide_1.6.1/stm32cubeide/plugins/com.st.stm32cube.ide.mcu.externaltools.gnu-tools-for-stm32.9-2020-q2-update.win32_1.5.0.202011040924/tools/bin/../lib/gcc/arm-none-eabi/9.3.1/../../../../arm-none-eabi/lib/thumb/v7e-m+fp/hard\libc_nano.a(lib_a-strlen.o)
                0x00000000080001e0                strlen
 .text          0x00000000080001f0       0xa0 c:/st/stm32cubeide_1.6.1/stm32cubeide/plugins/com.st.stm32cube.ide.mcu.externaltools.gnu-tools-for-stm32.9-2020-q2-update.win32_1.5.0.202011040924/tools/bin/../lib/gcc/arm-none-eabi/9.3.1/../../../../arm-none-eabi/lib/thumb/v7e-m+fp/hard\libc_nano.a(lib_a-memchr.o)
                0x00000000080001f0                memchr
 .text          0x0000000008000290      0x378 c:/st/stm32cubeide_1.6.1/stm32cubeide/plugins/com.st.stm32cube.ide.mcu.externaltools.gnu-tools-for-stm32.9-2020-q2-update.win32_1.5.0.202011040924/tools/bin/../lib/gcc/arm-none-eabi/9.3.1/thumb/v7e-m+fp/hard\libgcc.a(_arm_addsubdf3.o)
                0x0000000008000290                __aeabi_drsub
                0x0000000008000298                __aeabi_dsub
                0x0000000008000298                __subdf3
                0x000000000800029c                __aeabi_dadd
                0x000000000800029c                __adddf3
                0x0000000008000514                __floatunsidf
                0x0000000008000514                __aeabi_ui2d
                0x0000000008000534                __floatsidf
                0x0000000008000534                __aeabi_i2d
                0x0000000008000558                __aeabi_f2d
                0x0000000008000558                __extendsfdf2
                0x000000000800059c                __floatundidf
                0x000000000800059c                __aeabi_ul2d
                0x00000000080005ac                __floatdidf
                0x00000000080005ac                __aeabi_l2d
 .text          0x0000000008000608       0x40 c:/st/stm32cubeide_1.6.1/stm32cubeide/plugins/com.st.stm32cube.ide.mcu.externaltools.gnu-tools-for-stm32.9-2020-q2-update.win32_1.5.0.202011040924/tools/bin/../lib/gcc/arm-none-eabi/9.3.1/thumb/v7e-m+fp/hard\libgcc.a(_arm_fixunsdfsi.o)
                0x0000000008000608                __aeabi_d2uiz
                0x0000000008000608                __fixunsdfsi
 .text          0x0000000008000648       0x30 c:/st/stm32cubeide_1.6.1/stm32cubeide/plugins/com.st.stm32cube.ide.mcu.externaltools.gnu-tools-for-stm32.9-2020-q2-update.win32_1.5.0.202011040924/tools/bin/../lib/gcc/arm-none-eabi/9.3.1/thumb/v7e-m+fp/hard\libgcc.a(_aeabi_uldivmod.o)
                0x0000000008000648                __aeabi_uldivmod
 .text          0x0000000008000678      0x2c4 c:/st/stm32cubeide_1.6.1/stm32cubeide/plugins/com.st.stm32cube.ide.mcu.externaltools.gnu-tools-for-stm32.9-2020-q2-update.win32_1.5.0.202011040924/tools/bin/../lib/gcc/arm-none-eabi/9.3.1/thumb/v7e-m+fp/hard\libgcc.a(_udivmoddi4.o)
                0x0000000008000678                __udivmoddi4
 .text          0x000000000800093c        0x4 c:/st/stm32cubeide_1.6.1/stm32cubeide/plugins/com.st.stm32cube.ide.mcu.externaltools.gnu-tools-for-stm32.9-2020-q2-update.win32_1.5.0.202011040924/tools/bin/../lib/gcc/arm-none-eabi/9.3.1/thumb/v7e-m+fp/hard\libgcc.a(_dvmd_tls.o)
                0x000000000800093c                __aeabi_idiv0
                0x000000000800093c                __aeabi_ldiv0
 *(.text*)
 .text.digitalToggle
                0x0000000008000940       0x20 Core/Src/main.o
 .text.b0PopCallback
                0x0000000008000960       0xa4 Core/Src/main.o
                0x0000000008000960                b0PopCallback
 .text.main     0x0000000008000a04      0x1dc Core/Src/main.o
                0x0000000008000a04                main
 .text.SystemClock_Config
                0x0000000008000be0      0x104 Core/Src/main.o
                0x0000000008000be0                SystemClock_Config
 .text.MX_I2C1_Init
                0x0000000008000ce4       0x5c Core/Src/main.o
 .text.MX_RTC_Init
                0x0000000008000d40       0x4c Core/Src/main.o
 .text.MX_TIM1_Init
                0x0000000008000d8c       0xa0 Core/Src/main.o
 .text.MX_USART1_UART_Init
                0x0000000008000e2c       0x54 Core/Src/main.o
 .text.MX_USART2_UART_Init
                0x0000000008000e80       0x54 Core/Src/main.o
 .text.MX_GPIO_Init
                0x0000000008000ed4      0x108 Core/Src/main.o
 .text.Error_Handler
                0x0000000008000fdc        0xa Core/Src/main.o
                0x0000000008000fdc                Error_Handler
 *fill*         0x0000000008000fe6        0x2 
 .text.HAL_MspInit
                0x0000000008000fe8       0x50 Core/Src/stm32f4xx_hal_msp.o
                0x0000000008000fe8                HAL_MspInit
 .text.HAL_I2C_MspInit
                0x0000000008001038       0x90 Core/Src/stm32f4xx_hal_msp.o
                0x0000000008001038                HAL_I2C_MspInit
 .text.HAL_RTC_MspInit
                0x00000000080010c8       0x2c Core/Src/stm32f4xx_hal_msp.o
                0x00000000080010c8                HAL_RTC_MspInit
 .text.HAL_TIM_Base_MspInit
                0x00000000080010f4       0x44 Core/Src/stm32f4xx_hal_msp.o
                0x00000000080010f4                HAL_TIM_Base_MspInit
 .text.HAL_UART_MspInit
                0x0000000008001138      0x118 Core/Src/stm32f4xx_hal_msp.o
                0x0000000008001138                HAL_UART_MspInit
 .text.HAL_UART_MspDeInit
                0x0000000008001250       0x6c Core/Src/stm32f4xx_hal_msp.o
                0x0000000008001250                HAL_UART_MspDeInit
 .text.NMI_Handler
                0x00000000080012bc        0x6 Core/Src/stm32f4xx_it.o
                0x00000000080012bc                NMI_Handler
 .text.HardFault_Handler
                0x00000000080012c2        0x6 Core/Src/stm32f4xx_it.o
                0x00000000080012c2                HardFault_Handler
 .text.MemManage_Handler
                0x00000000080012c8        0x6 Core/Src/stm32f4xx_it.o
                0x00000000080012c8                MemManage_Handler
 .text.BusFault_Handler
                0x00000000080012ce        0x6 Core/Src/stm32f4xx_it.o
                0x00000000080012ce                BusFault_Handler
 .text.UsageFault_Handler
                0x00000000080012d4        0x6 Core/Src/stm32f4xx_it.o
                0x00000000080012d4                UsageFault_Handler
 .text.SVC_Handler
                0x00000000080012da        0xe Core/Src/stm32f4xx_it.o
                0x00000000080012da                SVC_Handler
 .text.DebugMon_Handler
                0x00000000080012e8        0xe Core/Src/stm32f4xx_it.o
                0x00000000080012e8                DebugMon_Handler
 .text.PendSV_Handler
                0x00000000080012f6        0xe Core/Src/stm32f4xx_it.o
                0x00000000080012f6                PendSV_Handler
 .text.SysTick_Handler
                0x0000000008001304        0xc Core/Src/stm32f4xx_it.o
                0x0000000008001304                SysTick_Handler
 .text.USART1_IRQHandler
                0x0000000008001310       0x14 Core/Src/stm32f4xx_it.o
                0x0000000008001310                USART1_IRQHandler
 .text.USART2_IRQHandler
                0x0000000008001324       0x14 Core/Src/stm32f4xx_it.o
                0x0000000008001324                USART2_IRQHandler
 .text.OTG_FS_IRQHandler
                0x0000000008001338       0x14 Core/Src/stm32f4xx_it.o
                0x0000000008001338                OTG_FS_IRQHandler
 .text._sbrk    0x000000000800134c       0x6c Core/Src/sysmem.o
                0x000000000800134c                _sbrk
 .text.SystemInit
                0x00000000080013b8       0x24 Core/Src/system_stm32f4xx.o
                0x00000000080013b8                SystemInit
 .text.Reset_Handler
                0x00000000080013dc       0x50 Core/Startup/startup_stm32f411ceux.o
                0x00000000080013dc                Reset_Handler
 .text.Default_Handler
                0x000000000800142c        0x2 Core/Startup/startup_stm32f411ceux.o
                0x000000000800142c                RTC_Alarm_IRQHandler
                0x000000000800142c                EXTI2_IRQHandler
                0x000000000800142c                SPI4_IRQHandler
                0x000000000800142c                TIM1_CC_IRQHandler
                0x000000000800142c                DMA2_Stream5_IRQHandler
                0x000000000800142c                DMA1_Stream5_IRQHandler
                0x000000000800142c                PVD_IRQHandler
                0x000000000800142c                SDIO_IRQHandler
                0x000000000800142c                TAMP_STAMP_IRQHandler
                0x000000000800142c                EXTI3_IRQHandler
                0x000000000800142c                TIM1_UP_TIM10_IRQHandler
                0x000000000800142c                I2C3_ER_IRQHandler
                0x000000000800142c                EXTI0_IRQHandler
                0x000000000800142c                I2C2_EV_IRQHandler
                0x000000000800142c                DMA1_Stream2_IRQHandler
                0x000000000800142c                FPU_IRQHandler
                0x000000000800142c                DMA2_Stream2_IRQHandler
                0x000000000800142c                SPI1_IRQHandler
                0x000000000800142c                TIM1_BRK_TIM9_IRQHandler
                0x000000000800142c                DMA2_Stream3_IRQHandler
                0x000000000800142c                USART6_IRQHandler
                0x000000000800142c                DMA2_Stream0_IRQHandler
                0x000000000800142c                TIM4_IRQHandler
                0x000000000800142c                I2C1_EV_IRQHandler
                0x000000000800142c                DMA1_Stream6_IRQHandler
                0x000000000800142c                DMA1_Stream1_IRQHandler
                0x000000000800142c                TIM3_IRQHandler
                0x000000000800142c                RCC_IRQHandler
                0x000000000800142c                Default_Handler
                0x000000000800142c                EXTI15_10_IRQHandler
                0x000000000800142c                ADC_IRQHandler
                0x000000000800142c                DMA1_Stream7_IRQHandler
                0x000000000800142c                SPI5_IRQHandler
                0x000000000800142c                TIM5_IRQHandler
                0x000000000800142c                DMA2_Stream7_IRQHandler
                0x000000000800142c                I2C3_EV_IRQHandler
                0x000000000800142c                EXTI9_5_IRQHandler
                0x000000000800142c                RTC_WKUP_IRQHandler
                0x000000000800142c                SPI2_IRQHandler
                0x000000000800142c                DMA1_Stream0_IRQHandler
                0x000000000800142c                EXTI4_IRQHandler
                0x000000000800142c                WWDG_IRQHandler
                0x000000000800142c                TIM2_IRQHandler
                0x000000000800142c                OTG_FS_WKUP_IRQHandler
                0x000000000800142c                TIM1_TRG_COM_TIM11_IRQHandler
                0x000000000800142c                EXTI1_IRQHandler
                0x000000000800142c                I2C2_ER_IRQHandler
                0x000000000800142c                DMA2_Stream1_IRQHandler
                0x000000000800142c                FLASH_IRQHandler
                0x000000000800142c                DMA2_Stream4_IRQHandler
                0x000000000800142c                SPI3_IRQHandler
                0x000000000800142c                DMA1_Stream4_IRQHandler
                0x000000000800142c                I2C1_ER_IRQHandler
                0x000000000800142c                DMA2_Stream6_IRQHandler
                0x000000000800142c                DMA1_Stream3_IRQHandler
 *fill*         0x000000000800142e        0x2 
 .text.AHT10_delay
                0x0000000008001430       0x2c Drivers/AHT10/AHT10.o
 .text.AHT10_getTick
                0x000000000800145c       0x24 Drivers/AHT10/AHT10.o
 .text.AHT10_read
                0x0000000008001480       0x3c Drivers/AHT10/AHT10.o
 .text.AHT10_write
                0x00000000080014bc       0x3c Drivers/AHT10/AHT10.o
 .text.AHT10_detect
                0x00000000080014f8       0x34 Drivers/AHT10/AHT10.o
 .text.AHT10_begin
                0x000000000800152c      0x112 Drivers/AHT10/AHT10.o
 *fill*         0x000000000800163e        0x2 
 .text.AHT10_getEvent
                0x0000000008001640      0x228 Drivers/AHT10/AHT10.o
 .text.AHT10_getStatus
                0x0000000008001868       0x2c Drivers/AHT10/AHT10.o
 .text.AHT10_getTemperature
                0x0000000008001894       0x1e Drivers/AHT10/AHT10.o
 .text.AHT10_getHumidity
                0x00000000080018b2       0x1e Drivers/AHT10/AHT10.o
 .text.delay_microsInit
                0x00000000080018d0       0x54 Drivers/BASIC_IO/micro_delay.o
                0x00000000080018d0                delay_microsInit
 .text.delay_microSeconds
                0x0000000008001924       0x68 Drivers/BASIC_IO/micro_delay.o
                0x0000000008001924                delay_microSeconds
 .text.digitalWrite
                0x000000000800198c       0x26 Drivers/HX710B/HX710B.o
 .text.digitalRead
                0x00000000080019b2       0x22 Drivers/HX710B/HX710B.o
 .text.HX710BIsReady
                0x00000000080019d4       0x90 Drivers/HX710B/HX710B.o
 .text.HX710BRead
                0x0000000008001a64      0x118 Drivers/HX710B/HX710B.o
 .text.HX710BSetMode
                0x0000000008001b7c       0x26 Drivers/HX710B/HX710B.o
 .text.HX710BInit
                0x0000000008001ba2       0x56 Drivers/HX710B/HX710B.o
 .text.NexButton_create
                0x0000000008001bf8       0x2c Drivers/Nextion/NexButton.o
                0x0000000008001bf8                NexButton_create
 .text.NexButton_getText
                0x0000000008001c24       0xa4 Drivers/Nextion/NexButton.o
                0x0000000008001c24                NexButton_getText
 .text.NexButton_setText
                0x0000000008001cc8       0xa4 Drivers/Nextion/NexButton.o
                0x0000000008001cc8                NexButton_setText
 .text.NexButton_Get_background_color_bco
                0x0000000008001d6c       0x98 Drivers/Nextion/NexButton.o
                0x0000000008001d6c                NexButton_Get_background_color_bco
 .text.NexButton_Set_background_color_bco
                0x0000000008001e04       0xdc Drivers/Nextion/NexButton.o
                0x0000000008001e04                NexButton_Set_background_color_bco
 .text.NexButton_Get_press_background_color_bco2
                0x0000000008001ee0       0x98 Drivers/Nextion/NexButton.o
                0x0000000008001ee0                NexButton_Get_press_background_color_bco2
 .text.NexButton_Set_press_background_color_bco2
                0x0000000008001f78       0xdc Drivers/Nextion/NexButton.o
                0x0000000008001f78                NexButton_Set_press_background_color_bco2
 .text.NexButton_Get_font_color_pco
                0x0000000008002054       0x98 Drivers/Nextion/NexButton.o
                0x0000000008002054                NexButton_Get_font_color_pco
 .text.NexButton_Set_font_color_pco
                0x00000000080020ec       0xdc Drivers/Nextion/NexButton.o
                0x00000000080020ec                NexButton_Set_font_color_pco
 .text.NexButton_Get_press_font_color_pco2
                0x00000000080021c8       0x98 Drivers/Nextion/NexButton.o
                0x00000000080021c8                NexButton_Get_press_font_color_pco2
 .text.NexButton_Set_press_font_color_pco2
                0x0000000008002260       0xdc Drivers/Nextion/NexButton.o
                0x0000000008002260                NexButton_Set_press_font_color_pco2
 .text.NexButton_Get_place_xcen
                0x000000000800233c       0x98 Drivers/Nextion/NexButton.o
                0x000000000800233c                NexButton_Get_place_xcen
 .text.NexButton_Set_place_xcen
                0x00000000080023d4       0xdc Drivers/Nextion/NexButton.o
                0x00000000080023d4                NexButton_Set_place_xcen
 .text.NexButton_Get_place_ycen
                0x00000000080024b0       0x98 Drivers/Nextion/NexButton.o
                0x00000000080024b0                NexButton_Get_place_ycen
 .text.NexButton_Set_place_ycen
                0x0000000008002548       0xdc Drivers/Nextion/NexButton.o
                0x0000000008002548                NexButton_Set_place_ycen
 .text.NexButton_getFont
                0x0000000008002624       0x98 Drivers/Nextion/NexButton.o
                0x0000000008002624                NexButton_getFont
 .text.NexButton_setFont
                0x00000000080026bc       0xdc Drivers/Nextion/NexButton.o
                0x00000000080026bc                NexButton_setFont
 .text.NexButton_Get_background_crop_picc
                0x0000000008002798       0x98 Drivers/Nextion/NexButton.o
                0x0000000008002798                NexButton_Get_background_crop_picc
 .text.NexButton_Set_background_crop_picc
                0x0000000008002830       0xdc Drivers/Nextion/NexButton.o
                0x0000000008002830                NexButton_Set_background_crop_picc
 .text.NexButton_Get_press_background_crop_picc2
                0x000000000800290c       0x98 Drivers/Nextion/NexButton.o
                0x000000000800290c                NexButton_Get_press_background_crop_picc2
 .text.NexButton_Set_press_background_crop_picc2
                0x00000000080029a4       0xdc Drivers/Nextion/NexButton.o
                0x00000000080029a4                NexButton_Set_press_background_crop_picc2
 .text.NexButton_Get_background_image_pic
                0x0000000008002a80       0x98 Drivers/Nextion/NexButton.o
                0x0000000008002a80                NexButton_Get_background_image_pic
 .text.NexButton_Set_background_image_pic
                0x0000000008002b18       0xdc Drivers/Nextion/NexButton.o
                0x0000000008002b18                NexButton_Set_background_image_pic
 .text.NexButton_Get_press_background_image_pic2
                0x0000000008002bf4       0x98 Drivers/Nextion/NexButton.o
                0x0000000008002bf4                NexButton_Get_press_background_image_pic2
 .text.NexButton_Set_press_background_image_pic2
                0x0000000008002c8c       0xdc Drivers/Nextion/NexButton.o
                0x0000000008002c8c                NexButton_Set_press_background_image_pic2
 .text.nex_halt
                0x0000000008002d68       0x2c Drivers/Nextion/NexHardware.o
                0x0000000008002d68                nex_halt
 .text.nex_recvRetNumber
                0x0000000008002d94       0x94 Drivers/Nextion/NexHardware.o
 .text.nex_recvRetString
                0x0000000008002e28      0x120 Drivers/Nextion/NexHardware.o
 .text.nex_sendCommand
                0x0000000008002f48       0x7c Drivers/Nextion/NexHardware.o
 .text.nex_recvRetCommandFinished
                0x0000000008002fc4       0x74 Drivers/Nextion/NexHardware.o
 .text.nex_HWInit
                0x0000000008003038       0x60 Drivers/Nextion/NexHardware.o
 .text.nex_HWLoop
                0x0000000008003098       0xe0 Drivers/Nextion/NexHardware.o
 .text.nex_createObject
                0x0000000008003178       0x48 Drivers/Nextion/NexObject.o
 .text.nex_getObjPid
                0x00000000080031c0       0x1a Drivers/Nextion/NexObject.o
 .text.nex_getObjCid
                0x00000000080031da       0x1a Drivers/Nextion/NexObject.o
 .text.nex_getObjName
                0x00000000080031f4       0x1a Drivers/Nextion/NexObject.o
 .text.nex_attachPush
                0x000000000800320e       0x24 Drivers/Nextion/NexObject.o
 .text.nex_detachPush
                0x0000000008003232       0x20 Drivers/Nextion/NexObject.o
 .text.nex_attachPop
                0x0000000008003252       0x24 Drivers/Nextion/NexObject.o
 .text.nex_detachPop
                0x0000000008003276       0x20 Drivers/Nextion/NexObject.o
 .text.nex_push
                0x0000000008003296       0x24 Drivers/Nextion/NexObject.o
 .text.nex_pop  0x00000000080032ba       0x24 Drivers/Nextion/NexObject.o
 *fill*         0x00000000080032de        0x2 
 .text.nex_iterate
                0x00000000080032e0       0xb0 Drivers/Nextion/NexObject.o
 .text.Serial1_begin
                0x0000000008003390       0x78 Drivers/SERIAL/HALSerial.o
 .text.Serial1_setTimeout
                0x0000000008003408       0x20 Drivers/SERIAL/HALSerial.o
 .text.Serial1_end
                0x0000000008003428       0x14 Drivers/SERIAL/HALSerial.o
 .text.Serial1_available
                0x000000000800343c       0x14 Drivers/SERIAL/HALSerial.o
 .text.Serial1_peek
                0x0000000008003450       0x14 Drivers/SERIAL/HALSerial.o
 .text.Serial1_availableForWrite
                0x0000000008003464       0x14 Drivers/SERIAL/HALSerial.o
 .text.Serial1_flush
                0x0000000008003478       0x14 Drivers/SERIAL/HALSerial.o
 .text.Serial1_write
                0x000000000800348c       0x24 Drivers/SERIAL/HALSerial.o
 .text.Serial1_puts
                0x00000000080034b0       0x24 Drivers/SERIAL/HALSerial.o
 .text.Serial1_read
                0x00000000080034d4       0x14 Drivers/SERIAL/HALSerial.o
 .text.Serial1_readUntil
                0x00000000080034e8       0x28 Drivers/SERIAL/HALSerial.o
 .text.Serial1_readTimeout
                0x0000000008003510       0x14 Drivers/SERIAL/HALSerial.o
 .text.Serial1_gets
                0x0000000008003524       0x24 Drivers/SERIAL/HALSerial.o
 .text.Serial1_readbytes
                0x0000000008003548       0x1e Drivers/SERIAL/HALSerial.o
 *fill*         0x0000000008003566        0x2 
 .text.Serial1_print
                0x0000000008003568       0x44 Drivers/SERIAL/HALSerial.o
 .text.HAL_UART_RxCpltCallback
                0x00000000080035ac       0x44 Drivers/SERIAL/HALSerial.o
                0x00000000080035ac                HAL_UART_RxCpltCallback
 .text.HAL_UART_TxCpltCallback
                0x00000000080035f0       0x30 Drivers/SERIAL/HALSerial.o
                0x00000000080035f0                HAL_UART_TxCpltCallback
 .text.HALSerial__construct
                0x0000000008003620       0x36 Drivers/SERIAL/HALSerial.o
                0x0000000008003620                HALSerial__construct
 .text.HALSerial__rx_complete_irq
                0x0000000008003656       0x56 Drivers/SERIAL/HALSerial.o
 .text.HALSerial__tx_complete_irq
                0x00000000080036ac       0x84 Drivers/SERIAL/HALSerial.o
 .text.HALSerial_begin
                0x0000000008003730       0x42 Drivers/SERIAL/HALSerial.o
                0x0000000008003730                HALSerial_begin
 .text.HALSerial_end
                0x0000000008003772       0x20 Drivers/SERIAL/HALSerial.o
                0x0000000008003772                HALSerial_end
 .text.HALSerial_available
                0x0000000008003792       0x28 Drivers/SERIAL/HALSerial.o
                0x0000000008003792                HALSerial_available
 .text.HALSerial_peek
                0x00000000080037ba       0x3a Drivers/SERIAL/HALSerial.o
                0x00000000080037ba                HALSerial_peek
 .text.HALSerial_read
                0x00000000080037f4       0x4c Drivers/SERIAL/HALSerial.o
                0x00000000080037f4                HALSerial_read
 .text.HALSerial_availableForWrite
                0x0000000008003840       0x3c Drivers/SERIAL/HALSerial.o
                0x0000000008003840                HALSerial_availableForWrite
 .text.HALSerial_flush
                0x000000000800387c       0x4e Drivers/SERIAL/HALSerial.o
                0x000000000800387c                HALSerial_flush
 .text.HALSerial_writeByte
                0x00000000080038ca       0x98 Drivers/SERIAL/HALSerial.o
                0x00000000080038ca                HALSerial_writeByte
 .text.HALSerial_write
                0x0000000008003962       0x50 Drivers/SERIAL/HALSerial.o
                0x0000000008003962                HALSerial_write
 .text.HALSerial_millis
                0x00000000080039b2       0x18 Drivers/SERIAL/HALSerial.o
                0x00000000080039b2                HALSerial_millis
 .text.HALSerial_delay
                0x00000000080039ca       0x1c Drivers/SERIAL/HALSerial.o
                0x00000000080039ca                HALSerial_delay
 .text.HALSerial_timedRead
                0x00000000080039e6       0x50 Drivers/SERIAL/HALSerial.o
                0x00000000080039e6                HALSerial_timedRead
 .text.HALSerial_readBytes
                0x0000000008003a36       0x48 Drivers/SERIAL/HALSerial.o
                0x0000000008003a36                HALSerial_readBytes
 .text.HALSerial_readBytesUntil
                0x0000000008003a7e       0x50 Drivers/SERIAL/HALSerial.o
                0x0000000008003a7e                HALSerial_readBytesUntil
 .text.Print___construct
                0x0000000008003ace       0x1a Drivers/SERIAL/Print.o
                0x0000000008003ace                Print___construct
 .text.Stream___construct
                0x0000000008003ae8       0x1e Drivers/SERIAL/Stream.o
                0x0000000008003ae8                Stream___construct
 .text.SerialUSB_begin
                0x0000000008003b06        0xc Drivers/SERIAL/USBSerial/SerialUSB.o
 .text.SerialUSB_end
                0x0000000008003b12        0xc Drivers/SERIAL/USBSerial/SerialUSB.o
 *fill*         0x0000000008003b1e        0x2 
 .text.SerialUSB_availableForWrite
                0x0000000008003b20       0x14 Drivers/SERIAL/USBSerial/SerialUSB.o
 .text.SerialUSB_write
                0x0000000008003b34       0x1e Drivers/SERIAL/USBSerial/SerialUSB.o
 *fill*         0x0000000008003b52        0x2 
 .text.SerialUSB_puts
                0x0000000008003b54       0x6c Drivers/SERIAL/USBSerial/SerialUSB.o
 .text.SerialUSB_available
                0x0000000008003bc0       0x14 Drivers/SERIAL/USBSerial/SerialUSB.o
 .text.SerialUSB_read
                0x0000000008003bd4       0x20 Drivers/SERIAL/USBSerial/SerialUSB.o
 .text.SerialUSB_readbytes
                0x0000000008003bf4       0x68 Drivers/SERIAL/USBSerial/SerialUSB.o
 .text.SerialUSB_readBytesUntil
                0x0000000008003c5c       0x84 Drivers/SERIAL/USBSerial/SerialUSB.o
 .text.SerialUSB_peek
                0x0000000008003ce0       0x14 Drivers/SERIAL/USBSerial/SerialUSB.o
 .text.SerialUSB_flush
                0x0000000008003cf4       0x1c Drivers/SERIAL/USBSerial/SerialUSB.o
 .text.SerialUSB_print
                0x0000000008003d10       0x4e Drivers/SERIAL/USBSerial/SerialUSB.o
 .text.CDC_TransmitQueue_Init
                0x0000000008003d5e       0x24 Drivers/SERIAL/USBSerial/cdc_queue.o
                0x0000000008003d5e                CDC_TransmitQueue_Init
 .text.CDC_TransmitQueue_WriteSize
                0x0000000008003d82       0x38 Drivers/SERIAL/USBSerial/cdc_queue.o
                0x0000000008003d82                CDC_TransmitQueue_WriteSize
 .text.CDC_TransmitQueue_ReadSize
                0x0000000008003dba       0x36 Drivers/SERIAL/USBSerial/cdc_queue.o
                0x0000000008003dba                CDC_TransmitQueue_ReadSize
 .text.CDC_TransmitQueue_Enqueue
                0x0000000008003df0       0x8c Drivers/SERIAL/USBSerial/cdc_queue.o
                0x0000000008003df0                CDC_TransmitQueue_Enqueue
 .text.CDC_TransmitQueue_ReadBlock
                0x0000000008003e7c       0x6e Drivers/SERIAL/USBSerial/cdc_queue.o
                0x0000000008003e7c                CDC_TransmitQueue_ReadBlock
 .text.CDC_TransmitQueue_CommitRead
                0x0000000008003eea       0x34 Drivers/SERIAL/USBSerial/cdc_queue.o
                0x0000000008003eea                CDC_TransmitQueue_CommitRead
 .text.CDC_ReceiveQueue_Init
                0x0000000008003f1e       0x2c Drivers/SERIAL/USBSerial/cdc_queue.o
                0x0000000008003f1e                CDC_ReceiveQueue_Init
 .text.CDC_ReceiveQueue_ReserveBlock
                0x0000000008003f4a       0xaa Drivers/SERIAL/USBSerial/cdc_queue.o
                0x0000000008003f4a                CDC_ReceiveQueue_ReserveBlock
 .text.CDC_ReceiveQueue_CommitBlock
                0x0000000008003ff4       0x5c Drivers/SERIAL/USBSerial/cdc_queue.o
                0x0000000008003ff4                CDC_ReceiveQueue_CommitBlock
 .text.CDC_ReceiveQueue_ReadSize
                0x0000000008004050       0x60 Drivers/SERIAL/USBSerial/cdc_queue.o
                0x0000000008004050                CDC_ReceiveQueue_ReadSize
 .text.CDC_ReceiveQueue_Dequeue
                0x00000000080040b0       0x8a Drivers/SERIAL/USBSerial/cdc_queue.o
                0x00000000080040b0                CDC_ReceiveQueue_Dequeue
 .text.CDC_ReceiveQueue_Peek
                0x000000000800413a       0x64 Drivers/SERIAL/USBSerial/cdc_queue.o
                0x000000000800413a                CDC_ReceiveQueue_Peek
 .text.CDC_ReceiveQueue_Read
                0x000000000800419e       0xc6 Drivers/SERIAL/USBSerial/cdc_queue.o
                0x000000000800419e                CDC_ReceiveQueue_Read
 .text.CDC_ReceiveQueue_ReadUntil
                0x0000000008004264      0x138 Drivers/SERIAL/USBSerial/cdc_queue.o
                0x0000000008004264                CDC_ReceiveQueue_ReadUntil
 .text.HAL_Init
                0x000000000800439c       0x44 Drivers/STM32F4xx_HAL_Driver/Src/stm32f4xx_hal.o
                0x000000000800439c                HAL_Init
 .text.HAL_InitTick
                0x00000000080043e0       0x60 Drivers/STM32F4xx_HAL_Driver/Src/stm32f4xx_hal.o
                0x00000000080043e0                HAL_InitTick
 .text.HAL_IncTick
                0x0000000008004440       0x28 Drivers/STM32F4xx_HAL_Driver/Src/stm32f4xx_hal.o
                0x0000000008004440                HAL_IncTick
 .text.HAL_GetTick
                0x0000000008004468       0x18 Drivers/STM32F4xx_HAL_Driver/Src/stm32f4xx_hal.o
                0x0000000008004468                HAL_GetTick
 .text.HAL_Delay
                0x0000000008004480       0x48 Drivers/STM32F4xx_HAL_Driver/Src/stm32f4xx_hal.o
                0x0000000008004480                HAL_Delay
 .text.__NVIC_SetPriorityGrouping
                0x00000000080044c8       0x48 Drivers/STM32F4xx_HAL_Driver/Src/stm32f4xx_hal_cortex.o
 .text.__NVIC_GetPriorityGrouping
                0x0000000008004510       0x1c Drivers/STM32F4xx_HAL_Driver/Src/stm32f4xx_hal_cortex.o
 .text.__NVIC_EnableIRQ
                0x000000000800452c       0x3c Drivers/STM32F4xx_HAL_Driver/Src/stm32f4xx_hal_cortex.o
 .text.__NVIC_DisableIRQ
                0x0000000008004568       0x48 Drivers/STM32F4xx_HAL_Driver/Src/stm32f4xx_hal_cortex.o
 .text.__NVIC_SetPriority
                0x00000000080045b0       0x54 Drivers/STM32F4xx_HAL_Driver/Src/stm32f4xx_hal_cortex.o
 .text.NVIC_EncodePriority
                0x0000000008004604       0x66 Drivers/STM32F4xx_HAL_Driver/Src/stm32f4xx_hal_cortex.o
 *fill*         0x000000000800466a        0x2 
 .text.SysTick_Config
                0x000000000800466c       0x44 Drivers/STM32F4xx_HAL_Driver/Src/stm32f4xx_hal_cortex.o
 .text.HAL_NVIC_SetPriorityGrouping
                0x00000000080046b0       0x16 Drivers/STM32F4xx_HAL_Driver/Src/stm32f4xx_hal_cortex.o
                0x00000000080046b0                HAL_NVIC_SetPriorityGrouping
 .text.HAL_NVIC_SetPriority
                0x00000000080046c6       0x38 Drivers/STM32F4xx_HAL_Driver/Src/stm32f4xx_hal_cortex.o
                0x00000000080046c6                HAL_NVIC_SetPriority
 .text.HAL_NVIC_EnableIRQ
                0x00000000080046fe       0x1c Drivers/STM32F4xx_HAL_Driver/Src/stm32f4xx_hal_cortex.o
                0x00000000080046fe                HAL_NVIC_EnableIRQ
 .text.HAL_NVIC_DisableIRQ
                0x000000000800471a       0x1c Drivers/STM32F4xx_HAL_Driver/Src/stm32f4xx_hal_cortex.o
                0x000000000800471a                HAL_NVIC_DisableIRQ
 .text.HAL_SYSTICK_Config
                0x0000000008004736       0x18 Drivers/STM32F4xx_HAL_Driver/Src/stm32f4xx_hal_cortex.o
                0x0000000008004736                HAL_SYSTICK_Config
 .text.HAL_DMA_Abort
                0x000000000800474e       0xe0 Drivers/STM32F4xx_HAL_Driver/Src/stm32f4xx_hal_dma.o
                0x000000000800474e                HAL_DMA_Abort
 .text.HAL_DMA_Abort_IT
                0x000000000800482e       0x44 Drivers/STM32F4xx_HAL_Driver/Src/stm32f4xx_hal_dma.o
                0x000000000800482e                HAL_DMA_Abort_IT
 *fill*         0x0000000008004872        0x2 
 .text.HAL_GPIO_Init
                0x0000000008004874      0x308 Drivers/STM32F4xx_HAL_Driver/Src/stm32f4xx_hal_gpio.o
                0x0000000008004874                HAL_GPIO_Init
 .text.HAL_GPIO_DeInit
                0x0000000008004b7c      0x1c8 Drivers/STM32F4xx_HAL_Driver/Src/stm32f4xx_hal_gpio.o
                0x0000000008004b7c                HAL_GPIO_DeInit
 .text.HAL_GPIO_ReadPin
                0x0000000008004d44       0x30 Drivers/STM32F4xx_HAL_Driver/Src/stm32f4xx_hal_gpio.o
                0x0000000008004d44                HAL_GPIO_ReadPin
 .text.HAL_GPIO_WritePin
                0x0000000008004d74       0x32 Drivers/STM32F4xx_HAL_Driver/Src/stm32f4xx_hal_gpio.o
                0x0000000008004d74                HAL_GPIO_WritePin
 .text.HAL_GPIO_TogglePin
                0x0000000008004da6       0x34 Drivers/STM32F4xx_HAL_Driver/Src/stm32f4xx_hal_gpio.o
                0x0000000008004da6                HAL_GPIO_TogglePin
 *fill*         0x0000000008004dda        0x2 
 .text.HAL_I2C_Init
                0x0000000008004ddc      0x288 Drivers/STM32F4xx_HAL_Driver/Src/stm32f4xx_hal_i2c.o
                0x0000000008004ddc                HAL_I2C_Init
 .text.HAL_I2C_Master_Transmit
                0x0000000008005064      0x1fc Drivers/STM32F4xx_HAL_Driver/Src/stm32f4xx_hal_i2c.o
                0x0000000008005064                HAL_I2C_Master_Transmit
 .text.HAL_I2C_Master_Receive
                0x0000000008005260      0x44c Drivers/STM32F4xx_HAL_Driver/Src/stm32f4xx_hal_i2c.o
                0x0000000008005260                HAL_I2C_Master_Receive
 .text.HAL_I2C_IsDeviceReady
                0x00000000080056ac      0x25c Drivers/STM32F4xx_HAL_Driver/Src/stm32f4xx_hal_i2c.o
                0x00000000080056ac                HAL_I2C_IsDeviceReady
 .text.I2C_MasterRequestWrite
                0x0000000008005908      0x104 Drivers/STM32F4xx_HAL_Driver/Src/stm32f4xx_hal_i2c.o
 .text.I2C_MasterRequestRead
                0x0000000008005a0c      0x19c Drivers/STM32F4xx_HAL_Driver/Src/stm32f4xx_hal_i2c.o
 .text.I2C_WaitOnFlagUntilTimeout
                0x0000000008005ba8       0xae Drivers/STM32F4xx_HAL_Driver/Src/stm32f4xx_hal_i2c.o
 .text.I2C_WaitOnMasterAddressFlagUntilTimeout
                0x0000000008005c56       0xfe Drivers/STM32F4xx_HAL_Driver/Src/stm32f4xx_hal_i2c.o
 .text.I2C_WaitOnTXEFlagUntilTimeout
                0x0000000008005d54       0x82 Drivers/STM32F4xx_HAL_Driver/Src/stm32f4xx_hal_i2c.o
 .text.I2C_WaitOnBTFFlagUntilTimeout
                0x0000000008005dd6       0x82 Drivers/STM32F4xx_HAL_Driver/Src/stm32f4xx_hal_i2c.o
 .text.I2C_WaitOnRXNEFlagUntilTimeout
                0x0000000008005e58       0xac Drivers/STM32F4xx_HAL_Driver/Src/stm32f4xx_hal_i2c.o
 .text.I2C_IsAcknowledgeFailed
                0x0000000008005f04       0x5e Drivers/STM32F4xx_HAL_Driver/Src/stm32f4xx_hal_i2c.o
 .text.HAL_PCD_Init
                0x0000000008005f62      0x23a Drivers/STM32F4xx_HAL_Driver/Src/stm32f4xx_hal_pcd.o
                0x0000000008005f62                HAL_PCD_Init
 .text.HAL_PCD_Start
                0x000000000800619c       0x66 Drivers/STM32F4xx_HAL_Driver/Src/stm32f4xx_hal_pcd.o
                0x000000000800619c                HAL_PCD_Start
 .text.HAL_PCD_IRQHandler
                0x0000000008006202      0x764 Drivers/STM32F4xx_HAL_Driver/Src/stm32f4xx_hal_pcd.o
                0x0000000008006202                HAL_PCD_IRQHandler
 .text.HAL_PCD_SetAddress
                0x0000000008006966       0x4a Drivers/STM32F4xx_HAL_Driver/Src/stm32f4xx_hal_pcd.o
                0x0000000008006966                HAL_PCD_SetAddress
 .text.HAL_PCD_EP_Open
                0x00000000080069b0       0xd0 Drivers/STM32F4xx_HAL_Driver/Src/stm32f4xx_hal_pcd.o
                0x00000000080069b0                HAL_PCD_EP_Open
 .text.HAL_PCD_EP_Close
                0x0000000008006a80       0x94 Drivers/STM32F4xx_HAL_Driver/Src/stm32f4xx_hal_pcd.o
                0x0000000008006a80                HAL_PCD_EP_Close
 .text.HAL_PCD_EP_Receive
                0x0000000008006b14       0x96 Drivers/STM32F4xx_HAL_Driver/Src/stm32f4xx_hal_pcd.o
                0x0000000008006b14                HAL_PCD_EP_Receive
 .text.HAL_PCD_EP_GetRxCount
                0x0000000008006baa       0x30 Drivers/STM32F4xx_HAL_Driver/Src/stm32f4xx_hal_pcd.o
                0x0000000008006baa                HAL_PCD_EP_GetRxCount
 .text.HAL_PCD_EP_Transmit
                0x0000000008006bda       0x94 Drivers/STM32F4xx_HAL_Driver/Src/stm32f4xx_hal_pcd.o
                0x0000000008006bda                HAL_PCD_EP_Transmit
 .text.HAL_PCD_EP_SetStall
                0x0000000008006c6e       0xc8 Drivers/STM32F4xx_HAL_Driver/Src/stm32f4xx_hal_pcd.o
                0x0000000008006c6e                HAL_PCD_EP_SetStall
 .text.HAL_PCD_EP_ClrStall
                0x0000000008006d36       0xac Drivers/STM32F4xx_HAL_Driver/Src/stm32f4xx_hal_pcd.o
                0x0000000008006d36                HAL_PCD_EP_ClrStall
 .text.PCD_WriteEmptyTxFifo
                0x0000000008006de2      0x11a Drivers/STM32F4xx_HAL_Driver/Src/stm32f4xx_hal_pcd.o
 .text.PCD_EP_OutXfrComplete_int
                0x0000000008006efc      0x218 Drivers/STM32F4xx_HAL_Driver/Src/stm32f4xx_hal_pcd.o
 .text.PCD_EP_OutSetupPacket_int
                0x0000000008007114       0x8c Drivers/STM32F4xx_HAL_Driver/Src/stm32f4xx_hal_pcd.o
 .text.HAL_PCDEx_SetTxFiFo
                0x00000000080071a0       0x8e Drivers/STM32F4xx_HAL_Driver/Src/stm32f4xx_hal_pcd_ex.o
                0x00000000080071a0                HAL_PCDEx_SetTxFiFo
 .text.HAL_PCDEx_SetRxFiFo
                0x000000000800722e       0x22 Drivers/STM32F4xx_HAL_Driver/Src/stm32f4xx_hal_pcd_ex.o
                0x000000000800722e                HAL_PCDEx_SetRxFiFo
 .text.HAL_PCDEx_LPM_Callback
                0x0000000008007250       0x18 Drivers/STM32F4xx_HAL_Driver/Src/stm32f4xx_hal_pcd_ex.o
                0x0000000008007250                HAL_PCDEx_LPM_Callback
 .text.HAL_RCC_OscConfig
                0x0000000008007268      0x4f0 Drivers/STM32F4xx_HAL_Driver/Src/stm32f4xx_hal_rcc.o
                0x0000000008007268                HAL_RCC_OscConfig
 .text.HAL_RCC_ClockConfig
                0x0000000008007758      0x1cc Drivers/STM32F4xx_HAL_Driver/Src/stm32f4xx_hal_rcc.o
                0x0000000008007758                HAL_RCC_ClockConfig
 .text.HAL_RCC_GetSysClockFreq
                0x0000000008007924      0x16c Drivers/STM32F4xx_HAL_Driver/Src/stm32f4xx_hal_rcc.o
                0x0000000008007924                HAL_RCC_GetSysClockFreq
 .text.HAL_RCC_GetHCLKFreq
                0x0000000008007a90       0x18 Drivers/STM32F4xx_HAL_Driver/Src/stm32f4xx_hal_rcc.o
                0x0000000008007a90                HAL_RCC_GetHCLKFreq
 .text.HAL_RCC_GetPCLK1Freq
                0x0000000008007aa8       0x28 Drivers/STM32F4xx_HAL_Driver/Src/stm32f4xx_hal_rcc.o
                0x0000000008007aa8                HAL_RCC_GetPCLK1Freq
 .text.HAL_RCC_GetPCLK2Freq
                0x0000000008007ad0       0x28 Drivers/STM32F4xx_HAL_Driver/Src/stm32f4xx_hal_rcc.o
                0x0000000008007ad0                HAL_RCC_GetPCLK2Freq
 .text.HAL_RCCEx_PeriphCLKConfig
                0x0000000008007af8      0x1e0 Drivers/STM32F4xx_HAL_Driver/Src/stm32f4xx_hal_rcc_ex.o
                0x0000000008007af8                HAL_RCCEx_PeriphCLKConfig
 .text.HAL_RTC_Init
                0x0000000008007cd8      0x122 Drivers/STM32F4xx_HAL_Driver/Src/stm32f4xx_hal_rtc.o
                0x0000000008007cd8                HAL_RTC_Init
 .text.HAL_RTC_WaitForSynchro
                0x0000000008007dfa       0x50 Drivers/STM32F4xx_HAL_Driver/Src/stm32f4xx_hal_rtc.o
                0x0000000008007dfa                HAL_RTC_WaitForSynchro
 .text.RTC_EnterInitMode
                0x0000000008007e4a       0x58 Drivers/STM32F4xx_HAL_Driver/Src/stm32f4xx_hal_rtc.o
                0x0000000008007e4a                RTC_EnterInitMode
 .text.HAL_TIM_Base_Init
                0x0000000008007ea2       0x9e Drivers/STM32F4xx_HAL_Driver/Src/stm32f4xx_hal_tim.o
                0x0000000008007ea2                HAL_TIM_Base_Init
 .text.HAL_TIM_ConfigClockSource
                0x0000000008007f40      0x188 Drivers/STM32F4xx_HAL_Driver/Src/stm32f4xx_hal_tim.o
                0x0000000008007f40                HAL_TIM_ConfigClockSource
 .text.TIM_Base_SetConfig
                0x00000000080080c8      0x100 Drivers/STM32F4xx_HAL_Driver/Src/stm32f4xx_hal_tim.o
                0x00000000080080c8                TIM_Base_SetConfig
 .text.TIM_TI1_ConfigInputStage
                0x00000000080081c8       0x5e Drivers/STM32F4xx_HAL_Driver/Src/stm32f4xx_hal_tim.o
 .text.TIM_TI2_ConfigInputStage
                0x0000000008008226       0x60 Drivers/STM32F4xx_HAL_Driver/Src/stm32f4xx_hal_tim.o
 .text.TIM_ITRx_SetConfig
                0x0000000008008286       0x36 Drivers/STM32F4xx_HAL_Driver/Src/stm32f4xx_hal_tim.o
 .text.TIM_ETR_SetConfig
                0x00000000080082bc       0x40 Drivers/STM32F4xx_HAL_Driver/Src/stm32f4xx_hal_tim.o
                0x00000000080082bc                TIM_ETR_SetConfig
 .text.HAL_TIMEx_MasterConfigSynchronization
                0x00000000080082fc       0xdc Drivers/STM32F4xx_HAL_Driver/Src/stm32f4xx_hal_tim_ex.o
                0x00000000080082fc                HAL_TIMEx_MasterConfigSynchronization
 .text.HAL_UART_Init
                0x00000000080083d8       0x9a Drivers/STM32F4xx_HAL_Driver/Src/stm32f4xx_hal_uart.o
                0x00000000080083d8                HAL_UART_Init
 .text.HAL_UART_DeInit
                0x0000000008008472       0x5e Drivers/STM32F4xx_HAL_Driver/Src/stm32f4xx_hal_uart.o
                0x0000000008008472                HAL_UART_DeInit
 .text.HAL_UART_Transmit_IT
                0x00000000080084d0       0x8a Drivers/STM32F4xx_HAL_Driver/Src/stm32f4xx_hal_uart.o
                0x00000000080084d0                HAL_UART_Transmit_IT
 .text.HAL_UART_Receive_IT
                0x000000000800855a       0x60 Drivers/STM32F4xx_HAL_Driver/Src/stm32f4xx_hal_uart.o
                0x000000000800855a                HAL_UART_Receive_IT
 *fill*         0x00000000080085ba        0x2 
 .text.HAL_UART_IRQHandler
                0x00000000080085bc      0x358 Drivers/STM32F4xx_HAL_Driver/Src/stm32f4xx_hal_uart.o
                0x00000000080085bc                HAL_UART_IRQHandler
 .text.HAL_UART_ErrorCallback
                0x0000000008008914       0x14 Drivers/STM32F4xx_HAL_Driver/Src/stm32f4xx_hal_uart.o
                0x0000000008008914                HAL_UART_ErrorCallback
 .text.HAL_UARTEx_RxEventCallback
                0x0000000008008928       0x18 Drivers/STM32F4xx_HAL_Driver/Src/stm32f4xx_hal_uart.o
                0x0000000008008928                HAL_UARTEx_RxEventCallback
 .text.UART_Start_Receive_IT
                0x0000000008008940       0x74 Drivers/STM32F4xx_HAL_Driver/Src/stm32f4xx_hal_uart.o
                0x0000000008008940                UART_Start_Receive_IT
 .text.UART_EndRxTransfer
                0x00000000080089b4       0x5a Drivers/STM32F4xx_HAL_Driver/Src/stm32f4xx_hal_uart.o
 .text.UART_DMAAbortOnError
                0x0000000008008a0e       0x28 Drivers/STM32F4xx_HAL_Driver/Src/stm32f4xx_hal_uart.o
 .text.UART_Transmit_IT
                0x0000000008008a36       0xa0 Drivers/STM32F4xx_HAL_Driver/Src/stm32f4xx_hal_uart.o
 .text.UART_EndTransmit_IT
                0x0000000008008ad6       0x30 Drivers/STM32F4xx_HAL_Driver/Src/stm32f4xx_hal_uart.o
 .text.UART_Receive_IT
                0x0000000008008b06      0x12e Drivers/STM32F4xx_HAL_Driver/Src/stm32f4xx_hal_uart.o
 .text.UART_SetConfig
                0x0000000008008c34      0x390 Drivers/STM32F4xx_HAL_Driver/Src/stm32f4xx_hal_uart.o
 .text.USB_CoreInit
                0x0000000008008fc4       0xc2 Drivers/STM32F4xx_HAL_Driver/Src/stm32f4xx_ll_usb.o
                0x0000000008008fc4                USB_CoreInit
 *fill*         0x0000000008009086        0x2 
 .text.USB_SetTurnaroundTime
                0x0000000008009088      0x144 Drivers/STM32F4xx_HAL_Driver/Src/stm32f4xx_ll_usb.o
                0x0000000008009088                USB_SetTurnaroundTime
 .text.USB_EnableGlobalInt
                0x00000000080091cc       0x22 Drivers/STM32F4xx_HAL_Driver/Src/stm32f4xx_ll_usb.o
                0x00000000080091cc                USB_EnableGlobalInt
 .text.USB_DisableGlobalInt
                0x00000000080091ee       0x22 Drivers/STM32F4xx_HAL_Driver/Src/stm32f4xx_ll_usb.o
                0x00000000080091ee                USB_DisableGlobalInt
 .text.USB_SetCurrentMode
                0x0000000008009210       0x54 Drivers/STM32F4xx_HAL_Driver/Src/stm32f4xx_ll_usb.o
                0x0000000008009210                USB_SetCurrentMode
 .text.USB_DevInit
                0x0000000008009264      0x2c8 Drivers/STM32F4xx_HAL_Driver/Src/stm32f4xx_ll_usb.o
                0x0000000008009264                USB_DevInit
 .text.USB_FlushTxFifo
                0x000000000800952c       0x4c Drivers/STM32F4xx_HAL_Driver/Src/stm32f4xx_ll_usb.o
                0x000000000800952c                USB_FlushTxFifo
 .text.USB_FlushRxFifo
                0x0000000008009578       0x44 Drivers/STM32F4xx_HAL_Driver/Src/stm32f4xx_ll_usb.o
                0x0000000008009578                USB_FlushRxFifo
 .text.USB_SetDevSpeed
                0x00000000080095bc       0x32 Drivers/STM32F4xx_HAL_Driver/Src/stm32f4xx_ll_usb.o
                0x00000000080095bc                USB_SetDevSpeed
 .text.USB_GetDevSpeed
                0x00000000080095ee       0x4a Drivers/STM32F4xx_HAL_Driver/Src/stm32f4xx_ll_usb.o
                0x00000000080095ee                USB_GetDevSpeed
 .text.USB_ActivateEndpoint
                0x0000000008009638      0x10e Drivers/STM32F4xx_HAL_Driver/Src/stm32f4xx_ll_usb.o
                0x0000000008009638                USB_ActivateEndpoint
 *fill*         0x0000000008009746        0x2 
 .text.USB_DeactivateEndpoint
                0x0000000008009748      0x1b8 Drivers/STM32F4xx_HAL_Driver/Src/stm32f4xx_ll_usb.o
                0x0000000008009748                USB_DeactivateEndpoint
 .text.USB_EPStartXfer
                0x0000000008009900      0x488 Drivers/STM32F4xx_HAL_Driver/Src/stm32f4xx_ll_usb.o
                0x0000000008009900                USB_EPStartXfer
 .text.USB_EP0StartXfer
                0x0000000008009d88      0x2a6 Drivers/STM32F4xx_HAL_Driver/Src/stm32f4xx_ll_usb.o
                0x0000000008009d88                USB_EP0StartXfer
 .text.USB_WritePacket
                0x000000000800a02e       0x6a Drivers/STM32F4xx_HAL_Driver/Src/stm32f4xx_ll_usb.o
                0x000000000800a02e                USB_WritePacket
 .text.USB_ReadPacket
                0x000000000800a098       0x52 Drivers/STM32F4xx_HAL_Driver/Src/stm32f4xx_ll_usb.o
                0x000000000800a098                USB_ReadPacket
 .text.USB_EPSetStall
                0x000000000800a0ea       0xdc Drivers/STM32F4xx_HAL_Driver/Src/stm32f4xx_ll_usb.o
                0x000000000800a0ea                USB_EPSetStall
 .text.USB_EPClearStall
                0x000000000800a1c6       0xcc Drivers/STM32F4xx_HAL_Driver/Src/stm32f4xx_ll_usb.o
                0x000000000800a1c6                USB_EPClearStall
 .text.USB_SetDevAddress
                0x000000000800a292       0x4c Drivers/STM32F4xx_HAL_Driver/Src/stm32f4xx_ll_usb.o
                0x000000000800a292                USB_SetDevAddress
 .text.USB_DevConnect
                0x000000000800a2de       0x42 Drivers/STM32F4xx_HAL_Driver/Src/stm32f4xx_ll_usb.o
                0x000000000800a2de                USB_DevConnect
 .text.USB_DevDisconnect
                0x000000000800a320       0x42 Drivers/STM32F4xx_HAL_Driver/Src/stm32f4xx_ll_usb.o
                0x000000000800a320                USB_DevDisconnect
 .text.USB_ReadInterrupts
                0x000000000800a362       0x26 Drivers/STM32F4xx_HAL_Driver/Src/stm32f4xx_ll_usb.o
                0x000000000800a362                USB_ReadInterrupts
 .text.USB_ReadDevAllOutEpInterrupt
                0x000000000800a388       0x34 Drivers/STM32F4xx_HAL_Driver/Src/stm32f4xx_ll_usb.o
                0x000000000800a388                USB_ReadDevAllOutEpInterrupt
 .text.USB_ReadDevAllInEpInterrupt
                0x000000000800a3bc       0x34 Drivers/STM32F4xx_HAL_Driver/Src/stm32f4xx_ll_usb.o
                0x000000000800a3bc                USB_ReadDevAllInEpInterrupt
 .text.USB_ReadDevOutEPInterrupt
                0x000000000800a3f0       0x3c Drivers/STM32F4xx_HAL_Driver/Src/stm32f4xx_ll_usb.o
                0x000000000800a3f0                USB_ReadDevOutEPInterrupt
 .text.USB_ReadDevInEPInterrupt
                0x000000000800a42c       0x5c Drivers/STM32F4xx_HAL_Driver/Src/stm32f4xx_ll_usb.o
                0x000000000800a42c                USB_ReadDevInEPInterrupt
 .text.USB_GetMode
                0x000000000800a488       0x1c Drivers/STM32F4xx_HAL_Driver/Src/stm32f4xx_ll_usb.o
                0x000000000800a488                USB_GetMode
 .text.USB_ActivateSetup
                0x000000000800a4a4       0x46 Drivers/STM32F4xx_HAL_Driver/Src/stm32f4xx_ll_usb.o
                0x000000000800a4a4                USB_ActivateSetup
 *fill*         0x000000000800a4ea        0x2 
 .text.USB_EP0_OutStart
                0x000000000800a4ec       0xbc Drivers/STM32F4xx_HAL_Driver/Src/stm32f4xx_ll_usb.o
                0x000000000800a4ec                USB_EP0_OutStart
 .text.USB_CoreReset
                0x000000000800a5a8       0x68 Drivers/STM32F4xx_HAL_Driver/Src/stm32f4xx_ll_usb.o
 .text.checkCrc
                0x000000000800a610       0x7a Drivers/VOC_sensor/SGP40.o
 .text.SGP40_write
                0x000000000800a68a       0x32 Drivers/VOC_sensor/SGP40.o
                0x000000000800a68a                SGP40_write
 .text.SGP40_read
                0x000000000800a6bc       0x32 Drivers/VOC_sensor/SGP40.o
                0x000000000800a6bc                SGP40_read
 *fill*         0x000000000800a6ee        0x2 
 .text.SGP40_readRAW
                0x000000000800a6f0       0x64 Drivers/VOC_sensor/SGP40.o
                0x000000000800a6f0                SGP40_readRAW
 .text.SGP40_isDevice
                0x000000000800a754       0x34 Drivers/VOC_sensor/SGP40.o
 .text.SGP40_begin
                0x000000000800a788       0x98 Drivers/VOC_sensor/SGP40.o
 .text.SGP40_setRhT
                0x000000000800a820       0x3e Drivers/VOC_sensor/SGP40.o
 .text.SGP40_heaterOff
                0x000000000800a85e       0x28 Drivers/VOC_sensor/SGP40.o
 *fill*         0x000000000800a886        0x2 
 .text.SGP40_softReset
                0x000000000800a888       0x48 Drivers/VOC_sensor/SGP40.o
 .text.SGP40_getVOCIndex
                0x000000000800a8d0       0xa4 Drivers/VOC_sensor/SGP40.o
 .text.SGP40_measurementTest
                0x000000000800a974       0x6c Drivers/VOC_sensor/SGP40.o
 .text.SGP40_dataTransform
                0x000000000800a9e0       0xf8 Drivers/VOC_sensor/SGP40.o
 .text.SGP40_delay
                0x000000000800aad8       0x2c Drivers/VOC_sensor/SGP40.o
 .text.fix16_from_int
                0x000000000800ab04       0x18 Drivers/VOC_sensor/sensirion_voc_algorithm.o
 .text.fix16_cast_to_int
                0x000000000800ab1c       0x18 Drivers/VOC_sensor/sensirion_voc_algorithm.o
 .text.fix16_mul
                0x000000000800ab34       0xca Drivers/VOC_sensor/sensirion_voc_algorithm.o
 .text.fix16_div
                0x000000000800abfe       0xf0 Drivers/VOC_sensor/sensirion_voc_algorithm.o
 .text.fix16_sqrt
                0x000000000800acee       0xc8 Drivers/VOC_sensor/sensirion_voc_algorithm.o
 *fill*         0x000000000800adb6        0x2 
 .text.fix16_exp
                0x000000000800adb8       0x9c Drivers/VOC_sensor/sensirion_voc_algorithm.o
 .text.VocAlgorithm_init
                0x000000000800ae54       0x48 Drivers/VOC_sensor/sensirion_voc_algorithm.o
                0x000000000800ae54                VocAlgorithm_init
 .text.VocAlgorithm__init_instances
                0x000000000800ae9c       0x66 Drivers/VOC_sensor/sensirion_voc_algorithm.o
 .text.VocAlgorithm_process
                0x000000000800af02      0x100 Drivers/VOC_sensor/sensirion_voc_algorithm.o
                0x000000000800af02                VocAlgorithm_process
 .text.VocAlgorithm__mean_variance_estimator__init
                0x000000000800b002       0x22 Drivers/VOC_sensor/sensirion_voc_algorithm.o
 .text.VocAlgorithm__mean_variance_estimator___init_instances
                0x000000000800b024       0x16 Drivers/VOC_sensor/sensirion_voc_algorithm.o
 *fill*         0x000000000800b03a        0x2 
 .text.VocAlgorithm__mean_variance_estimator__set_parameters
                0x000000000800b03c       0x7c Drivers/VOC_sensor/sensirion_voc_algorithm.o
 .text.VocAlgorithm__mean_variance_estimator__get_std
                0x000000000800b0b8       0x18 Drivers/VOC_sensor/sensirion_voc_algorithm.o
 .text.VocAlgorithm__mean_variance_estimator__get_mean
                0x000000000800b0d0       0x1e Drivers/VOC_sensor/sensirion_voc_algorithm.o
 *fill*         0x000000000800b0ee        0x2 
 .text.VocAlgorithm__mean_variance_estimator___calculate_gamma
                0x000000000800b0f0      0x1a8 Drivers/VOC_sensor/sensirion_voc_algorithm.o
 .text.VocAlgorithm__mean_variance_estimator__process
                0x000000000800b298      0x14c Drivers/VOC_sensor/sensirion_voc_algorithm.o
 .text.VocAlgorithm__mean_variance_estimator___sigmoid__init
                0x000000000800b3e4       0x1c Drivers/VOC_sensor/sensirion_voc_algorithm.o
 .text.VocAlgorithm__mean_variance_estimator___sigmoid__set_parameters
                0x000000000800b400       0x2c Drivers/VOC_sensor/sensirion_voc_algorithm.o
 .text.VocAlgorithm__mean_variance_estimator___sigmoid__process
                0x000000000800b42c       0x5a Drivers/VOC_sensor/sensirion_voc_algorithm.o
 .text.VocAlgorithm__mox_model__init
                0x000000000800b486       0x1c Drivers/VOC_sensor/sensirion_voc_algorithm.o
 .text.VocAlgorithm__mox_model__set_parameters
                0x000000000800b4a2       0x24 Drivers/VOC_sensor/sensirion_voc_algorithm.o
 .text.VocAlgorithm__mox_model__process
                0x000000000800b4c6       0x3c Drivers/VOC_sensor/sensirion_voc_algorithm.o
 .text.VocAlgorithm__sigmoid_scaled__init
                0x000000000800b502       0x18 Drivers/VOC_sensor/sensirion_voc_algorithm.o
 .text.VocAlgorithm__sigmoid_scaled__set_parameters
                0x000000000800b51a       0x1c Drivers/VOC_sensor/sensirion_voc_algorithm.o
 *fill*         0x000000000800b536        0x2 
 .text.VocAlgorithm__sigmoid_scaled__process
                0x000000000800b538       0xbc Drivers/VOC_sensor/sensirion_voc_algorithm.o
 .text.VocAlgorithm__adaptive_lowpass__init
                0x000000000800b5f4       0x16 Drivers/VOC_sensor/sensirion_voc_algorithm.o
 .text.VocAlgorithm__adaptive_lowpass__set_parameters
                0x000000000800b60a       0x2a Drivers/VOC_sensor/sensirion_voc_algorithm.o
 .text.VocAlgorithm__adaptive_lowpass__process
                0x000000000800b634      0x10c Drivers/VOC_sensor/sensirion_voc_algorithm.o
 .text.USBD_CDC_Init
                0x000000000800b740       0xfe Middlewares/ST/STM32_USB_Device_Library/Class/CDC/Src/usbd_cdc.o
 .text.USBD_CDC_DeInit
                0x000000000800b83e       0x74 Middlewares/ST/STM32_USB_Device_Library/Class/CDC/Src/usbd_cdc.o
 *fill*         0x000000000800b8b2        0x2 
 .text.USBD_CDC_Setup
                0x000000000800b8b4      0x190 Middlewares/ST/STM32_USB_Device_Library/Class/CDC/Src/usbd_cdc.o
 .text.USBD_CDC_DataIn
                0x000000000800ba44       0xca Middlewares/ST/STM32_USB_Device_Library/Class/CDC/Src/usbd_cdc.o
 .text.USBD_CDC_DataOut
                0x000000000800bb0e       0x56 Middlewares/ST/STM32_USB_Device_Library/Class/CDC/Src/usbd_cdc.o
 .text.USBD_CDC_EP0_RxReady
                0x000000000800bb64       0x5a Middlewares/ST/STM32_USB_Device_Library/Class/CDC/Src/usbd_cdc.o
 *fill*         0x000000000800bbbe        0x2 
 .text.USBD_CDC_GetFSCfgDesc
                0x000000000800bbc0       0x20 Middlewares/ST/STM32_USB_Device_Library/Class/CDC/Src/usbd_cdc.o
 .text.USBD_CDC_GetHSCfgDesc
                0x000000000800bbe0       0x20 Middlewares/ST/STM32_USB_Device_Library/Class/CDC/Src/usbd_cdc.o
 .text.USBD_CDC_GetOtherSpeedCfgDesc
                0x000000000800bc00       0x20 Middlewares/ST/STM32_USB_Device_Library/Class/CDC/Src/usbd_cdc.o
 .text.USBD_CDC_GetDeviceQualifierDescriptor
                0x000000000800bc20       0x20 Middlewares/ST/STM32_USB_Device_Library/Class/CDC/Src/usbd_cdc.o
                0x000000000800bc20                USBD_CDC_GetDeviceQualifierDescriptor
 .text.USBD_CDC_RegisterInterface
                0x000000000800bc40       0x2a Middlewares/ST/STM32_USB_Device_Library/Class/CDC/Src/usbd_cdc.o
                0x000000000800bc40                USBD_CDC_RegisterInterface
 .text.USBD_CDC_SetTxBuffer
                0x000000000800bc6a       0x3c Middlewares/ST/STM32_USB_Device_Library/Class/CDC/Src/usbd_cdc.o
                0x000000000800bc6a                USBD_CDC_SetTxBuffer
 .text.USBD_CDC_SetRxBuffer
                0x000000000800bca6       0x32 Middlewares/ST/STM32_USB_Device_Library/Class/CDC/Src/usbd_cdc.o
                0x000000000800bca6                USBD_CDC_SetRxBuffer
 .text.USBD_CDC_TransmitPacket
                0x000000000800bcd8       0x60 Middlewares/ST/STM32_USB_Device_Library/Class/CDC/Src/usbd_cdc.o
                0x000000000800bcd8                USBD_CDC_TransmitPacket
 .text.USBD_CDC_ReceivePacket
                0x000000000800bd38       0x54 Middlewares/ST/STM32_USB_Device_Library/Class/CDC/Src/usbd_cdc.o
                0x000000000800bd38                USBD_CDC_ReceivePacket
 .text.USBD_Init
                0x000000000800bd8c       0x60 Middlewares/ST/STM32_USB_Device_Library/Core/Src/usbd_core.o
                0x000000000800bd8c                USBD_Init
 .text.USBD_RegisterClass
                0x000000000800bdec       0x4e Middlewares/ST/STM32_USB_Device_Library/Core/Src/usbd_core.o
                0x000000000800bdec                USBD_RegisterClass
 .text.USBD_Start
                0x000000000800be3a       0x18 Middlewares/ST/STM32_USB_Device_Library/Core/Src/usbd_core.o
                0x000000000800be3a                USBD_Start
 .text.USBD_RunTestMode
                0x000000000800be52       0x16 Middlewares/ST/STM32_USB_Device_Library/Core/Src/usbd_core.o
                0x000000000800be52                USBD_RunTestMode
 .text.USBD_SetClassConfig
                0x000000000800be68       0x38 Middlewares/ST/STM32_USB_Device_Library/Core/Src/usbd_core.o
                0x000000000800be68                USBD_SetClassConfig
 .text.USBD_ClrClassConfig
                0x000000000800bea0       0x30 Middlewares/ST/STM32_USB_Device_Library/Core/Src/usbd_core.o
                0x000000000800bea0                USBD_ClrClassConfig
 .text.USBD_LL_SetupStage
                0x000000000800bed0       0xaa Middlewares/ST/STM32_USB_Device_Library/Core/Src/usbd_core.o
                0x000000000800bed0                USBD_LL_SetupStage
 .text.USBD_LL_DataOutStage
                0x000000000800bf7a       0xc6 Middlewares/ST/STM32_USB_Device_Library/Core/Src/usbd_core.o
                0x000000000800bf7a                USBD_LL_DataOutStage
 .text.USBD_LL_DataInStage
                0x000000000800c040      0x12c Middlewares/ST/STM32_USB_Device_Library/Core/Src/usbd_core.o
                0x000000000800c040                USBD_LL_DataInStage
 .text.USBD_LL_Reset
                0x000000000800c16c       0x9c Middlewares/ST/STM32_USB_Device_Library/Core/Src/usbd_core.o
                0x000000000800c16c                USBD_LL_Reset
 .text.USBD_LL_SetSpeed
                0x000000000800c208       0x20 Middlewares/ST/STM32_USB_Device_Library/Core/Src/usbd_core.o
                0x000000000800c208                USBD_LL_SetSpeed
 .text.USBD_LL_Suspend
                0x000000000800c228       0x2c Middlewares/ST/STM32_USB_Device_Library/Core/Src/usbd_core.o
                0x000000000800c228                USBD_LL_Suspend
 .text.USBD_LL_Resume
                0x000000000800c254       0x30 Middlewares/ST/STM32_USB_Device_Library/Core/Src/usbd_core.o
                0x000000000800c254                USBD_LL_Resume
 .text.USBD_LL_SOF
                0x000000000800c284       0x44 Middlewares/ST/STM32_USB_Device_Library/Core/Src/usbd_core.o
                0x000000000800c284                USBD_LL_SOF
 .text.USBD_LL_IsoINIncomplete
                0x000000000800c2c8       0x4c Middlewares/ST/STM32_USB_Device_Library/Core/Src/usbd_core.o
                0x000000000800c2c8                USBD_LL_IsoINIncomplete
 .text.USBD_LL_IsoOUTIncomplete
                0x000000000800c314       0x4c Middlewares/ST/STM32_USB_Device_Library/Core/Src/usbd_core.o
                0x000000000800c314                USBD_LL_IsoOUTIncomplete
 .text.USBD_LL_DevConnected
                0x000000000800c360       0x16 Middlewares/ST/STM32_USB_Device_Library/Core/Src/usbd_core.o
                0x000000000800c360                USBD_LL_DevConnected
 .text.USBD_LL_DevDisconnected
                0x000000000800c376       0x38 Middlewares/ST/STM32_USB_Device_Library/Core/Src/usbd_core.o
                0x000000000800c376                USBD_LL_DevDisconnected
 .text.SWAPBYTE
                0x000000000800c3ae       0x3c Middlewares/ST/STM32_USB_Device_Library/Core/Src/usbd_ctlreq.o
 *fill*         0x000000000800c3ea        0x2 
 .text.USBD_StdDevReq
                0x000000000800c3ec       0xdc Middlewares/ST/STM32_USB_Device_Library/Core/Src/usbd_ctlreq.o
                0x000000000800c3ec                USBD_StdDevReq
 .text.USBD_StdItfReq
                0x000000000800c4c8       0x92 Middlewares/ST/STM32_USB_Device_Library/Core/Src/usbd_ctlreq.o
                0x000000000800c4c8                USBD_StdItfReq
 .text.USBD_StdEPReq
                0x000000000800c55a      0x2c4 Middlewares/ST/STM32_USB_Device_Library/Core/Src/usbd_ctlreq.o
                0x000000000800c55a                USBD_StdEPReq
 *fill*         0x000000000800c81e        0x2 
 .text.USBD_GetDescriptor
                0x000000000800c820      0x2d4 Middlewares/ST/STM32_USB_Device_Library/Core/Src/usbd_ctlreq.o
 .text.USBD_SetAddress
                0x000000000800caf4       0x88 Middlewares/ST/STM32_USB_Device_Library/Core/Src/usbd_ctlreq.o
 .text.USBD_SetConfig
                0x000000000800cb7c      0x14c Middlewares/ST/STM32_USB_Device_Library/Core/Src/usbd_ctlreq.o
 .text.USBD_GetConfig
                0x000000000800ccc8       0x6c Middlewares/ST/STM32_USB_Device_Library/Core/Src/usbd_ctlreq.o
 .text.USBD_GetStatus
                0x000000000800cd34       0x68 Middlewares/ST/STM32_USB_Device_Library/Core/Src/usbd_ctlreq.o
 .text.USBD_SetFeature
                0x000000000800cd9c       0x28 Middlewares/ST/STM32_USB_Device_Library/Core/Src/usbd_ctlreq.o
 .text.USBD_ClrFeature
                0x000000000800cdc4       0x44 Middlewares/ST/STM32_USB_Device_Library/Core/Src/usbd_ctlreq.o
 .text.USBD_ParseSetupRequest
                0x000000000800ce08       0x74 Middlewares/ST/STM32_USB_Device_Library/Core/Src/usbd_ctlreq.o
                0x000000000800ce08                USBD_ParseSetupRequest
 .text.USBD_CtlError
                0x000000000800ce7c       0x22 Middlewares/ST/STM32_USB_Device_Library/Core/Src/usbd_ctlreq.o
                0x000000000800ce7c                USBD_CtlError
 .text.USBD_GetString
                0x000000000800ce9e       0x8c Middlewares/ST/STM32_USB_Device_Library/Core/Src/usbd_ctlreq.o
                0x000000000800ce9e                USBD_GetString
 .text.USBD_GetLen
                0x000000000800cf2a       0x34 Middlewares/ST/STM32_USB_Device_Library/Core/Src/usbd_ctlreq.o
 .text.USBD_CtlSendData
                0x000000000800cf5e       0x36 Middlewares/ST/STM32_USB_Device_Library/Core/Src/usbd_ioreq.o
                0x000000000800cf5e                USBD_CtlSendData
 .text.USBD_CtlContinueSendData
                0x000000000800cf94       0x22 Middlewares/ST/STM32_USB_Device_Library/Core/Src/usbd_ioreq.o
                0x000000000800cf94                USBD_CtlContinueSendData
 .text.USBD_CtlPrepareRx
                0x000000000800cfb6       0x3a Middlewares/ST/STM32_USB_Device_Library/Core/Src/usbd_ioreq.o
                0x000000000800cfb6                USBD_CtlPrepareRx
 .text.USBD_CtlContinueRx
                0x000000000800cff0       0x22 Middlewares/ST/STM32_USB_Device_Library/Core/Src/usbd_ioreq.o
                0x000000000800cff0                USBD_CtlContinueRx
 .text.USBD_CtlSendStatus
                0x000000000800d012       0x26 Middlewares/ST/STM32_USB_Device_Library/Core/Src/usbd_ioreq.o
                0x000000000800d012                USBD_CtlSendStatus
 .text.USBD_CtlReceiveStatus
                0x000000000800d038       0x26 Middlewares/ST/STM32_USB_Device_Library/Core/Src/usbd_ioreq.o
                0x000000000800d038                USBD_CtlReceiveStatus
 *fill*         0x000000000800d05e        0x2 
 .text.MX_USB_DEVICE_Init
                0x000000000800d060       0x60 USB_DEVICE/App/usb_device.o
                0x000000000800d060                MX_USB_DEVICE_Init
 .text.USBD_CDC_ClearBuffer
                0x000000000800d0c0       0x2c USB_DEVICE/App/usbd_cdc_if.o
                0x000000000800d0c0                USBD_CDC_ClearBuffer
 .text.CDC_Init_FS
                0x000000000800d0ec       0x58 USB_DEVICE/App/usbd_cdc_if.o
 .text.CDC_DeInit_FS
                0x000000000800d144       0x10 USB_DEVICE/App/usbd_cdc_if.o
 .text.CDC_Control_FS
                0x000000000800d154      0x190 USB_DEVICE/App/usbd_cdc_if.o
 .text.CDC_Receive_FS
                0x000000000800d2e4       0x4c USB_DEVICE/App/usbd_cdc_if.o
 .text.CDC_connected
                0x000000000800d330       0x58 USB_DEVICE/App/usbd_cdc_if.o
                0x000000000800d330                CDC_connected
 .text.CDC_continue_transmit
                0x000000000800d388       0x5c USB_DEVICE/App/usbd_cdc_if.o
                0x000000000800d388                CDC_continue_transmit
 .text.CDC_resume_receive
                0x000000000800d3e4       0x54 USB_DEVICE/App/usbd_cdc_if.o
                0x000000000800d3e4                CDC_resume_receive
 .text.CDC_init
                0x000000000800d438        0xe USB_DEVICE/App/usbd_cdc_if.o
                0x000000000800d438                CDC_init
 .text.CDC_DeInit
                0x000000000800d446        0xe USB_DEVICE/App/usbd_cdc_if.o
                0x000000000800d446                CDC_DeInit
 .text.USBD_CDC_Transferred
                0x000000000800d454       0x24 USB_DEVICE/App/usbd_cdc_if.o
                0x000000000800d454                USBD_CDC_Transferred
 .text.USBD_FS_DeviceDescriptor
                0x000000000800d478       0x24 USB_DEVICE/App/usbd_desc.o
                0x000000000800d478                USBD_FS_DeviceDescriptor
 .text.USBD_FS_LangIDStrDescriptor
                0x000000000800d49c       0x24 USB_DEVICE/App/usbd_desc.o
                0x000000000800d49c                USBD_FS_LangIDStrDescriptor
 .text.USBD_FS_ProductStrDescriptor
                0x000000000800d4c0       0x3c USB_DEVICE/App/usbd_desc.o
                0x000000000800d4c0                USBD_FS_ProductStrDescriptor
 .text.USBD_FS_ManufacturerStrDescriptor
                0x000000000800d4fc       0x28 USB_DEVICE/App/usbd_desc.o
                0x000000000800d4fc                USBD_FS_ManufacturerStrDescriptor
 .text.USBD_FS_SerialStrDescriptor
                0x000000000800d524       0x24 USB_DEVICE/App/usbd_desc.o
                0x000000000800d524                USBD_FS_SerialStrDescriptor
 .text.USBD_FS_ConfigStrDescriptor
                0x000000000800d548       0x3c USB_DEVICE/App/usbd_desc.o
                0x000000000800d548                USBD_FS_ConfigStrDescriptor
 .text.USBD_FS_InterfaceStrDescriptor
                0x000000000800d584       0x3c USB_DEVICE/App/usbd_desc.o
                0x000000000800d584                USBD_FS_InterfaceStrDescriptor
 .text.Get_SerialNum
                0x000000000800d5c0       0x58 USB_DEVICE/App/usbd_desc.o
 .text.IntToUnicode
                0x000000000800d618       0x7e USB_DEVICE/App/usbd_desc.o
 *fill*         0x000000000800d696        0x2 
 .text.HAL_PCD_MspInit
                0x000000000800d698       0xa8 USB_DEVICE/Target/usbd_conf.o
                0x000000000800d698                HAL_PCD_MspInit
 .text.HAL_PCD_SetupStageCallback
                0x000000000800d740       0x24 USB_DEVICE/Target/usbd_conf.o
                0x000000000800d740                HAL_PCD_SetupStageCallback
 .text.HAL_PCD_DataOutStageCallback
                0x000000000800d764       0x36 USB_DEVICE/Target/usbd_conf.o
                0x000000000800d764                HAL_PCD_DataOutStageCallback
 .text.HAL_PCD_DataInStageCallback
                0x000000000800d79a       0x34 USB_DEVICE/Target/usbd_conf.o
                0x000000000800d79a                HAL_PCD_DataInStageCallback
 .text.HAL_PCD_SOFCallback
                0x000000000800d7ce       0x1c USB_DEVICE/Target/usbd_conf.o
                0x000000000800d7ce                HAL_PCD_SOFCallback
 .text.HAL_PCD_ResetCallback
                0x000000000800d7ea       0x3c USB_DEVICE/Target/usbd_conf.o
                0x000000000800d7ea                HAL_PCD_ResetCallback
 *fill*         0x000000000800d826        0x2 
 .text.HAL_PCD_SuspendCallback
                0x000000000800d828       0x4c USB_DEVICE/Target/usbd_conf.o
                0x000000000800d828                HAL_PCD_SuspendCallback
 .text.HAL_PCD_ResumeCallback
                0x000000000800d874       0x1c USB_DEVICE/Target/usbd_conf.o
                0x000000000800d874                HAL_PCD_ResumeCallback
 .text.HAL_PCD_ISOOUTIncompleteCallback
                0x000000000800d890       0x24 USB_DEVICE/Target/usbd_conf.o
                0x000000000800d890                HAL_PCD_ISOOUTIncompleteCallback
 .text.HAL_PCD_ISOINIncompleteCallback
                0x000000000800d8b4       0x24 USB_DEVICE/Target/usbd_conf.o
                0x000000000800d8b4                HAL_PCD_ISOINIncompleteCallback
 .text.HAL_PCD_ConnectCallback
                0x000000000800d8d8       0x1c USB_DEVICE/Target/usbd_conf.o
                0x000000000800d8d8                HAL_PCD_ConnectCallback
 .text.HAL_PCD_DisconnectCallback
                0x000000000800d8f4       0x1c USB_DEVICE/Target/usbd_conf.o
                0x000000000800d8f4                HAL_PCD_DisconnectCallback
 .text.USBD_LL_Init
                0x000000000800d910       0x98 USB_DEVICE/Target/usbd_conf.o
                0x000000000800d910                USBD_LL_Init
 .text.USBD_LL_Start
                0x000000000800d9a8       0x36 USB_DEVICE/Target/usbd_conf.o
                0x000000000800d9a8                USBD_LL_Start
 .text.USBD_LL_OpenEP
                0x000000000800d9de       0x4c USB_DEVICE/Target/usbd_conf.o
                0x000000000800d9de                USBD_LL_OpenEP
 .text.USBD_LL_CloseEP
                0x000000000800da2a       0x3e USB_DEVICE/Target/usbd_conf.o
                0x000000000800da2a                USBD_LL_CloseEP
 .text.USBD_LL_StallEP
                0x000000000800da68       0x3e USB_DEVICE/Target/usbd_conf.o
                0x000000000800da68                USBD_LL_StallEP
 .text.USBD_LL_ClearStallEP
                0x000000000800daa6       0x3e USB_DEVICE/Target/usbd_conf.o
                0x000000000800daa6                USBD_LL_ClearStallEP
 .text.USBD_LL_IsStallEP
                0x000000000800dae4       0x58 USB_DEVICE/Target/usbd_conf.o
                0x000000000800dae4                USBD_LL_IsStallEP
 .text.USBD_LL_SetUSBAddress
                0x000000000800db3c       0x3e USB_DEVICE/Target/usbd_conf.o
                0x000000000800db3c                USBD_LL_SetUSBAddress
 .text.USBD_LL_Transmit
                0x000000000800db7a       0x42 USB_DEVICE/Target/usbd_conf.o
                0x000000000800db7a                USBD_LL_Transmit
 .text.USBD_LL_PrepareReceive
                0x000000000800dbbc       0x42 USB_DEVICE/Target/usbd_conf.o
                0x000000000800dbbc                USBD_LL_PrepareReceive
 .text.USBD_LL_GetRxDataSize
                0x000000000800dbfe       0x26 USB_DEVICE/Target/usbd_conf.o
                0x000000000800dbfe                USBD_LL_GetRxDataSize
 .text.USBD_static_malloc
                0x000000000800dc24       0x1c USB_DEVICE/Target/usbd_conf.o
                0x000000000800dc24                USBD_static_malloc
 .text.USBD_static_free
                0x000000000800dc40       0x14 USB_DEVICE/Target/usbd_conf.o
                0x000000000800dc40                USBD_static_free
 .text.USBD_Get_USB_Status
                0x000000000800dc54       0x58 USB_DEVICE/Target/usbd_conf.o
                0x000000000800dc54                USBD_Get_USB_Status
 .text.atoi     0x000000000800dcac        0x8 c:/st/stm32cubeide_1.6.1/stm32cubeide/plugins/com.st.stm32cube.ide.mcu.externaltools.gnu-tools-for-stm32.9-2020-q2-update.win32_1.5.0.202011040924/tools/bin/../lib/gcc/arm-none-eabi/9.3.1/../../../../arm-none-eabi/lib/thumb/v7e-m+fp/hard\libc_nano.a(lib_a-atoi.o)
                0x000000000800dcac                atoi
 .text.__errno  0x000000000800dcb4        0xc c:/st/stm32cubeide_1.6.1/stm32cubeide/plugins/com.st.stm32cube.ide.mcu.externaltools.gnu-tools-for-stm32.9-2020-q2-update.win32_1.5.0.202011040924/tools/bin/../lib/gcc/arm-none-eabi/9.3.1/../../../../arm-none-eabi/lib/thumb/v7e-m+fp/hard\libc_nano.a(lib_a-errno.o)
                0x000000000800dcb4                __errno
 .text.__libc_init_array
                0x000000000800dcc0       0x48 c:/st/stm32cubeide_1.6.1/stm32cubeide/plugins/com.st.stm32cube.ide.mcu.externaltools.gnu-tools-for-stm32.9-2020-q2-update.win32_1.5.0.202011040924/tools/bin/../lib/gcc/arm-none-eabi/9.3.1/../../../../arm-none-eabi/lib/thumb/v7e-m+fp/hard\libc_nano.a(lib_a-init.o)
                0x000000000800dcc0                __libc_init_array
 .text.__itoa   0x000000000800dd08       0x30 c:/st/stm32cubeide_1.6.1/stm32cubeide/plugins/com.st.stm32cube.ide.mcu.externaltools.gnu-tools-for-stm32.9-2020-q2-update.win32_1.5.0.202011040924/tools/bin/../lib/gcc/arm-none-eabi/9.3.1/../../../../arm-none-eabi/lib/thumb/v7e-m+fp/hard\libc_nano.a(lib_a-itoa.o)
                0x000000000800dd08                __itoa
 .text.itoa     0x000000000800dd38        0x4 c:/st/stm32cubeide_1.6.1/stm32cubeide/plugins/com.st.stm32cube.ide.mcu.externaltools.gnu-tools-for-stm32.9-2020-q2-update.win32_1.5.0.202011040924/tools/bin/../lib/gcc/arm-none-eabi/9.3.1/../../../../arm-none-eabi/lib/thumb/v7e-m+fp/hard\libc_nano.a(lib_a-itoa.o)
                0x000000000800dd38                itoa
 .text.malloc   0x000000000800dd3c       0x10 c:/st/stm32cubeide_1.6.1/stm32cubeide/plugins/com.st.stm32cube.ide.mcu.externaltools.gnu-tools-for-stm32.9-2020-q2-update.win32_1.5.0.202011040924/tools/bin/../lib/gcc/arm-none-eabi/9.3.1/../../../../arm-none-eabi/lib/thumb/v7e-m+fp/hard\libc_nano.a(lib_a-malloc.o)
                0x000000000800dd3c                malloc
 .text.free     0x000000000800dd4c       0x10 c:/st/stm32cubeide_1.6.1/stm32cubeide/plugins/com.st.stm32cube.ide.mcu.externaltools.gnu-tools-for-stm32.9-2020-q2-update.win32_1.5.0.202011040924/tools/bin/../lib/gcc/arm-none-eabi/9.3.1/../../../../arm-none-eabi/lib/thumb/v7e-m+fp/hard\libc_nano.a(lib_a-malloc.o)
                0x000000000800dd4c                free
 .text.memcpy   0x000000000800dd5c       0x1c c:/st/stm32cubeide_1.6.1/stm32cubeide/plugins/com.st.stm32cube.ide.mcu.externaltools.gnu-tools-for-stm32.9-2020-q2-update.win32_1.5.0.202011040924/tools/bin/../lib/gcc/arm-none-eabi/9.3.1/../../../../arm-none-eabi/lib/thumb/v7e-m+fp/hard\libc_nano.a(lib_a-memcpy-stub.o)
                0x000000000800dd5c                memcpy
 .text.memset   0x000000000800dd78       0x10 c:/st/stm32cubeide_1.6.1/stm32cubeide/plugins/com.st.stm32cube.ide.mcu.externaltools.gnu-tools-for-stm32.9-2020-q2-update.win32_1.5.0.202011040924/tools/bin/../lib/gcc/arm-none-eabi/9.3.1/../../../../arm-none-eabi/lib/thumb/v7e-m+fp/hard\libc_nano.a(lib_a-memset.o)
                0x000000000800dd78                memset
 .text._free_r  0x000000000800dd88       0xa0 c:/st/stm32cubeide_1.6.1/stm32cubeide/plugins/com.st.stm32cube.ide.mcu.externaltools.gnu-tools-for-stm32.9-2020-q2-update.win32_1.5.0.202011040924/tools/bin/../lib/gcc/arm-none-eabi/9.3.1/../../../../arm-none-eabi/lib/thumb/v7e-m+fp/hard\libc_nano.a(lib_a-nano-freer.o)
                0x000000000800dd88                _free_r
 .text._malloc_r
                0x000000000800de28       0xb4 c:/st/stm32cubeide_1.6.1/stm32cubeide/plugins/com.st.stm32cube.ide.mcu.externaltools.gnu-tools-for-stm32.9-2020-q2-update.win32_1.5.0.202011040924/tools/bin/../lib/gcc/arm-none-eabi/9.3.1/../../../../arm-none-eabi/lib/thumb/v7e-m+fp/hard\libc_nano.a(lib_a-nano-mallocr.o)
                0x000000000800de28                _malloc_r
 .text._sbrk_r  0x000000000800dedc       0x20 c:/st/stm32cubeide_1.6.1/stm32cubeide/plugins/com.st.stm32cube.ide.mcu.externaltools.gnu-tools-for-stm32.9-2020-q2-update.win32_1.5.0.202011040924/tools/bin/../lib/gcc/arm-none-eabi/9.3.1/../../../../arm-none-eabi/lib/thumb/v7e-m+fp/hard\libc_nano.a(lib_a-sbrkr.o)
                0x000000000800dedc                _sbrk_r
 .text.sprintf  0x000000000800defc       0x40 c:/st/stm32cubeide_1.6.1/stm32cubeide/plugins/com.st.stm32cube.ide.mcu.externaltools.gnu-tools-for-stm32.9-2020-q2-update.win32_1.5.0.202011040924/tools/bin/../lib/gcc/arm-none-eabi/9.3.1/../../../../arm-none-eabi/lib/thumb/v7e-m+fp/hard\libc_nano.a(lib_a-sprintf.o)
                0x000000000800defc                siprintf
                0x000000000800defc                sprintf
 .text.strncpy  0x000000000800df3c       0x26 c:/st/stm32cubeide_1.6.1/stm32cubeide/plugins/com.st.stm32cube.ide.mcu.externaltools.gnu-tools-for-stm32.9-2020-q2-update.win32_1.5.0.202011040924/tools/bin/../lib/gcc/arm-none-eabi/9.3.1/../../../../arm-none-eabi/lib/thumb/v7e-m+fp/hard\libc_nano.a(lib_a-strncpy.o)
                0x000000000800df3c                strncpy
 *fill*         0x000000000800df62        0x2 
 .text._strtol_l.isra.0
                0x000000000800df64      0x108 c:/st/stm32cubeide_1.6.1/stm32cubeide/plugins/com.st.stm32cube.ide.mcu.externaltools.gnu-tools-for-stm32.9-2020-q2-update.win32_1.5.0.202011040924/tools/bin/../lib/gcc/arm-none-eabi/9.3.1/../../../../arm-none-eabi/lib/thumb/v7e-m+fp/hard\libc_nano.a(lib_a-strtol.o)
 .text.strtol   0x000000000800e06c       0x14 c:/st/stm32cubeide_1.6.1/stm32cubeide/plugins/com.st.stm32cube.ide.mcu.externaltools.gnu-tools-for-stm32.9-2020-q2-update.win32_1.5.0.202011040924/tools/bin/../lib/gcc/arm-none-eabi/9.3.1/../../../../arm-none-eabi/lib/thumb/v7e-m+fp/hard\libc_nano.a(lib_a-strtol.o)
                0x000000000800e06c                strtol
 .text.__utoa   0x000000000800e080       0x84 c:/st/stm32cubeide_1.6.1/stm32cubeide/plugins/com.st.stm32cube.ide.mcu.externaltools.gnu-tools-for-stm32.9-2020-q2-update.win32_1.5.0.202011040924/tools/bin/../lib/gcc/arm-none-eabi/9.3.1/../../../../arm-none-eabi/lib/thumb/v7e-m+fp/hard\libc_nano.a(lib_a-utoa.o)
                0x000000000800e080                __utoa
 .text.utoa     0x000000000800e104        0x4 c:/st/stm32cubeide_1.6.1/stm32cubeide/plugins/com.st.stm32cube.ide.mcu.externaltools.gnu-tools-for-stm32.9-2020-q2-update.win32_1.5.0.202011040924/tools/bin/../lib/gcc/arm-none-eabi/9.3.1/../../../../arm-none-eabi/lib/thumb/v7e-m+fp/hard\libc_nano.a(lib_a-utoa.o)
                0x000000000800e104                utoa
 .text._vsnprintf_r
                0x000000000800e108       0x58 c:/st/stm32cubeide_1.6.1/stm32cubeide/plugins/com.st.stm32cube.ide.mcu.externaltools.gnu-tools-for-stm32.9-2020-q2-update.win32_1.5.0.202011040924/tools/bin/../lib/gcc/arm-none-eabi/9.3.1/../../../../arm-none-eabi/lib/thumb/v7e-m+fp/hard\libc_nano.a(lib_a-vsnprintf.o)
                0x000000000800e108                _vsniprintf_r
                0x000000000800e108                _vsnprintf_r
 .text.vsnprintf
                0x000000000800e160       0x1c c:/st/stm32cubeide_1.6.1/stm32cubeide/plugins/com.st.stm32cube.ide.mcu.externaltools.gnu-tools-for-stm32.9-2020-q2-update.win32_1.5.0.202011040924/tools/bin/../lib/gcc/arm-none-eabi/9.3.1/../../../../arm-none-eabi/lib/thumb/v7e-m+fp/hard\libc_nano.a(lib_a-vsnprintf.o)
                0x000000000800e160                vsniprintf
                0x000000000800e160                vsnprintf
 .text.__malloc_lock
                0x000000000800e17c        0xc c:/st/stm32cubeide_1.6.1/stm32cubeide/plugins/com.st.stm32cube.ide.mcu.externaltools.gnu-tools-for-stm32.9-2020-q2-update.win32_1.5.0.202011040924/tools/bin/../lib/gcc/arm-none-eabi/9.3.1/../../../../arm-none-eabi/lib/thumb/v7e-m+fp/hard\libc_nano.a(lib_a-mlock.o)
                0x000000000800e17c                __malloc_lock
 .text.__malloc_unlock
                0x000000000800e188        0xc c:/st/stm32cubeide_1.6.1/stm32cubeide/plugins/com.st.stm32cube.ide.mcu.externaltools.gnu-tools-for-stm32.9-2020-q2-update.win32_1.5.0.202011040924/tools/bin/../lib/gcc/arm-none-eabi/9.3.1/../../../../arm-none-eabi/lib/thumb/v7e-m+fp/hard\libc_nano.a(lib_a-mlock.o)
                0x000000000800e188                __malloc_unlock
 .text.__ssputs_r
                0x000000000800e194       0xb6 c:/st/stm32cubeide_1.6.1/stm32cubeide/plugins/com.st.stm32cube.ide.mcu.externaltools.gnu-tools-for-stm32.9-2020-q2-update.win32_1.5.0.202011040924/tools/bin/../lib/gcc/arm-none-eabi/9.3.1/../../../../arm-none-eabi/lib/thumb/v7e-m+fp/hard\libc_nano.a(lib_a-nano-svfprintf.o)
                0x000000000800e194                __ssputs_r
 *fill*         0x000000000800e24a        0x2 
 .text._svfprintf_r
                0x000000000800e24c      0x200 c:/st/stm32cubeide_1.6.1/stm32cubeide/plugins/com.st.stm32cube.ide.mcu.externaltools.gnu-tools-for-stm32.9-2020-q2-update.win32_1.5.0.202011040924/tools/bin/../lib/gcc/arm-none-eabi/9.3.1/../../../../arm-none-eabi/lib/thumb/v7e-m+fp/hard\libc_nano.a(lib_a-nano-svfprintf.o)
                0x000000000800e24c                _svfiprintf_r
                0x000000000800e24c                _svfprintf_r
 .text._printf_common
                0x000000000800e44c       0xda c:/st/stm32cubeide_1.6.1/stm32cubeide/plugins/com.st.stm32cube.ide.mcu.externaltools.gnu-tools-for-stm32.9-2020-q2-update.win32_1.5.0.202011040924/tools/bin/../lib/gcc/arm-none-eabi/9.3.1/../../../../arm-none-eabi/lib/thumb/v7e-m+fp/hard\libc_nano.a(lib_a-nano-vfprintf_i.o)
                0x000000000800e44c                _printf_common
 *fill*         0x000000000800e526        0x2 
 .text._printf_i
                0x000000000800e528      0x24c c:/st/stm32cubeide_1.6.1/stm32cubeide/plugins/com.st.stm32cube.ide.mcu.externaltools.gnu-tools-for-stm32.9-2020-q2-update.win32_1.5.0.202011040924/tools/bin/../lib/gcc/arm-none-eabi/9.3.1/../../../../arm-none-eabi/lib/thumb/v7e-m+fp/hard\libc_nano.a(lib_a-nano-vfprintf_i.o)
                0x000000000800e528                _printf_i
 .text.__retarget_lock_acquire_recursive
                0x000000000800e774        0x2 c:/st/stm32cubeide_1.6.1/stm32cubeide/plugins/com.st.stm32cube.ide.mcu.externaltools.gnu-tools-for-stm32.9-2020-q2-update.win32_1.5.0.202011040924/tools/bin/../lib/gcc/arm-none-eabi/9.3.1/../../../../arm-none-eabi/lib/thumb/v7e-m+fp/hard\libc_nano.a(lib_a-lock.o)
                0x000000000800e774                __retarget_lock_acquire_recursive
 .text.__retarget_lock_release_recursive
                0x000000000800e776        0x2 c:/st/stm32cubeide_1.6.1/stm32cubeide/plugins/com.st.stm32cube.ide.mcu.externaltools.gnu-tools-for-stm32.9-2020-q2-update.win32_1.5.0.202011040924/tools/bin/../lib/gcc/arm-none-eabi/9.3.1/../../../../arm-none-eabi/lib/thumb/v7e-m+fp/hard\libc_nano.a(lib_a-lock.o)
                0x000000000800e776                __retarget_lock_release_recursive
 .text.memmove  0x000000000800e778       0x34 c:/st/stm32cubeide_1.6.1/stm32cubeide/plugins/com.st.stm32cube.ide.mcu.externaltools.gnu-tools-for-stm32.9-2020-q2-update.win32_1.5.0.202011040924/tools/bin/../lib/gcc/arm-none-eabi/9.3.1/../../../../arm-none-eabi/lib/thumb/v7e-m+fp/hard\libc_nano.a(lib_a-memmove.o)
                0x000000000800e778                memmove
 .text._realloc_r
                0x000000000800e7ac       0x4c c:/st/stm32cubeide_1.6.1/stm32cubeide/plugins/com.st.stm32cube.ide.mcu.externaltools.gnu-tools-for-stm32.9-2020-q2-update.win32_1.5.0.202011040924/tools/bin/../lib/gcc/arm-none-eabi/9.3.1/../../../../arm-none-eabi/lib/thumb/v7e-m+fp/hard\libc_nano.a(lib_a-nano-reallocr.o)
                0x000000000800e7ac                _realloc_r
 .text._malloc_usable_size_r
                0x000000000800e7f8       0x10 c:/st/stm32cubeide_1.6.1/stm32cubeide/plugins/com.st.stm32cube.ide.mcu.externaltools.gnu-tools-for-stm32.9-2020-q2-update.win32_1.5.0.202011040924/tools/bin/../lib/gcc/arm-none-eabi/9.3.1/../../../../arm-none-eabi/lib/thumb/v7e-m+fp/hard\libc_nano.a(lib_a-nano-msizer.o)
                0x000000000800e7f8                _malloc_usable_size_r
 *(.glue_7)
 .glue_7        0x000000000800e808        0x0 linker stubs
 *(.glue_7t)
 .glue_7t       0x000000000800e808        0x0 linker stubs
 *(.eh_frame)
 .eh_frame      0x000000000800e808        0x0 c:/st/stm32cubeide_1.6.1/stm32cubeide/plugins/com.st.stm32cube.ide.mcu.externaltools.gnu-tools-for-stm32.9-2020-q2-update.win32_1.5.0.202011040924/tools/bin/../lib/gcc/arm-none-eabi/9.3.1/thumb/v7e-m+fp/hard/crtbegin.o
 *(.init)
 .init          0x000000000800e808        0x4 c:/st/stm32cubeide_1.6.1/stm32cubeide/plugins/com.st.stm32cube.ide.mcu.externaltools.gnu-tools-for-stm32.9-2020-q2-update.win32_1.5.0.202011040924/tools/bin/../lib/gcc/arm-none-eabi/9.3.1/thumb/v7e-m+fp/hard/crti.o
                0x000000000800e808                _init
 .init          0x000000000800e80c        0x8 c:/st/stm32cubeide_1.6.1/stm32cubeide/plugins/com.st.stm32cube.ide.mcu.externaltools.gnu-tools-for-stm32.9-2020-q2-update.win32_1.5.0.202011040924/tools/bin/../lib/gcc/arm-none-eabi/9.3.1/thumb/v7e-m+fp/hard/crtn.o
 *(.fini)
 .fini          0x000000000800e814        0x4 c:/st/stm32cubeide_1.6.1/stm32cubeide/plugins/com.st.stm32cube.ide.mcu.externaltools.gnu-tools-for-stm32.9-2020-q2-update.win32_1.5.0.202011040924/tools/bin/../lib/gcc/arm-none-eabi/9.3.1/thumb/v7e-m+fp/hard/crti.o
                0x000000000800e814                _fini