BASIC_LOGIC.h:16:24:digitalWrite	24	static
BASIC_LOGIC.h:21:27:digitalRead	16	static
soft_i2c.c:15:6:softI2C_init	56	static
soft_i2c.c:35:6:pinMode	48	static
soft_i2c.c:56:6:pinOutput	24	static
soft_i2c.c:64:6:pinOnPulse	16	static
soft_i2c.c:74:9:getPinState	16	static
soft_i2c.c:82:6:SW_I2C_initial_port	16	static
soft_i2c.c:91:6:SW_I2C_start_condition	16	static
soft_i2c.c:104:6:SW_I2C_stop_condition	16	static
soft_i2c.c:116:16:SW_I2C_check_ack	32	static
soft_i2c.c:144:6:SW_I2C_check_not_ack	16	static
soft_i2c.c:155:6:SW_I2C_check_not_ack_continue	16	static
soft_i2c.c:162:6:SW_I2C_slave_address	24	static
soft_i2c.c:177:6:SW_I2C_register_address	24	static
soft_i2c.c:188:6:SW_I2C_send_ack	16	static
soft_i2c.c:219:6:SW_I2C_Write_Data	24	static
soft_i2c.c:234:9:SW_I2C_Read_Data	24	static
soft_i2c.c:255:16:SW_I2C_WriteControl_8Bit	24	static
soft_i2c.c:291:9:SW_I2C_WriteControl_8Bit_OnlyRegAddr	24	static
soft_i2c.c:314:9:SW_I2C_WriteControl_16Bit	24	static
soft_i2c.c:357:9:SW_I2C_ReadControl_8Bit_OnlyRegAddr	24	static
soft_i2c.c:384:9:SW_I2C_ReadControl_8Bit_OnlyData	24	static
soft_i2c.c:406:10:SW_I2C_ReadControl_16Bit_OnlyData	24	static
soft_i2c.c:434:9:SW_I2C_ReadControl_8Bit	24	static
soft_i2c.c:466:10:SW_I2C_ReadControl_16Bit	24	static
soft_i2c.c:502:9:SW_I2C_ReadnControl_8Bit	24	static
soft_i2c.c:540:9:SW_I2C_Multi_ReadnControl_8Bit	24	static
soft_i2c.c:580:9:SW_I2C_Check_SlaveAddr	24	static
soft_i2c.c:595:9:SW_I2C_UTIL_WRITE	16	static
soft_i2c.c:601:9:SW_I2C_UTIL_Read	16	static
soft_i2c.c:607:9:SW_I2C_UTIL_Read_Multi	16	static
