sensirion_voc_algorithm.c:47:27:fix16_from_int	16	static
sensirion_voc_algorithm.c:51:27:fix16_cast_to_int	16	static
sensirion_voc_algorithm.c:67:16:fix16_mul	64	static
sensirion_voc_algorithm.c:121:16:fix16_div	40	static
sensirion_voc_algorithm.c:190:16:fix16_sqrt	32	static
sensirion_voc_algorithm.c:247:16:fix16_exp	32	static
sensirion_voc_algorithm.c:330:6:VocAlgorithm_init	16	static
sensirion_voc_algorithm.c:344:13:VocAlgorithm__init_instances	24	static
sensirion_voc_algorithm.c:361:6:VocAlgorithm_get_states	24	static
sensirion_voc_algorithm.c:369:6:VocAlgorithm_set_states	24	static
sensirion_voc_algorithm.c:377:6:VocAlgorithm_set_tuning_parameters	24	static
sensirion_voc_algorithm.c:391:6:VocAlgorithm_process	32	static
sensirion_voc_algorithm.c:428:1:VocAlgorithm__mean_variance_estimator__init	16	static
sensirion_voc_algorithm.c:435:13:VocAlgorithm__mean_variance_estimator___init_instances	16	static
sensirion_voc_algorithm.c:441:13:VocAlgorithm__mean_variance_estimator__set_parameters	24	static
sensirion_voc_algorithm.c:472:1:VocAlgorithm__mean_variance_estimator__set_states	24	static
sensirion_voc_algorithm.c:483:1:VocAlgorithm__mean_variance_estimator__get_std	16	static
sensirion_voc_algorithm.c:489:1:VocAlgorithm__mean_variance_estimator__get_mean	16	static
sensirion_voc_algorithm.c:495:13:VocAlgorithm__mean_variance_estimator___calculate_gamma	64	static
sensirion_voc_algorithm.c:589:13:VocAlgorithm__mean_variance_estimator__process	56	static
sensirion_voc_algorithm.c:650:13:VocAlgorithm__mean_variance_estimator___sigmoid__init	16	static
sensirion_voc_algorithm.c:657:13:VocAlgorithm__mean_variance_estimator___sigmoid__set_parameters	24	static
sensirion_voc_algorithm.c:665:16:VocAlgorithm__mean_variance_estimator___sigmoid__process	32	static
sensirion_voc_algorithm.c:682:13:VocAlgorithm__mox_model__init	16	static
sensirion_voc_algorithm.c:687:13:VocAlgorithm__mox_model__set_parameters	24	static
sensirion_voc_algorithm.c:695:16:VocAlgorithm__mox_model__process	16	static
sensirion_voc_algorithm.c:704:13:VocAlgorithm__sigmoid_scaled__init	16	static
sensirion_voc_algorithm.c:710:1:VocAlgorithm__sigmoid_scaled__set_parameters	16	static
sensirion_voc_algorithm.c:716:16:VocAlgorithm__sigmoid_scaled__process	32	static
sensirion_voc_algorithm.c:747:13:VocAlgorithm__adaptive_lowpass__init	16	static
sensirion_voc_algorithm.c:753:1:VocAlgorithm__adaptive_lowpass__set_parameters	16	static
sensirion_voc_algorithm.c:765:1:VocAlgorithm__adaptive_lowpass__process	40	static
