usbd_cdc_if.c:172:9:USBD_CDC_ClearBuffer	16	static
usbd_cdc_if.c:203:15:CDC_Init_FS	8	static
usbd_cdc_if.c:222:15:CDC_DeInit_FS	4	static
usbd_cdc_if.c:236:15:CDC_Control_FS	16	static
usbd_cdc_if.c:334:15:CDC_Receive_FS	16	static
usbd_cdc_if.c:370:9:CDC_Transmit_FS	24	static
usbd_cdc_if.c:390:6:CDC_connected	16	static
usbd_cdc_if.c:402:6:CDC_continue_transmit	24	static
usbd_cdc_if.c:430:6:CDC_resume_receive	16	static
usbd_cdc_if.c:449:8:CDC_init	8	static
usbd_cdc_if.c:454:8:CDC_DeInit	8	static
usbd_cdc_if.c:459:8:USBD_CDC_Transferred	8	static
