SerialUSB.c:21:13:SerialUSB_begin	8	static
SerialUSB.c:26:13:SerialUSB_end	8	static
SerialUSB.c:31:12:SerialUSB_availableForWrite	8	static
SerialUSB.c:36:15:SerialUSB_write	16	static
SerialUSB.c:41:15:SerialUSB_puts	24	static
SerialUSB.c:66:12:SerialUSB_available	8	static
SerialUSB.c:71:12:SerialUSB_read	16	static
SerialUSB.c:81:15:SerialUSB_readbytes	32	static
SerialUSB.c:98:15:SerialUSB_readBytesUntil	48	static
SerialUSB.c:119:12:SerialUSB_peek	8	static
SerialUSB.c:125:13:SerialUSB_flush	8	static
