SerialUSB.c:24:13:SerialUSB_begin	8	static
SerialUSB.c:29:13:SerialUSB_end	8	static
SerialUSB.c:34:12:SerialUSB_availableForWrite	8	static
SerialUSB.c:39:15:SerialUSB_write	16	static
SerialUSB.c:44:15:SerialUSB_puts	24	static
SerialUSB.c:69:12:SerialUSB_available	8	static
SerialUSB.c:74:12:SerialUSB_read	16	static
SerialUSB.c:84:15:SerialUSB_readbytes	32	static
SerialUSB.c:101:15:SerialUSB_readBytesUntil	48	static
SerialUSB.c:122:12:SerialUSB_peek	8	static
SerialUSB.c:128:13:SerialUSB_flush	8	static
SerialUSB.c:137:15:SerialUSB_print	272	static
