HALSerial.c:32:13:Serial1_begin	16	static
HALSerial.c:45:13:Serial1_setTimeout	16	static
HALSerial.c:50:13:Serial1_end	8	static
HALSerial.c:51:12:Serial1_available	8	static
HALSerial.c:52:12:Serial1_peek	8	static
HALSerial.c:53:12:Serial1_availableForWrite	8	static
HALSerial.c:54:13:Serial1_flush	8	static
HALSerial.c:55:15:Serial1_write	16	static
HALSerial.c:56:15:Serial1_puts	16	static
HALSerial.c:57:12:Serial1_read	8	static
HALSerial.c:58:15:Serial1_readUntil	24	static
HALSerial.c:59:12:Serial1_readTimeout	8	static
HALSerial.c:60:15:Serial1_gets	16	static
HALSerial.c:62:15:Serial1_print	16	static
HALSerial.c:104:6:HAL_UART_RxCpltCallback	16	static
HALSerial.c:121:6:HAL_UART_TxCpltCallback	16	static
HALSerial.c:130:6:HALSerial__construct	16	static
HALSerial.c:142:13:HALSerial__rx_complete_irq	24	static
HALSerial.c:155:13:HALSerial__tx_complete_irq	24	static
HALSerial.c:170:6:HALSerial_begin	16	static
HALSerial.c:177:6:HALSerial_end	16	static
HALSerial.c:185:27:HALSerial_available	16	static
HALSerial.c:190:27:HALSerial_peek	16	static
HALSerial.c:202:27:HALSerial_read	24	static
HALSerial.c:217:27:HALSerial_availableForWrite	24	static
HALSerial.c:232:28:HALSerial_flush	24	static
HALSerial.c:246:30:HALSerial_writeByte	24	static
HALSerial.c:276:8:HALSerial_write	32	static
HALSerial.c:295:15:HALSerial_millis	16	static
HALSerial.c:299:15:HALSerial_delay	16	static
HALSerial.c:304:5:HALSerial_timedRead	24	static
HALSerial.c:323:8:HALSerial_readBytes	32	static
HALSerial.c:341:8:HALSerial_readBytesUntil	32	static
