HALSerial.c:32:13:Serial1_begin	16	static
HALSerial.c:45:13:Serial1_setTimeout	16	static
HALSerial.c:50:13:Serial1_end	8	static
HALSerial.c:51:12:Serial1_available	8	static
HALSerial.c:52:12:Serial1_peek	8	static
HALSerial.c:53:12:Serial1_availableForWrite	8	static
HALSerial.c:54:13:Serial1_flush	8	static
HALSerial.c:55:15:Serial1_write	16	static
HALSerial.c:56:15:Serial1_puts	16	static
HALSerial.c:57:12:Serial1_read	8	static
HALSerial.c:58:15:Serial1_readUntil	24	static
HALSerial.c:59:12:Serial1_readTimeout	8	static
HALSerial.c:60:15:Serial1_gets	16	static
HALSerial.c:62:15:Serial1_readbytes	16	static
HALSerial.c:69:15:Serial1_print	16	static
HALSerial.c:113:6:HAL_UART_RxCpltCallback	16	static
HALSerial.c:130:6:HAL_UART_TxCpltCallback	16	static
HALSerial.c:139:6:HALSerial__construct	16	static
HALSerial.c:151:13:HALSerial__rx_complete_irq	24	static
HALSerial.c:164:13:HALSerial__tx_complete_irq	24	static
HALSerial.c:179:6:HALSerial_begin	16	static
HALSerial.c:186:6:HALSerial_end	16	static
HALSerial.c:194:27:HALSerial_available	16	static
HALSerial.c:199:27:HALSerial_peek	16	static
HALSerial.c:211:27:HALSerial_read	24	static
HALSerial.c:226:27:HALSerial_availableForWrite	24	static
HALSerial.c:241:28:HALSerial_flush	24	static
HALSerial.c:255:30:HALSerial_writeByte	24	static
HALSerial.c:285:8:HALSerial_write	32	static
HALSerial.c:304:15:HALSerial_millis	16	static
HALSerial.c:308:15:HALSerial_delay	16	static
HALSerial.c:313:5:HALSerial_timedRead	24	static
HALSerial.c:332:8:HALSerial_readBytes	32	static
HALSerial.c:350:8:HALSerial_readBytesUntil	32	static
