HALSerial.c:32:13:Serial4_begin	16	static
HALSerial.c:45:13:Serial4_setTimeout	16	static
HALSerial.c:50:13:Serial4_end	8	static
HALSerial.c:51:12:Serial4_available	8	static
HALSerial.c:52:12:Serial4_peek	8	static
HALSerial.c:53:12:Serial4_availableForWrite	8	static
HALSerial.c:54:13:Serial4_flush	8	static
HALSerial.c:55:15:Serial4_write	16	static
HALSerial.c:56:15:Serial4_puts	16	static
HALSerial.c:57:12:Serial4_read	8	static
HALSerial.c:58:15:Serial4_readUntil	24	static
HALSerial.c:59:12:Serial4_readTimeout	8	static
HALSerial.c:60:15:Serial4_gets	16	static
HALSerial.c:62:15:Serial4_print	16	static
HALSerial.c:106:6:HAL_UART_RxCpltCallback	16	static
HALSerial.c:117:6:HAL_UART_TxCpltCallback	16	static
HALSerial.c:124:6:HALSerial__construct	16	static
HALSerial.c:136:13:HALSerial__rx_complete_irq	24	static
HALSerial.c:149:13:HALSerial__tx_complete_irq	24	static
HALSerial.c:164:6:HALSerial_begin	16	static
HALSerial.c:171:6:HALSerial_end	16	static
HALSerial.c:179:27:HALSerial_available	16	static
HALSerial.c:184:27:HALSerial_peek	16	static
HALSerial.c:196:27:HALSerial_read	24	static
HALSerial.c:211:27:HALSerial_availableForWrite	24	static
HALSerial.c:226:28:HALSerial_flush	24	static
HALSerial.c:240:30:HALSerial_writeByte	24	static
HALSerial.c:270:8:HALSerial_write	32	static
HALSerial.c:289:15:HALSerial_millis	16	static
HALSerial.c:293:15:HALSerial_delay	16	static
HALSerial.c:298:5:HALSerial_timedRead	24	static
HALSerial.c:317:8:HALSerial_readBytes	32	static
HALSerial.c:335:8:HALSerial_readBytesUntil	32	static
